     VMA      LMA     Size Align Out     In      Symbol
       0        0 80200000     1 . = 0x80200000
80200000        0        0     1 __kernel_base = .
80200000 80200000     18da     4 .text
80200000 80200000        e     2         /tmp/kernel-541a69.o:(.text.boot)
80200000 80200000        0     1                 
80200000 80200000        0     1                 
80200000 80200000        0     1                 
80200000 80200000        0     1                 
80200000 80200000        e     1                 boot
8020000e 8020000e        0     1                 
8020000e 8020000e        0     1                 
80200010 80200010     1640     4         /tmp/kernel-541a69.o:(.text)
80200010 80200010        0     1                 
80200010 80200010        0     1                 
80200010 80200010        0     1                 
80200010 80200010       1a     1                 virtq_is_busy
80200016 80200016        0     1                 
80200018 80200018        0     1                 
8020001a 8020001a        0     1                 
8020001e 8020001e        0     1                 
80200022 80200022        0     1                 
80200028 80200028        0     1                 
8020002a 8020002a        0     1                 
8020002a 8020002a        0     1                 
8020002a 8020002a        0     1                 
8020002a 8020002a        0     1                 
8020002a 8020002a        0     1                 
8020002a 8020002a       50     1                 fs_lookup
8020002c 8020002c        0     1                 
80200032 80200032        0     1                 
80200040 80200040        0     1                 
80200040 80200040        0     1                 
8020004a 8020004a        0     1                 
8020004a 8020004a        0     1                 
80200050 80200050        0     1                 
8020005a 8020005a        0     1                 
80200060 80200060        0     1                 
8020006a 8020006a        0     1                 
80200070 80200070        0     1                 
80200070 80200070        0     1                 
8020007a 8020007a        0     1                 
8020007a 8020007a        0     1                 
8020007a 8020007a        0     1                 
8020007a 8020007a        0     1                 
8020007a 8020007a        0     1                 
8020007a 8020007a       2c     1                 oct2int
8020007c 8020007c        0     1                 
8020007c 8020007c        0     1                 
80200080 80200080        0     1                 
80200084 80200084        0     1                 
80200088 80200088        0     1                 
80200094 80200094        0     1                 
80200096 80200096        0     1                 
80200098 80200098        0     1                 
8020009c 8020009c        0     1                 
802000a0 802000a0        0     1                 
802000a2 802000a2        0     1                 
802000a2 802000a2        0     1                 
802000a6 802000a6        0     1                 
802000a6 802000a6        0     1                 
802000a6 802000a6        0     1                 
802000a6 802000a6        0     1                 
802000a6 802000a6        0     1                 
802000a6 802000a6      286     1                 fs_init
802000a8 802000a8        0     1                 
802000a8 802000a8        0     1                 
802000a8 802000a8        0     1                 
802000c2 802000c2        0     1                 
802000ca 802000ca        0     1                 
802000d8 802000d8        0     1                 
802000d8 802000d8        0     1                 
802000dc 802000dc        0     1                 
802000ea 802000ea        0     1                 
802000ea 802000ea        0     1                 
802000ee 802000ee        0     1                 
802000fc 802000fc        0     1                 
802000fc 802000fc        0     1                 
80200100 80200100        0     1                 
8020010c 8020010c        0     1                 
8020010c 8020010c        0     1                 
80200110 80200110        0     1                 
8020011c 8020011c        0     1                 
8020011c 8020011c        0     1                 
8020013e 8020013e        0     1                 
80200140 80200140        0     1                 
8020014e 8020014e        0     1                 
80200152 80200152        0     1                 
80200156 80200156        0     1                 
80200162 80200162        0     1                 
80200162 80200162        0     1                 
80200166 80200166        0     1                 
8020016a 8020016a        0     1                 
80200174 80200174        0     1                 
80200174 80200174        0     1                 
80200178 80200178        0     1                 
80200186 80200186        0     1                 
80200186 80200186        0     1                 
8020018e 8020018e        0     1                 
80200192 80200192        0     1                 
80200194 80200194        0     1                 
80200196 80200196        0     1                 
8020019a 8020019a        0     1                 
8020019e 8020019e        0     1                 
802001a2 802001a2        0     1                 
802001a6 802001a6        0     1                 
802001aa 802001aa        0     1                 
802001b6 802001b6        0     1                 
802001b6 802001b6        0     1                 
802001ba 802001ba        0     1                 
802001ba 802001ba        0     1                 
802001be 802001be        0     1                 
802001ca 802001ca        0     1                 
802001ce 802001ce        0     1                 
802001d6 802001d6        0     1                 
802001da 802001da        0     1                 
802001de 802001de        0     1                 
802001e2 802001e2        0     1                 
802001e6 802001e6        0     1                 
802001e8 802001e8        0     1                 
802001f0 802001f0        0     1                 
802001f4 802001f4        0     1                 
802001f8 802001f8        0     1                 
802001fc 802001fc        0     1                 
80200200 80200200        0     1                 
80200202 80200202        0     1                 
8020020a 8020020a        0     1                 
8020020e 8020020e        0     1                 
80200212 80200212        0     1                 
80200216 80200216        0     1                 
8020021a 8020021a        0     1                 
8020021c 8020021c        0     1                 
80200224 80200224        0     1                 
80200228 80200228        0     1                 
8020022c 8020022c        0     1                 
80200230 80200230        0     1                 
80200234 80200234        0     1                 
80200236 80200236        0     1                 
8020023e 8020023e        0     1                 
80200242 80200242        0     1                 
80200246 80200246        0     1                 
8020024a 8020024a        0     1                 
8020024e 8020024e        0     1                 
80200250 80200250        0     1                 
80200258 80200258        0     1                 
8020025c 8020025c        0     1                 
80200260 80200260        0     1                 
80200264 80200264        0     1                 
80200268 80200268        0     1                 
8020026a 8020026a        0     1                 
80200272 80200272        0     1                 
80200276 80200276        0     1                 
8020027a 8020027a        0     1                 
8020027e 8020027e        0     1                 
80200282 80200282        0     1                 
80200284 80200284        0     1                 
8020028c 8020028c        0     1                 
80200290 80200290        0     1                 
80200294 80200294        0     1                 
80200298 80200298        0     1                 
8020029c 8020029c        0     1                 
8020029e 8020029e        0     1                 
802002a6 802002a6        0     1                 
802002aa 802002aa        0     1                 
802002ae 802002ae        0     1                 
802002b2 802002b2        0     1                 
802002b6 802002b6        0     1                 
802002b8 802002b8        0     1                 
802002c0 802002c0        0     1                 
802002c4 802002c4        0     1                 
802002c8 802002c8        0     1                 
802002cc 802002cc        0     1                 
802002d0 802002d0        0     1                 
802002d2 802002d2        0     1                 
802002da 802002da        0     1                 
802002de 802002de        0     1                 
802002e2 802002e2        0     1                 
802002e6 802002e6        0     1                 
802002e8 802002e8        0     1                 
802002ec 802002ec        0     1                 
802002ee 802002ee        0     1                 
802002ee 802002ee        0     1                 
8020030c 8020030c        0     1                 
8020032a 8020032a        0     1                 
8020032c 8020032c        0     1                 
8020032c 8020032c        0     1                 
8020032c 8020032c        0     1                 
8020032c 8020032c        0     1                 
8020032c 8020032c        0     1                 
8020032c 8020032c      19c     1                 read_write_disk
8020032e 8020032e        0     1                 
80200336 80200336        0     1                 
8020033a 8020033a        0     1                 
80200344 80200344        0     1                 
80200348 80200348        0     1                 
80200358 80200358        0     1                 
8020035a 8020035a        0     1                 
8020035e 8020035e        0     1                 
80200360 80200360        0     1                 
80200374 80200374        0     1                 
8020037c 8020037c        0     1                 
80200380 80200380        0     1                 
80200382 80200382        0     1                 
8020038a 8020038a        0     1                 
802003b6 802003b6        0     1                 
802003ba 802003ba        0     1                 
802003ca 802003ca        0     1                 
802003cc 802003cc        0     1                 
802003ce 802003ce        0     1                 
802003dc 802003dc        0     1                 
802003dc 802003dc        0     1                 
802003e2 802003e2        0     1                 
802003ea 802003ea        0     1                 
802003ec 802003ec        0     1                 
802003f8 802003f8        0     1                 
802003fa 802003fa        0     1                 
80200402 80200402        0     1                 
80200408 80200408        0     1                 
8020040a 8020040a        0     1                 
8020040e 8020040e        0     1                 
80200418 80200418        0     1                 
8020041a 8020041a        0     1                 
80200420 80200420        0     1                 
80200424 80200424        0     1                 
80200428 80200428        0     1                 
8020042e 8020042e        0     1                 
80200434 80200434        0     1                 
80200436 80200436        0     1                 
8020043a 8020043a        0     1                 
8020043e 8020043e        0     1                 
80200440 80200440        0     1                 
80200442 80200442        0     1                 
80200446 80200446        0     1                 
8020044e 8020044e        0     1                 
80200452 80200452        0     1                 
80200458 80200458        0     1                 
80200458 80200458        0     1                 
8020045a 8020045a        0     1                 
8020045a 8020045a        0     1                 
8020046c 8020046c        0     1                 
8020046c 8020046c        0     1                 
80200470 80200470        0     1                 
80200470 80200470        0     1                 
80200474 80200474        0     1                 
8020047c 8020047c        0     1                 
80200480 80200480        0     1                 
80200482 80200482        0     1                 
80200496 80200496        0     1                 
8020049e 8020049e        0     1                 
802004a0 802004a0        0     1                 
802004ac 802004ac        0     1                 
802004b0 802004b0        0     1                 
802004c0 802004c0        0     1                 
802004c8 802004c8        0     1                 
802004c8 802004c8        0     1                 
802004c8 802004c8        0     1                 
802004c8 802004c8        0     1                 
802004c8 802004c8        0     1                 
802004c8 802004c8      324     1                 fs_flush
802004ca 802004ca        0     1                 
802004ca 802004ca        0     1                 
802004e4 802004e4        0     1                 
802004fe 802004fe        0     1                 
802004fe 802004fe        0     1                 
8020052e 8020052e        0     1                 
8020052e 8020052e        0     1                 
80200534 80200534        0     1                 
80200536 80200536        0     1                 
8020053a 8020053a        0     1                 
8020053a 8020053a        0     1                 
80200548 80200548        0     1                 
8020054a 8020054a        0     1                 
80200550 80200550        0     1                 
80200560 80200560        0     1                 
80200560 80200560        0     1                 
80200564 80200564        0     1                 
80200568 80200568        0     1                 
80200572 80200572        0     1                 
80200572 80200572        0     1                 
80200576 80200576        0     1                 
80200580 80200580        0     1                 
80200580 80200580        0     1                 
80200584 80200584        0     1                 
8020058e 8020058e        0     1                 
8020058e 8020058e        0     1                 
80200592 80200592        0     1                 
8020059c 8020059c        0     1                 
8020059c 8020059c        0     1                 
802005a0 802005a0        0     1                 
802005a2 802005a2        0     1                 
802005a6 802005a6        0     1                 
802005b4 802005b4        0     1                 
802005bc 802005bc        0     1                 
802005c0 802005c0        0     1                 
802005c4 802005c4        0     1                 
802005d2 802005d2        0     1                 
802005d6 802005d6        0     1                 
802005da 802005da        0     1                 
802005e2 802005e2        0     1                 
802005ee 802005ee        0     1                 
802005f2 802005f2        0     1                 
802005f6 802005f6        0     1                 
802005fe 802005fe        0     1                 
8020060a 8020060a        0     1                 
8020060e 8020060e        0     1                 
80200612 80200612        0     1                 
8020061a 8020061a        0     1                 
80200626 80200626        0     1                 
8020062a 8020062a        0     1                 
8020062e 8020062e        0     1                 
80200636 80200636        0     1                 
80200642 80200642        0     1                 
80200646 80200646        0     1                 
8020064a 8020064a        0     1                 
80200652 80200652        0     1                 
80200660 80200660        0     1                 
80200664 80200664        0     1                 
80200668 80200668        0     1                 
80200670 80200670        0     1                 
8020067e 8020067e        0     1                 
80200682 80200682        0     1                 
80200686 80200686        0     1                 
80200690 80200690        0     1                 
802006a0 802006a0        0     1                 
802006a4 802006a4        0     1                 
802006a8 802006a8        0     1                 
802006b0 802006b0        0     1                 
802006be 802006be        0     1                 
802006c2 802006c2        0     1                 
802006c6 802006c6        0     1                 
802006ca 802006ca        0     1                 
802006d0 802006d0        0     1                 
802006d4 802006d4        0     1                 
802006e0 802006e0        0     1                 
802006e0 802006e0        0     1                 
802006e8 802006e8        0     1                 
802006ea 802006ea        0     1                 
802006ec 802006ec        0     1                 
802006f0 802006f0        0     1                 
802006f0 802006f0        0     1                 
802006f8 802006f8        0     1                 
802006fc 802006fc        0     1                 
80200706 80200706        0     1                 
8020070a 8020070a        0     1                 
8020070e 8020070e        0     1                 
80200714 80200714        0     1                 
80200718 80200718        0     1                 
8020071c 8020071c        0     1                 
80200722 80200722        0     1                 
80200726 80200726        0     1                 
8020072a 8020072a        0     1                 
80200730 80200730        0     1                 
80200734 80200734        0     1                 
80200738 80200738        0     1                 
8020073e 8020073e        0     1                 
80200742 80200742        0     1                 
80200742 80200742        0     1                 
80200746 80200746        0     1                 
8020074a 8020074a        0     1                 
80200752 80200752        0     1                 
80200752 80200752        0     1                 
8020075e 8020075e        0     1                 
80200760 80200760        0     1                 
80200762 80200762        0     1                 
8020076a 8020076a        0     1                 
8020076a 8020076a        0     1                 
80200778 80200778        0     1                 
80200778 80200778        0     1                 
8020077c 8020077c        0     1                 
80200788 80200788        0     1                 
80200788 80200788        0     1                 
8020078c 8020078c        0     1                 
8020079a 8020079a        0     1                 
8020079a 8020079a        0     1                 
8020079e 8020079e        0     1                 
802007aa 802007aa        0     1                 
802007aa 802007aa        0     1                 
802007ae 802007ae        0     1                 
802007ba 802007ba        0     1                 
802007ba 802007ba        0     1                 
802007e4 802007e4        0     1                 
802007ec 802007ec        0     1                 
802007ec 802007ec        0     1                 
802007ec 802007ec        0     1                 
802007ec 802007ec        0     1                 
802007ec 802007ec        0     1                 
802007ec 802007ec       86     1                 virtq_init
802007ee 802007ee        0     1                 
802007ee 802007ee        0     1                 
802007ee 802007ee        0     1                 
802007f4 802007f4        0     1                 
802007fc 802007fc        0     1                 
80200800 80200800        0     1                 
80200802 80200802        0     1                 
8020080a 8020080a        0     1                 
8020080e 8020080e        0     1                 
80200812 80200812        0     1                 
8020082e 8020082e        0     1                 
80200830 80200830        0     1                 
8020083e 8020083e        0     1                 
8020083e 8020083e        0     1                 
80200844 80200844        0     1                 
80200844 80200844        0     1                 
80200846 80200846        0     1                 
8020084c 8020084c        0     1                 
80200852 80200852        0     1                 
80200854 80200854        0     1                 
8020085a 8020085a        0     1                 
8020085a 8020085a        0     1                 
8020085e 8020085e        0     1                 
8020085e 8020085e        0     1                 
80200860 80200860        0     1                 
80200860 80200860        0     1                 
80200864 80200864        0     1                 
80200864 80200864        0     1                 
80200866 80200866        0     1                 
80200866 80200866        0     1                 
80200872 80200872        0     1                 
80200872 80200872        0     1                 
80200872 80200872        0     1                 
80200872 80200872        0     1                 
80200872 80200872        0     1                 
80200872 80200872       5a     1                 alloc_pages
80200874 80200874        0     1                 
80200874 80200874        0     1                 
80200878 80200878        0     1                 
80200880 80200880        0     1                 
80200884 80200884        0     1                 
80200888 80200888        0     1                 
80200890 80200890        0     1                 
80200894 80200894        0     1                 
80200898 80200898        0     1                 
802008b4 802008b4        0     1                 
802008b6 802008b6        0     1                 
802008c2 802008c2        0     1                 
802008c2 802008c2        0     1                 
802008cc 802008cc        0     1                 
802008cc 802008cc        0     1                 
802008cc 802008cc        0     1                 
802008cc 802008cc        0     1                 
802008cc 802008cc        0     1                 
802008cc 802008cc        a     1                 virtio_reg_write32
802008d0 802008d0        0     1                 
802008d2 802008d2        0     1                 
802008d4 802008d4        0     1                 
802008d6 802008d6        0     1                 
802008d6 802008d6        0     1                 
802008d6 802008d6        0     1                 
802008d6 802008d6        0     1                 
802008d6 802008d6        0     1                 
802008d6 802008d6      1ae     1                 virtio_blk_init
802008d8 802008d8        0     1                 
802008e2 802008e2        0     1                 
802008e6 802008e6        0     1                 
802008e6 802008e6        0     1                 
802008f0 802008f0        0     1                 
802008f0 802008f0        0     1                 
802008f4 802008f4        0     1                 
802008f4 802008f4        0     1                 
802008f8 802008f8        0     1                 
802008f8 802008f8        0     1                 
802008fc 802008fc        0     1                 
80200900 80200900        0     1                 
80200900 80200900        0     1                 
80200904 80200904        0     1                 
80200904 80200904        0     1                 
80200908 80200908        0     1                 
80200908 80200908        0     1                 
8020090c 8020090c        0     1                 
8020090c 8020090c        0     1                 
8020090e 8020090e        0     1                 
8020090e 8020090e        0     1                 
80200912 80200912        0     1                 
80200912 80200912        0     1                 
80200914 80200914        0     1                 
80200914 80200914        0     1                 
80200916 80200916        0     1                 
80200916 80200916        0     1                 
8020091a 8020091a        0     1                 
8020091a 8020091a        0     1                 
8020091e 8020091e        0     1                 
8020091e 8020091e        0     1                 
80200922 80200922        0     1                 
80200922 80200922        0     1                 
8020092a 8020092a        0     1                 
8020092c 8020092c        0     1                 
8020092e 8020092e        0     1                 
80200936 80200936        0     1                 
8020093a 8020093a        0     1                 
8020093e 8020093e        0     1                 
8020095a 8020095a        0     1                 
8020095c 8020095c        0     1                 
80200978 80200978        0     1                 
8020097a 8020097a        0     1                 
80200996 80200996        0     1                 
80200998 80200998        0     1                 
802009b4 802009b4        0     1                 
802009b6 802009b6        0     1                 
802009c4 802009c4        0     1                 
802009c4 802009c4        0     1                 
802009c8 802009c8        0     1                 
802009ca 802009ca        0     1                 
802009d2 802009d2        0     1                 
802009d8 802009d8        0     1                 
802009da 802009da        0     1                 
802009e0 802009e0        0     1                 
802009e0 802009e0        0     1                 
802009e6 802009e6        0     1                 
802009e6 802009e6        0     1                 
802009e8 802009e8        0     1                 
802009e8 802009e8        0     1                 
802009ec 802009ec        0     1                 
802009ec 802009ec        0     1                 
802009ee 802009ee        0     1                 
802009ee 802009ee        0     1                 
802009f8 802009f8        0     1                 
802009f8 802009f8        0     1                 
802009fa 802009fa        0     1                 
802009fa 802009fa        0     1                 
80200a02 80200a02        0     1                 
80200a02 80200a02        0     1                 
80200a12 80200a12        0     1                 
80200a1a 80200a1a        0     1                 
80200a2a 80200a2a        0     1                 
80200a2a 80200a2a        0     1                 
80200a2e 80200a2e        0     1                 
80200a36 80200a36        0     1                 
80200a3a 80200a3a        0     1                 
80200a56 80200a56        0     1                 
80200a58 80200a58        0     1                 
80200a66 80200a66        0     1                 
80200a66 80200a66        0     1                 
80200a6e 80200a6e        0     1                 
80200a76 80200a76        0     1                 
80200a84 80200a84        0     1                 
80200a84 80200a84        0     1                 
80200a84 80200a84        0     1                 
80200a84 80200a84        0     1                 
80200a84 80200a84        0     1                 
80200a84 80200a84        a     1                 virtio_reg_read32
80200a88 80200a88        0     1                 
80200a8a 80200a8a        0     1                 
80200a8c 80200a8c        0     1                 
80200a8e 80200a8e        0     1                 
80200a8e 80200a8e        0     1                 
80200a8e 80200a8e        0     1                 
80200a8e 80200a8e        0     1                 
80200a8e 80200a8e        0     1                 
80200a8e 80200a8e        e     1                 virtio_reg_fetch_and_or32
80200a92 80200a92        0     1                 
80200a92 80200a92        0     1                 
80200a94 80200a94        0     1                 
80200a96 80200a96        0     1                 
80200a96 80200a96        0     1                 
80200a98 80200a98        0     1                 
80200a98 80200a98        0     1                 
80200a9a 80200a9a        0     1                 
80200a9a 80200a9a        0     1                 
80200a9c 80200a9c        0     1                 
80200a9c 80200a9c        0     1                 
80200a9c 80200a9c        0     1                 
80200a9c 80200a9c        0     1                 
80200a9c 80200a9c        0     1                 
80200a9c 80200a9c        c     1                 virtio_reg_read64
80200aa0 80200aa0        0     1                 
80200aa2 80200aa2        0     1                 
80200aa6 80200aa6        0     1                 
80200aa8 80200aa8        0     1                 
80200aa8 80200aa8        0     1                 
80200aa8 80200aa8        0     1                 
80200aa8 80200aa8        0     1                 
80200aa8 80200aa8        0     1                 
80200aa8 80200aa8        0     1                 
80200aa8 80200aa8       38     1                 virtq_kick
80200ab2 80200ab2        0     1                 
80200ab4 80200ab4        0     1                 
80200ab8 80200ab8        0     1                 
80200aba 80200aba        0     1                 
80200abc 80200abc        0     1                 
80200ac0 80200ac0        0     1                 
80200ac8 80200ac8        0     1                 
80200acc 80200acc        0     1                 
80200ace 80200ace        0     1                 
80200ad2 80200ad2        0     1                 
80200ad2 80200ad2        0     1                 
80200ad4 80200ad4        0     1                 
80200ad4 80200ad4        0     1                 
80200ade 80200ade        0     1                 
80200ae0 80200ae0        0     1                 
80200ae0 80200ae0        0     1                 
80200ae0 80200ae0        0     1                 
80200ae0 80200ae0        0     1                 
80200ae0 80200ae0        0     1                 
80200ae0 80200ae0      1b0     1                 yield
80200aec 80200aec        0     1                 
80200af0 80200af0        0     1                 
80200b02 80200b02        0     1                 
80200b10 80200b10        0     1                 
80200b12 80200b12        0     1                 
80200b16 80200b16        0     1                 
80200b18 80200b18        0     1                 
80200b1c 80200b1c        0     1                 
80200b1e 80200b1e        0     1                 
80200b22 80200b22        0     1                 
80200b26 80200b26        0     1                 
80200b32 80200b32        0     1                 
80200b3a 80200b3a        0     1                 
80200b3c 80200b3c        0     1                 
80200b40 80200b40        0     1                 
80200b42 80200b42        0     1                 
80200b46 80200b46        0     1                 
80200b4a 80200b4a        0     1                 
80200b5c 80200b5c        0     1                 
80200b6c 80200b6c        0     1                 
80200b70 80200b70        0     1                 
80200b74 80200b74        0     1                 
80200b76 80200b76        0     1                 
80200b7a 80200b7a        0     1                 
80200b7e 80200b7e        0     1                 
80200b8a 80200b8a        0     1                 
80200b92 80200b92        0     1                 
80200b94 80200b94        0     1                 
80200b98 80200b98        0     1                 
80200b9a 80200b9a        0     1                 
80200b9e 80200b9e        0     1                 
80200ba2 80200ba2        0     1                 
80200bb4 80200bb4        0     1                 
80200bc4 80200bc4        0     1                 
80200bc8 80200bc8        0     1                 
80200bcc 80200bcc        0     1                 
80200bce 80200bce        0     1                 
80200bd2 80200bd2        0     1                 
80200bd6 80200bd6        0     1                 
80200be2 80200be2        0     1                 
80200bea 80200bea        0     1                 
80200bec 80200bec        0     1                 
80200bf0 80200bf0        0     1                 
80200bf2 80200bf2        0     1                 
80200bf6 80200bf6        0     1                 
80200bfa 80200bfa        0     1                 
80200c0c 80200c0c        0     1                 
80200c1c 80200c1c        0     1                 
80200c20 80200c20        0     1                 
80200c24 80200c24        0     1                 
80200c26 80200c26        0     1                 
80200c2a 80200c2a        0     1                 
80200c2e 80200c2e        0     1                 
80200c3a 80200c3a        0     1                 
80200c42 80200c42        0     1                 
80200c44 80200c44        0     1                 
80200c48 80200c48        0     1                 
80200c4a 80200c4a        0     1                 
80200c4e 80200c4e        0     1                 
80200c50 80200c50        0     1                 
80200c54 80200c54        0     1                 
80200c56 80200c56        0     1                 
80200c5c 80200c5c        0     1                 
80200c62 80200c62        0     1                 
80200c64 80200c64        0     1                 
80200c74 80200c74        0     1                 
80200c7c 80200c7c        0     1                 
80200c7e 80200c7e        0     1                 
80200c82 80200c82        0     1                 
80200c86 80200c86        0     1                 
80200c86 80200c86        0     1                 
80200c8e 80200c8e        0     1                 
80200c90 80200c90        0     1                 
80200c90 80200c90        0     1                 
80200c90 80200c90        0     1                 
80200c90 80200c90        0     1                 
80200c90 80200c90        0     1                 
80200c90 80200c90        0     1                 
80200c90 80200c90       46     1                 switch_context
80200cd6 80200cd6        0     1                 
80200cd6 80200cd6        0     1                 
80200cd6 80200cd6        0     1                 
80200cd6 80200cd6        0     1                 
80200cd6 80200cd6        0     1                 
80200cd6 80200cd6       14     1                 user_entry
80200cde 80200cde        0     1                 
80200cea 80200cea        0     1                 
80200cea 80200cea        0     1                 
80200cea 80200cea        0     1                 
80200cea 80200cea        0     1                 
80200cea 80200cea        0     1                 
80200cea 80200cea       46     1                 proc_a_entry
80200cec 80200cec        0     1                 
80200cec 80200cec        0     1                 
80200cf0 80200cf0        0     1                 
80200d00 80200d00        0     1                 
80200d00 80200d00        0     1                 
80200d08 80200d08        0     1                 
80200d08 80200d08        0     1                 
80200d1e 80200d1e        0     1                 
80200d1e 80200d1e        0     1                 
80200d26 80200d26        0     1                 
80200d26 80200d26        0     1                 
80200d28 80200d28        0     1                 
80200d28 80200d28        0     1                 
80200d2a 80200d2a        0     1                 
80200d2c 80200d2c        0     1                 
80200d30 80200d30        0     1                 
80200d30 80200d30        0     1                 
80200d30 80200d30        0     1                 
80200d30 80200d30        0     1                 
80200d30 80200d30        0     1                 
80200d30 80200d30        0     1                 
80200d30 80200d30        0     1                 
80200d30 80200d30       14     1                 putchar
80200d42 80200d42        0     1                 
80200d42 80200d42        0     1                 
80200d44 80200d44        0     1                 
80200d44 80200d44        0     1                 
80200d44 80200d44        0     1                 
80200d44 80200d44        0     1                 
80200d44 80200d44        0     1                 
80200d44 80200d44       10     1                 delay
80200d4c 80200d4c        0     1                 
80200d4c 80200d4c        0     1                 
80200d4e 80200d4e        0     1                 
80200d50 80200d50        0     1                 
80200d52 80200d52        0     1                 
80200d52 80200d52        0     1                 
80200d54 80200d54        0     1                 
80200d54 80200d54        0     1                 
80200d54 80200d54        0     1                 
80200d54 80200d54        0     1                 
80200d54 80200d54        0     1                 
80200d54 80200d54       46     1                 proc_b_entry
80200d56 80200d56        0     1                 
80200d56 80200d56        0     1                 
80200d5a 80200d5a        0     1                 
80200d6a 80200d6a        0     1                 
80200d6a 80200d6a        0     1                 
80200d72 80200d72        0     1                 
80200d72 80200d72        0     1                 
80200d88 80200d88        0     1                 
80200d88 80200d88        0     1                 
80200d90 80200d90        0     1                 
80200d90 80200d90        0     1                 
80200d92 80200d92        0     1                 
80200d92 80200d92        0     1                 
80200d94 80200d94        0     1                 
80200d96 80200d96        0     1                 
80200d9a 80200d9a        0     1                 
80200d9a 80200d9a        0     1                 
80200d9a 80200d9a        0     1                 
80200d9a 80200d9a        0     1                 
80200d9a 80200d9a        0     1                 
80200d9a 80200d9a        0     1                 
80200d9a 80200d9a      330     1                 create_process
80200d9c 80200d9c        0     1                 
80200db6 80200db6        0     1                 
80200dbe 80200dbe        0     1                 
80200dc2 80200dc2        0     1                 
80200dc4 80200dc4        0     1                 
80200dc6 80200dc6        0     1                 
80200dcc 80200dcc        0     1                 
80200dce 80200dce        0     1                 
80200dd0 80200dd0        0     1                 
80200de0 80200de0        0     1                 
80200de2 80200de2        0     1                 
80200de4 80200de4        0     1                 
80200dec 80200dec        0     1                 
80200dee 80200dee        0     1                 
80200df0 80200df0        0     1                 
80200e00 80200e00        0     1                 
80200e02 80200e02        0     1                 
80200e04 80200e04        0     1                 
80200e0c 80200e0c        0     1                 
80200e0e 80200e0e        0     1                 
80200e10 80200e10        0     1                 
80200e20 80200e20        0     1                 
80200e22 80200e22        0     1                 
80200e24 80200e24        0     1                 
80200e2c 80200e2c        0     1                 
80200e2e 80200e2e        0     1                 
80200e30 80200e30        0     1                 
80200e4c 80200e4c        0     1                 
80200e4e 80200e4e        0     1                 
80200e72 80200e72        0     1                 
80200e7a 80200e7a        0     1                 
80200e7e 80200e7e        0     1                 
80200e80 80200e80        0     1                 
80200e88 80200e88        0     1                 
80200e8a 80200e8a        0     1                 
80200e92 80200e92        0     1                 
80200e94 80200e94        0     1                 
80200e98 80200e98        0     1                 
80200e9c 80200e9c        0     1                 
80200ea4 80200ea4        0     1                 
80200ea6 80200ea6        0     1                 
80200eae 80200eae        0     1                 
80200eb0 80200eb0        0     1                 
80200eb8 80200eb8        0     1                 
80200eba 80200eba        0     1                 
80200ec2 80200ec2        0     1                 
80200ec4 80200ec4        0     1                 
80200ecc 80200ecc        0     1                 
80200ece 80200ece        0     1                 
80200ed6 80200ed6        0     1                 
80200ed8 80200ed8        0     1                 
80200ee0 80200ee0        0     1                 
80200ee2 80200ee2        0     1                 
80200eea 80200eea        0     1                 
80200eec 80200eec        0     1                 
80200ef4 80200ef4        0     1                 
80200ef8 80200ef8        0     1                 
80200efc 80200efc        0     1                 
80200f04 80200f04        0     1                 
80200f0c 80200f0c        0     1                 
80200f0e 80200f0e        0     1                 
80200f16 80200f16        0     1                 
80200f1e 80200f1e        0     1                 
80200f3a 80200f3a        0     1                 
80200f3c 80200f3c        0     1                 
80200f40 80200f40        0     1                 
80200f50 80200f50        0     1                 
80200f50 80200f50        0     1                 
80200f5c 80200f5c        0     1                 
80200f64 80200f64        0     1                 
80200f74 80200f74        0     1                 
80200f74 80200f74        0     1                 
80200f76 80200f76        0     1                 
80200f7a 80200f7a        0     1                 
80200f7a 80200f7a        0     1                 
80200f7e 80200f7e        0     1                 
80200f82 80200f82        0     1                 
80200f84 80200f84        0     1                 
80200f84 80200f84        0     1                 
80200f8c 80200f8c        0     1                 
80200f8e 80200f8e        0     1                 
80200f90 80200f90        0     1                 
80200f98 80200f98        0     1                 
80200f9c 80200f9c        0     1                 
80200fa0 80200fa0        0     1                 
80200fbc 80200fbc        0     1                 
80200fbe 80200fbe        0     1                 
80200fcc 80200fcc        0     1                 
80200fcc 80200fcc        0     1                 
80200fd4 80200fd4        0     1                 
80200fd8 80200fd8        0     1                 
80200fdc 80200fdc        0     1                 
80200fdc 80200fdc        0     1                 
80200fe0 80200fe0        0     1                 
80200fe4 80200fe4        0     1                 
80200fec 80200fec        0     1                 
80200fee 80200fee        0     1                 
80200fee 80200fee        0     1                 
80200ff2 80200ff2        0     1                 
8020100c 8020100c        0     1                 
8020101a 8020101a        0     1                 
8020101a 8020101a        0     1                 
8020101e 8020101e        0     1                 
8020102c 8020102c        0     1                 
8020102c 8020102c        0     1                 
8020102e 8020102e        0     1                 
80201036 80201036        0     1                 
8020103a 8020103a        0     1                 
8020103e 8020103e        0     1                 
80201046 80201046        0     1                 
8020104a 8020104a        0     1                 
80201058 80201058        0     1                 
80201058 80201058        0     1                 
80201060 80201060        0     1                 
80201066 80201066        0     1                 
8020106a 8020106a        0     1                 
80201072 80201072        0     1                 
80201082 80201082        0     1                 
80201084 80201084        0     1                 
80201088 80201088        0     1                 
8020108c 8020108c        0     1                 
802010ac 802010ac        0     1                 
802010c8 802010c8        0     1                 
802010ca 802010ca        0     1                 
802010ca 802010ca        0     1                 
802010ca 802010ca        0     1                 
802010ca 802010ca        0     1                 
802010ca 802010ca        0     1                 
802010ca 802010ca      10c     1                 map_page
802010cc 802010cc        0     1                 
802010da 802010da        0     1                 
802010e0 802010e0        0     1                 
802010e4 802010e4        0     1                 
802010e6 802010e6        0     1                 
80201104 80201104        0     1                 
80201106 80201106        0     1                 
80201108 80201108        0     1                 
8020110a 8020110a        0     1                 
8020110c 8020110c        0     1                 
8020112a 8020112a        0     1                 
8020112c 8020112c        0     1                 
8020112e 8020112e        0     1                 
80201132 80201132        0     1                 
80201134 80201134        0     1                 
8020113c 8020113c        0     1                 
80201140 80201140        0     1                 
80201148 80201148        0     1                 
8020114a 8020114a        0     1                 
8020114a 8020114a        0     1                 
80201152 80201152        0     1                 
80201154 80201154        0     1                 
80201156 80201156        0     1                 
8020115e 8020115e        0     1                 
80201162 80201162        0     1                 
80201166 80201166        0     1                 
80201182 80201182        0     1                 
80201184 80201184        0     1                 
80201192 80201192        0     1                 
80201192 80201192        0     1                 
8020119a 8020119a        0     1                 
8020119e 8020119e        0     1                 
802011a2 802011a2        0     1                 
802011a2 802011a2        0     1                 
802011a6 802011a6        0     1                 
802011ae 802011ae        0     1                 
802011b6 802011b6        0     1                 
802011c2 802011c2        0     1                 
802011c4 802011c4        0     1                 
802011d6 802011d6        0     1                 
802011d6 802011d6        0     1                 
802011d6 802011d6        0     1                 
802011d6 802011d6        0     1                 
802011d6 802011d6        0     1                 
802011d6 802011d6        0     1                 
802011d6 802011d6        6     1                 sbi_call
802011da 802011da        0     1                 
802011dc 802011dc        0     1                 
802011dc 802011dc        0     1                 
802011dc 802011dc        0     1                 
802011dc 802011dc        0     1                 
802011dc 802011dc        0     1                 
802011dc 802011dc        0     1                 
802011dc 802011dc       16     1                 getchar
802011f0 802011f0        0     1                 
802011f0 802011f0        0     1                 
802011f2 802011f2        0     1                 
802011f2 802011f2        0     1                 
802011f2 802011f2        0     1                 
802011f2 802011f2        0     1                 
802011f2 802011f2        0     1                 
802011f2 802011f2       e0     1                 kernel_main
802011f6 802011f6        0     1                 
802011f6 802011f6        0     1                 
802011fa 802011fa        0     1                 
80201218 80201218        0     1                 
80201218 80201218        0     1                 
80201224 80201224        0     1                 
80201224 80201224        0     1                 
8020122c 8020122c        0     1                 
8020122c 8020122c        0     1                 
80201234 80201234        0     1                 
80201234 80201234        0     1                 
80201242 80201242        0     1                 
80201242 80201242        0     1                 
80201254 80201254        0     1                 
80201254 80201254        0     1                 
80201266 80201266        0     1                 
80201266 80201266        0     1                 
80201274 80201274        0     1                 
80201274 80201274        0     1                 
80201280 80201280        0     1                 
80201280 80201280        0     1                 
80201288 80201288        0     1                 
8020128c 8020128c        0     1                 
80201294 80201294        0     1                 
802012ac 802012ac        0     1                 
802012ac 802012ac        0     1                 
802012b4 802012b4        0     1                 
802012b4 802012b4        0     1                 
802012d0 802012d0        0     1                 
802012d2 802012d2        0     1                 
802012d2 802012d2        0     1                 
802012d4 802012d4        0     1                 
802012d4 802012d4        0     1                 
802012d4 802012d4        0     1                 
802012d4 802012d4        0     1                 
802012d4 802012d4       9a     1                 kernel_entry
8020136e 8020136e        0     1                 
8020136e 8020136e        0     1                 
8020136e 8020136e        0     1                 
8020136e 8020136e        0     1                 
8020136e 8020136e        0     1                 
8020136e 8020136e      292     1                 handle_syscall
80201370 80201370        0     1                 
80201388 80201388        0     1                 
8020138a 8020138a        0     1                 
802013ac 802013ac        0     1                 
802013b0 802013b0        0     1                 
802013b2 802013b2        0     1                 
802013b6 802013b6        0     1                 
802013b8 802013b8        0     1                 
802013bc 802013bc        0     1                 
802013be 802013be        0     1                 
802013c2 802013c2        0     1                 
802013ca 802013ca        0     1                 
802013cc 802013cc        0     1                 
802013dc 802013dc        0     1                 
802013dc 802013dc        0     1                 
802013e2 802013e2        0     1                 
802013e4 802013e4        0     1                 
802013ec 802013ec        0     1                 
802013ec 802013ec        0     1                 
80201408 80201408        0     1                 
8020140a 8020140a        0     1                 
80201414 80201414        0     1                 
8020142a 8020142a        0     1                 
8020143a 8020143a        0     1                 
8020144a 8020144a        0     1                 
80201452 80201452        0     1                 
8020145e 8020145e        0     1                 
8020145e 8020145e        0     1                 
80201468 80201468        0     1                 
80201468 80201468        0     1                 
8020146e 8020146e        0     1                 
80201478 80201478        0     1                 
80201478 80201478        0     1                 
8020147a 8020147a        0     1                 
8020147a 8020147a        0     1                 
8020148c 8020148c        0     1                 
8020148c 8020148c        0     1                 
80201490 80201490        0     1                 
80201494 80201494        0     1                 
80201494 80201494        0     1                 
802014a6 802014a6        0     1                 
802014a8 802014a8        0     1                 
802014a8 802014a8        0     1                 
802014bc 802014bc        0     1                 
802014c0 802014c0        0     1                 
802014c8 802014c8        0     1                 
802014c8 802014c8        0     1                 
802014dc 802014dc        0     1                 
802014e0 802014e0        0     1                 
802014f6 802014f6        0     1                 
802014f8 802014f8        0     1                 
802014f8 802014f8        0     1                 
80201514 80201514        0     1                 
80201516 80201516        0     1                 
80201548 80201548        0     1                 
8020154c 8020154c        0     1                 
80201550 80201550        0     1                 
80201562 80201562        0     1                 
80201564 80201564        0     1                 
80201586 80201586        0     1                 
8020159c 8020159c        0     1                 
802015a0 802015a0        0     1                 
802015ac 802015ac        0     1                 
802015ac 802015ac        0     1                 
802015b0 802015b0        0     1                 
802015b8 802015b8        0     1                 
802015b8 802015b8        0     1                 
802015ba 802015ba        0     1                 
802015c8 802015c8        0     1                 
802015c8 802015c8        0     1                 
802015e4 802015e4        0     1                 
80201600 80201600        0     1                 
80201600 80201600        0     1                 
80201600 80201600        0     1                 
80201600 80201600        0     1                 
80201600 80201600        0     1                 
80201600 80201600       50     1                 handle_trap
80201602 80201602        0     1                 
80201602 80201602        0     1                 
80201602 80201602        0     1                 
80201606 80201606        0     1                 
8020160a 8020160a        0     1                 
8020160a 8020160a        0     1                 
8020160e 8020160e        0     1                 
80201610 80201610        0     1                 
80201610 80201610        0     1                 
80201614 80201614        0     1                 
80201614 80201614        0     1                 
80201618 80201618        0     1                 
80201620 80201620        0     1                 
80201620 80201620        0     1                 
80201624 80201624        0     1                 
80201624 80201624        0     1                 
80201628 80201628        0     1                 
80201628 80201628        0     1                 
80201630 80201630        0     1                 
8020164e 8020164e        0     1                 
80201650 80201650        0     1                 
80201650 80201650        0     1                 
80201650 80201650      28a     4         /tmp/common-84eb96.o:(.text)
80201650 80201650        0     1                 
80201650 80201650        0     1                 
80201650 80201650        0     1                 
80201650 80201650      200     1                 printf
80201652 80201652        0     1                 
8020166c 8020166c        0     1                 
8020167e 8020167e        0     1                 
802016aa 802016aa        0     1                 
802016ae 802016ae        0     1                 
802016b0 802016b0        0     1                 
802016b4 802016b4        0     1                 
802016bc 802016bc        0     1                 
802016c4 802016c4        0     1                 
802016c4 802016c4        0     1                 
802016c6 802016c6        0     1                 
802016c8 802016c8        0     1                 
802016cc 802016cc        0     1                 
802016ce 802016ce        0     1                 
802016da 802016da        0     1                 
802016e6 802016e6        0     1                 
802016ea 802016ea        0     1                 
802016ec 802016ec        0     1                 
802016f2 802016f2        0     1                 
802016fa 802016fa        0     1                 
802016fa 802016fa        0     1                 
80201704 80201704        0     1                 
80201704 80201704        0     1                 
80201708 80201708        0     1                 
8020170e 8020170e        0     1                 
80201716 80201716        0     1                 
80201716 80201716        0     1                 
8020171a 8020171a        0     1                 
8020171c 8020171c        0     1                 
80201722 80201722        0     1                 
8020172a 8020172a        0     1                 
8020172a 8020172a        0     1                 
8020172e 8020172e        0     1                 
80201730 80201730        0     1                 
80201736 80201736        0     1                 
8020173e 8020173e        0     1                 
8020173e 8020173e        0     1                 
80201742 80201742        0     1                 
80201744 80201744        0     1                 
8020174a 8020174a        0     1                 
80201752 80201752        0     1                 
80201752 80201752        0     1                 
80201756 80201756        0     1                 
80201758 80201758        0     1                 
8020175e 8020175e        0     1                 
80201766 80201766        0     1                 
80201766 80201766        0     1                 
8020176a 8020176a        0     1                 
8020176c 8020176c        0     1                 
80201772 80201772        0     1                 
8020177a 8020177a        0     1                 
8020177a 8020177a        0     1                 
8020177e 8020177e        0     1                 
80201780 80201780        0     1                 
80201786 80201786        0     1                 
8020178e 8020178e        0     1                 
8020178e 8020178e        0     1                 
80201792 80201792        0     1                 
80201798 80201798        0     1                 
80201798 80201798        0     1                 
802017a0 802017a0        0     1                 
802017a0 802017a0        0     1                 
802017a2 802017a2        0     1                 
802017a4 802017a4        0     1                 
802017a4 802017a4        0     1                 
802017ae 802017ae        0     1                 
802017b2 802017b2        0     1                 
802017ba 802017ba        0     1                 
802017c6 802017c6        0     1                 
802017c6 802017c6        0     1                 
802017ca 802017ca        0     1                 
802017d0 802017d0        0     1                 
802017d0 802017d0        0     1                 
802017dc 802017dc        0     1                 
802017dc 802017dc        0     1                 
802017e0 802017e0        0     1                 
802017e2 802017e2        0     1                 
802017e6 802017e6        0     1                 
802017e8 802017e8        0     1                 
802017ec 802017ec        0     1                 
802017f0 802017f0        0     1                 
802017f4 802017f4        0     1                 
802017f8 802017f8        0     1                 
802017fa 802017fa        0     1                 
802017fe 802017fe        0     1                 
80201802 80201802        0     1                 
8020180e 8020180e        0     1                 
8020180e 8020180e        0     1                 
80201816 80201816        0     1                 
8020181c 8020181c        0     1                 
80201820 80201820        0     1                 
80201826 80201826        0     1                 
80201832 80201832        0     1                 
80201832 80201832        0     1                 
80201850 80201850        0     1                 
80201850 80201850        0     1                 
80201850 80201850        0     1                 
80201850 80201850        0     1                 
80201850 80201850        0     1                 
80201850 80201850        0     1                 
80201850 80201850       14     1                 memset
80201852 80201852        0     1                 
80201854 80201854        0     1                 
80201856 80201856        0     1                 
8020185a 8020185a        0     1                 
8020185e 8020185e        0     1                 
80201860 80201860        0     1                 
80201862 80201862        0     1                 
80201864 80201864        0     1                 
80201864 80201864        0     1                 
80201864 80201864        0     1                 
80201864 80201864        0     1                 
80201864 80201864        0     1                 
80201864 80201864        0     1                 
80201864 80201864       1a     1                 memcpy
80201866 80201866        0     1                 
80201868 80201868        0     1                 
8020186c 8020186c        0     1                 
8020186e 8020186e        0     1                 
80201870 80201870        0     1                 
80201874 80201874        0     1                 
80201878 80201878        0     1                 
8020187a 8020187a        0     1                 
8020187c 8020187c        0     1                 
8020187e 8020187e        0     1                 
8020187e 8020187e        0     1                 
8020187e 8020187e        0     1                 
8020187e 8020187e        0     1                 
8020187e 8020187e        0     1                 
8020187e 8020187e        0     1                 
8020187e 8020187e       24     1                 strcpy
80201884 80201884        0     1                 
80201888 80201888        0     1                 
8020188a 8020188a        0     1                 
8020188e 8020188e        0     1                 
80201892 80201892        0     1                 
80201896 80201896        0     1                 
80201898 80201898        0     1                 
8020189a 8020189a        0     1                 
8020189c 8020189c        0     1                 
802018a0 802018a0        0     1                 
802018a2 802018a2        0     1                 
802018a2 802018a2        0     1                 
802018a2 802018a2        0     1                 
802018a2 802018a2        0     1                 
802018a2 802018a2        0     1                 
802018a2 802018a2        0     1                 
802018a2 802018a2       38     1                 strcmp
802018a6 802018a6        0     1                 
802018a8 802018a8        0     1                 
802018aa 802018aa        0     1                 
802018ae 802018ae        0     1                 
802018bc 802018bc        0     1                 
802018c0 802018c0        0     1                 
802018c4 802018c4        0     1                 
802018c6 802018c6        0     1                 
802018ca 802018ca        0     1                 
802018cc 802018cc        0     1                 
802018d0 802018d0        0     1                 
802018d4 802018d4        0     1                 
802018d8 802018d8        0     1                 
802018da 802018da        0     1                 
802018da 802018da        0     1                 
802018dc 802018dc      33b     4 .rodata
802018dc 802018dc      33b     1         <internal>:(.rodata)
80201c18 80201c18    10540     4 .data
80201c18 80201c18    10540     1         shell.bin.o:(.data)
80201c18 80201c18        0     1                 _binary_shell_bin_start
80212158 80212158        0     1                 _binary_shell_bin_end
80212158 80212158        4     4 .sdata
80212158 80212158        4     4         /tmp/kernel-541a69.o:(.sdata)
80212158 80212158        4     1                 alloc_pages.next_paddr
80212160 80212160    11380     8 .bss
80212160 80212160        0     1         __bss = .
80212160 80212160    11358     4         /tmp/kernel-541a69.o:(.bss)
80212160 80212160      8d8     1                 files
80212a38 80212a38      a00     1                 disk
80213438 80213438    10080     1                 procs
802234b8 802234b8       28     8         /tmp/kernel-541a69.o:(.sbss)
802234b8 802234b8        4     1                 blk_request_vq
802234c0 802234c0        8     1                 blk_capacity
802234c8 802234c8        4     1                 blk_req_paddr
802234cc 802234cc        4     1                 blk_req
802234d0 802234d0        4     1                 idle_proc
802234d4 802234d4        4     1                 current_proc
802234d8 802234d8        4     1                 proc_a
802234dc 802234dc        4     1                 proc_b
802234e0 802234e0        0     1         __bss_end = .
802234e0 802234e0        0     1 . = ALIGN ( 4 )
802234e0 802234e0    20000     1 . += 128 * 1024
802434e0 802434e0        0     1 __stack_top = .
802434e0 802434e0      b20     1 . = ALIGN ( 4096 )
80244000 80244000        0     1 __free_ram = .
80244000 80244000  4000000     1 . += 64 * 1024 * 1024
84244000 84244000        0     1 __free_ram_end = .
       0        0      e4f     1 .debug_loclists
       0        0      c05     1         /tmp/kernel-541a69.o:(.debug_loclists)
       c        c        0     1                 
     c05      c05      24a     1         /tmp/common-84eb96.o:(.debug_loclists)
     c11      c11        0     1                 
       0        0      40f     1 .debug_abbrev
       0        0      30a     1         /tmp/kernel-541a69.o:(.debug_abbrev)
     30a      30a      105     1         /tmp/common-84eb96.o:(.debug_abbrev)
       0        0     1896     1 .debug_info
       0        0     1675     1         /tmp/kernel-541a69.o:(.debug_info)
    1675     1675      221     1         /tmp/common-84eb96.o:(.debug_info)
       0        0      149     1 .debug_rnglists
       0        0      12e     1         /tmp/kernel-541a69.o:(.debug_rnglists)
       c        c        0     1                 
     12e      12e       1b     1         /tmp/common-84eb96.o:(.debug_rnglists)
     13a      13a        0     1                 
       0        0      3ac     1 .debug_str_offsets
       0        0      318     1         /tmp/kernel-541a69.o:(.debug_str_offsets)
       8        8        0     1                 
     318      318       94     1         /tmp/common-84eb96.o:(.debug_str_offsets)
     320      320        0     1                 
       0        0      652     1 .debug_str
       0        0      652     1         <internal>:(.debug_str)
       0        0      318     1 .debug_addr
       0        0      2bc     1         /tmp/kernel-541a69.o:(.debug_addr)
       8        8        0     1                 
     2bc      2bc       5c     1         /tmp/common-84eb96.o:(.debug_addr)
     2c4      2c4        0     1                 
       0        0       42     1 .comment
       0        0       42     1         <internal>:(.comment)
       0        0       2b     1 .riscv.attributes
       0        0       2b     1         /tmp/kernel-541a69.o:(.riscv.attributes)
       0        0      364     4 .debug_frame
       0        0      2e0     4         /tmp/kernel-541a69.o:(.debug_frame)
       0        0        0     1                 
     2e0      2e0       84     4         /tmp/common-84eb96.o:(.debug_frame)
     2e0      2e0        0     1                 
       0        0     1d01     1 .debug_line
       0        0     1892     1         /tmp/kernel-541a69.o:(.debug_line)
       0        0        0     1                 .Lline_table_start0
    1892     1892      46f     1         /tmp/common-84eb96.o:(.debug_line)
    1892     1892        0     1                 .Lline_table_start0
       0        0       47     1 .debug_line_str
       0        0       47     1         <internal>:(.debug_line_str)
       0        0     5e70     4 .symtab
       0        0     5e70     4         <internal>:(.symtab)
       0        0       e3     1 .shstrtab
       0        0       e3     1         <internal>:(.shstrtab)
       0        0      2d4     1 .strtab
       0        0      2d4     1         <internal>:(.strtab)
