     VMA      LMA     Size Align Out     In      Symbol
       0        0 80200000     1 . = 0x80200000
80200000 80200000      5ce     4 .text
80200000 80200000        e     2         /tmp/kernel-4a4aae.o:(.text.boot)
80200000 80200000        0     1                 
80200000 80200000        0     1                 
80200000 80200000        0     1                 $x.1
80200000 80200000        0     1                 
80200000 80200000        e     1                 boot
8020000e 8020000e        0     1                 
8020000e 8020000e        0     1                 
80200010 80200010      398     4         /tmp/kernel-4a4aae.o:(.text)
80200010 80200010        0     1                 
80200010 80200010        0     1                 
80200010 80200010        0     1                 $x.0
80200010 80200010        0     1                 
80200010 80200010       52     1                 proc_a_entry
8020001a 8020001a        0     1                 
80200024 80200024        0     1                 
80200024 80200024        0     1                 
80200034 80200034        0     1                 .LBB0_1
80200034 80200034        0     1                 
80200034 80200034        0     1                 
8020004a 8020004a        0     1                 
8020004a 8020004a        0     1                 
8020004e 8020004e        0     1                 
80200052 80200052        0     1                 
80200054 80200054        0     1                 
80200056 80200056        0     1                 
80200058 80200058        0     1                 
80200058 80200058        0     1                 
8020005a 8020005a        0     1                 
8020005a 8020005a        0     1                 .LBB0_2
8020005a 8020005a        0     1                 
8020005c 8020005c        0     1                 
8020005c 8020005c        0     1                 
8020005e 8020005e        0     1                 
8020005e 8020005e        0     1                 
80200062 80200062        0     1                 
80200062 80200062        0     1                 
80200062 80200062        0     1                 
80200062 80200062        0     1                 
80200062 80200062        0     1                 
80200062 80200062        0     1                 
80200062 80200062       14     1                 putchar
80200074 80200074        0     1                 
80200074 80200074        0     1                 
80200076 80200076        0     1                 
80200076 80200076        0     1                 
80200076 80200076        0     1                 
80200076 80200076       46     1                 switch_context
802000bc 802000bc        0     1                 
802000bc 802000bc        0     1                 
802000bc 802000bc        0     1                 
802000bc 802000bc       10     1                 delay
802000c4 802000c4        0     1                 .LBB3_1
802000c4 802000c4        0     1                 
802000c4 802000c4        0     1                 
802000c6 802000c6        0     1                 
802000c6 802000c6        0     1                 
802000c8 802000c8        0     1                 
802000c8 802000c8        0     1                 
802000ca 802000ca        0     1                 
802000ca 802000ca        0     1                 
802000cc 802000cc        0     1                 
802000cc 802000cc        0     1                 
802000cc 802000cc        0     1                 
802000cc 802000cc        0     1                 
802000cc 802000cc        0     1                 
802000cc 802000cc       52     1                 proc_b_entry
802000d6 802000d6        0     1                 
802000e0 802000e0        0     1                 
802000e0 802000e0        0     1                 
802000f0 802000f0        0     1                 .LBB4_1
802000f0 802000f0        0     1                 
802000f0 802000f0        0     1                 
80200106 80200106        0     1                 
80200106 80200106        0     1                 
8020010a 8020010a        0     1                 
8020010e 8020010e        0     1                 
80200110 80200110        0     1                 
80200112 80200112        0     1                 
80200114 80200114        0     1                 
80200114 80200114        0     1                 
80200116 80200116        0     1                 
80200116 80200116        0     1                 .LBB4_2
80200116 80200116        0     1                 
80200118 80200118        0     1                 
80200118 80200118        0     1                 
8020011a 8020011a        0     1                 
8020011a 8020011a        0     1                 
8020011e 8020011e        0     1                 
8020011e 8020011e        0     1                 
8020011e 8020011e        0     1                 
8020011e 8020011e        0     1                 
8020011e 8020011e        0     1                 
8020011e 8020011e        0     1                 
8020011e 8020011e       ec     1                 create_process
80200128 80200128        0     1                 
80200128 80200128        0     1                 
8020012a 8020012a        0     1                 
8020012a 8020012a        0     1                 
80200130 80200130        0     1                 
80200132 80200132        0     1                 
80200132 80200132        0     1                 
80200140 80200140        0     1                 
80200142 80200142        0     1                 
80200142 80200142        0     1                 
80200148 80200148        0     1                 
8020014a 8020014a        0     1                 
8020014a 8020014a        0     1                 
80200158 80200158        0     1                 
8020015a 8020015a        0     1                 
8020015a 8020015a        0     1                 
80200160 80200160        0     1                 
80200162 80200162        0     1                 
80200162 80200162        0     1                 
80200170 80200170        0     1                 
80200172 80200172        0     1                 
80200172 80200172        0     1                 
80200178 80200178        0     1                 
8020017c 8020017c        0     1                 
8020017e 8020017e        0     1                 
8020017e 8020017e        0     1                 
80200182 80200182        0     1                 
80200194 80200194        0     1                 
80200194 80200194        0     1                 
80200198 80200198        0     1                 .LBB5_9
80200198 80200198        0     1                 
8020019a 8020019a        0     1                 .LBB5_10
8020019a 8020019a        0     1                 
8020019a 8020019a        0     1                 
8020019e 8020019e        0     1                 .LBB5_11
8020019e 8020019e        0     1                 
802001a2 802001a2        0     1                 .LBB5_12
802001a2 802001a2        0     1                 
802001a6 802001a6        0     1                 .LBB5_13
802001a6 802001a6        0     1                 
802001aa 802001aa        0     1                 .LBB5_14
802001aa 802001aa        0     1                 
802001ae 802001ae        0     1                 .LBB5_15
802001ae 802001ae        0     1                 
802001b2 802001b2        0     1                 .LBB5_16
802001b2 802001b2        0     1                 
802001b4 802001b4        0     1                 .LBB5_17
802001b4 802001b4        0     1                 
802001b4 802001b4        0     1                 
802001ba 802001ba        0     1                 
802001c0 802001c0        0     1                 
802001c0 802001c0        0     1                 
802001c4 802001c4        0     1                 
802001c8 802001c8        0     1                 
802001cc 802001cc        0     1                 
802001d0 802001d0        0     1                 
802001d4 802001d4        0     1                 
802001d8 802001d8        0     1                 
802001dc 802001dc        0     1                 
802001e0 802001e0        0     1                 
802001e4 802001e4        0     1                 
802001e8 802001e8        0     1                 
802001ec 802001ec        0     1                 
802001f0 802001f0        0     1                 
802001f8 802001f8        0     1                 
802001fa 802001fa        0     1                 
802001fa 802001fa        0     1                 
802001fc 802001fc        0     1                 
802001fe 802001fe        0     1                 
80200202 80200202        0     1                 
80200202 80200202        0     1                 
80200204 80200204        0     1                 
80200206 80200206        0     1                 
8020020a 8020020a        0     1                 
8020020a 8020020a        0     1                 
8020020a 8020020a        0     1                 
8020020a 8020020a        0     1                 
8020020a 8020020a        0     1                 
8020020a 8020020a        6     1                 sbi_call
8020020e 8020020e        0     1                 
8020020e 8020020e        0     1                 
80200210 80200210        0     1                 
80200210 80200210        0     1                 
80200210 80200210        0     1                 
80200210 80200210       4e     1                 alloc_pages
80200216 80200216        0     1                 
8020021e 8020021e        0     1                 
8020021e 8020021e        0     1                 
80200222 80200222        0     1                 
80200226 80200226        0     1                 
80200226 80200226        0     1                 
8020022e 8020022e        0     1                 
80200232 80200232        0     1                 
80200236 80200236        0     1                 
8020024c 8020024c        0     1                 
8020024c 8020024c        0     1                 .LBB7_2
8020024e 8020024e        0     1                 .LBB7_3
8020024e 8020024e        0     1                 
80200254 80200254        0     1                 
80200254 80200254        0     1                 
8020025a 8020025a        0     1                 
8020025a 8020025a        0     1                 
8020025e 8020025e        0     1                 
8020025e 8020025e        0     1                 
8020025e 8020025e        0     1                 
8020025e 8020025e        0     1                 
8020025e 8020025e        0     1                 
8020025e 8020025e       90     1                 kernel_main
80200268 80200268        0     1                 
8020027e 8020027e        0     1                 
8020027e 8020027e        0     1                 
80200286 80200286        0     1                 
8020028a 8020028a        0     1                 
8020028a 8020028a        0     1                 
8020028e 8020028e        0     1                 
80200294 80200294        0     1                 
80200294 80200294        0     1                 
8020029c 8020029c        0     1                 
802002a6 802002a6        0     1                 
802002a6 802002a6        0     1                 
802002ae 802002ae        0     1                 
802002ae 802002ae        0     1                 
802002b8 802002b8        0     1                 
802002b8 802002b8        0     1                 
802002c0 802002c0        0     1                 .LBB8_1
802002c0 802002c0        0     1                 
802002c0 802002c0        0     1                 
802002d6 802002d6        0     1                 
802002d6 802002d6        0     1                 
802002da 802002da        0     1                 
802002de 802002de        0     1                 
802002e0 802002e0        0     1                 
802002e2 802002e2        0     1                 
802002e4 802002e4        0     1                 
802002e4 802002e4        0     1                 
802002e6 802002e6        0     1                 
802002e6 802002e6        0     1                 .LBB8_2
802002e6 802002e6        0     1                 
802002e8 802002e8        0     1                 
802002e8 802002e8        0     1                 
802002ea 802002ea        0     1                 
802002ea 802002ea        0     1                 
802002ee 802002ee        0     1                 
802002ee 802002ee        0     1                 
802002ee 802002ee        0     1                 
802002f0 802002f0        0     1                 
802002f0 802002f0        0     1                 
802002f0 802002f0        0     1                 
802002f0 802002f0       90     1                 kernel_entry
80200380 80200380        0     1                 
80200380 80200380        0     1                 
80200380 80200380        0     1                 
80200380 80200380        0     1                 
80200380 80200380        0     1                 
80200380 80200380       28     1                 handle_trap
80200384 80200384        0     1                 
80200384 80200384        0     1                 
80200388 80200388        0     1                 
80200388 80200388        0     1                 
8020038c 8020038c        0     1                 
8020038c 8020038c        0     1                 
80200390 80200390        0     1                 
80200390 80200390        0     1                 
80200394 80200394        0     1                 
802003a6 802003a6        0     1                 
802003a6 802003a6        0     1                 .LBB11_1
802003a8 802003a8        0     1                 
802003a8 802003a8        0     1                 
802003a8 802003a8      226     2         /tmp/common-4cd304.o:(.text)
802003a8 802003a8        0     1                 
802003a8 802003a8        0     1                 
802003a8 802003a8        0     1                 $x.0
802003a8 802003a8        0     1                 
802003a8 802003a8      1a2     1                 printf
802003d6 802003d6        0     1                 
80200402 80200402        0     1                 .LBB0_1
80200402 80200402        0     1                 
80200406 80200406        0     1                 .LBB0_2
80200406 80200406        0     1                 
80200408 80200408        0     1                 .LBB0_3
80200408 80200408        0     1                 
8020040c 8020040c        0     1                 
80200414 80200414        0     1                 .LBB0_5
80200414 80200414        0     1                 
80200416 80200416        0     1                 
80200416 80200416        0     1                 
80200418 80200418        0     1                 
8020041a 8020041a        0     1                 .LBB0_6
8020041a 8020041a        0     1                 
8020041e 8020041e        0     1                 
80200420 80200420        0     1                 
8020042c 8020042c        0     1                 
8020042c 8020042c        0     1                 
80200438 80200438        0     1                 
80200438 80200438        0     1                 
8020043c 8020043c        0     1                 
8020043c 8020043c        0     1                 
8020043e 8020043e        0     1                 
80200444 80200444        0     1                 .LBB0_11
80200444 80200444        0     1                 
80200444 80200444        0     1                 
8020044c 8020044c        0     1                 
8020044c 8020044c        0     1                 
80200456 80200456        0     1                 
80200456 80200456        0     1                 
8020045a 8020045a        0     1                 
8020045a 8020045a        0     1                 
8020045c 8020045c        0     1                 
80200460 80200460        0     1                 
80200462 80200462        0     1                 
80200462 80200462        0     1                 
80200468 80200468        0     1                 
80200468 80200468        0     1                 
8020046a 8020046a        0     1                 
8020046e 8020046e        0     1                 
80200470 80200470        0     1                 
80200470 80200470        0     1                 
80200476 80200476        0     1                 
80200476 80200476        0     1                 
80200478 80200478        0     1                 
8020047c 8020047c        0     1                 
8020047e 8020047e        0     1                 
8020047e 8020047e        0     1                 
80200484 80200484        0     1                 
80200484 80200484        0     1                 
80200486 80200486        0     1                 
8020048a 8020048a        0     1                 
8020048c 8020048c        0     1                 
8020048c 8020048c        0     1                 
80200492 80200492        0     1                 
80200492 80200492        0     1                 
80200494 80200494        0     1                 
80200498 80200498        0     1                 
8020049a 8020049a        0     1                 
8020049a 8020049a        0     1                 
802004a0 802004a0        0     1                 
802004a0 802004a0        0     1                 
802004a2 802004a2        0     1                 
802004a6 802004a6        0     1                 
802004a8 802004a8        0     1                 
802004a8 802004a8        0     1                 
802004ae 802004ae        0     1                 
802004ae 802004ae        0     1                 
802004b0 802004b0        0     1                 
802004b4 802004b4        0     1                 
802004b6 802004b6        0     1                 
802004b6 802004b6        0     1                 
802004b8 802004b8        0     1                 
802004b8 802004b8        0     1                 
802004ba 802004ba        0     1                 
802004be 802004be        0     1                 
802004be 802004be        0     1                 
802004c0 802004c0        0     1                 
802004c0 802004c0        0     1                 
802004c2 802004c2        0     1                 
802004c4 802004c4        0     1                 .LBB0_14
802004c4 802004c4        0     1                 
802004c4 802004c4        0     1                 
802004ce 802004ce        0     1                 
802004ce 802004ce        0     1                 
802004d2 802004d2        0     1                 
802004d8 802004d8        0     1                 
802004d8 802004d8        0     1                 .LBB0_16
802004d8 802004d8        0     1                 
802004de 802004de        0     1                 
802004de 802004de        0     1                 
802004e2 802004e2        0     1                 
802004e4 802004e4        0     1                 
802004e8 802004e8        0     1                 .LBB0_17
802004e8 802004e8        0     1                 
802004e8 802004e8        0     1                 
802004ee 802004ee        0     1                 
802004ee 802004ee        0     1                 
802004f2 802004f2        0     1                 
802004f2 802004f2        0     1                 
802004f4 802004f4        0     1                 
802004f8 802004f8        0     1                 .LBB0_18
802004f8 802004f8        0     1                 
802004fa 802004fa        0     1                 
802004fa 802004fa        0     1                 .LBB0_19
802004fa 802004fa        0     1                 
802004fe 802004fe        0     1                 
80200502 80200502        0     1                 
80200506 80200506        0     1                 .LBB0_20
80200506 80200506        0     1                 
80200506 80200506        0     1                 
80200508 80200508        0     1                 
80200508 80200508        0     1                 
8020050c 8020050c        0     1                 
80200510 80200510        0     1                 
80200516 80200516        0     1                 
80200516 80200516        0     1                 
8020051a 8020051a        0     1                 
80200520 80200520        0     1                 
80200520 80200520        0     1                 
80200526 80200526        0     1                 .LBB0_21
80200526 80200526        0     1                 
80200526 80200526        0     1                 
8020052c 8020052c        0     1                 .LBB0_22
8020052c 8020052c        0     1                 
8020052c 8020052c        0     1                 
80200530 80200530        0     1                 
80200546 80200546        0     1                 
8020054a 8020054a        0     1                 
8020054a 8020054a        0     1                 
8020054a 8020054a        0     1                 
8020054a 8020054a        0     1                 
8020054a 8020054a        0     1                 
8020054a 8020054a       16     1                 memset
8020054e 8020054e        0     1                 
8020054e 8020054e        0     1                 
80200550 80200550        0     1                 
80200550 80200550        0     1                 .LBB1_2
80200550 80200550        0     1                 
80200554 80200554        0     1                 
80200554 80200554        0     1                 
80200558 80200558        0     1                 
8020055a 8020055a        0     1                 
8020055a 8020055a        0     1                 
8020055e 8020055e        0     1                 .LBB1_3
8020055e 8020055e        0     1                 
8020055e 8020055e        0     1                 
80200560 80200560        0     1                 
80200560 80200560        0     1                 
80200560 80200560        0     1                 
80200560 80200560        0     1                 
80200560 80200560        0     1                 
80200560 80200560       1c     1                 memcpy
80200564 80200564        0     1                 
80200564 80200564        0     1                 
80200566 80200566        0     1                 
80200566 80200566        0     1                 .LBB2_2
80200566 80200566        0     1                 
8020056a 8020056a        0     1                 
8020056c 8020056c        0     1                 
80200570 80200570        0     1                 
80200570 80200570        0     1                 
80200574 80200574        0     1                 
80200576 80200576        0     1                 
80200576 80200576        0     1                 
8020057a 8020057a        0     1                 .LBB2_3
8020057a 8020057a        0     1                 
8020057a 8020057a        0     1                 
8020057c 8020057c        0     1                 
8020057c 8020057c        0     1                 
8020057c 8020057c        0     1                 
8020057c 8020057c        0     1                 
8020057c 8020057c        0     1                 
8020057c 8020057c       24     1                 strcpy
80200582 80200582        0     1                 
80200586 80200586        0     1                 
80200586 80200586        0     1                 
80200588 80200588        0     1                 
80200588 80200588        0     1                 .LBB3_2
80200588 80200588        0     1                 
8020058c 8020058c        0     1                 
80200590 80200590        0     1                 
80200594 80200594        0     1                 
80200594 80200594        0     1                 
80200596 80200596        0     1                 
80200596 80200596        0     1                 
80200598 80200598        0     1                 
8020059a 8020059a        0     1                 .LBB3_3
8020059a 8020059a        0     1                 
8020059a 8020059a        0     1                 
8020059e 8020059e        0     1                 
802005a0 802005a0        0     1                 
802005a0 802005a0        0     1                 
802005a0 802005a0        0     1                 
802005a0 802005a0        0     1                 
802005a0 802005a0        0     1                 
802005a0 802005a0       2e     1                 strcmp
802005a4 802005a4        0     1                 
802005a6 802005a6        0     1                 
802005a8 802005a8        0     1                 
802005a8 802005a8        0     1                 .LBB4_2
802005a8 802005a8        0     1                 
802005b0 802005b0        0     1                 
802005b4 802005b4        0     1                 
802005b4 802005b4        0     1                 
802005b8 802005b8        0     1                 
802005ba 802005ba        0     1                 
802005bc 802005bc        0     1                 
802005be 802005be        0     1                 .LBB4_4
802005be 802005be        0     1                 
802005c4 802005c4        0     1                 .LBB4_5
802005c4 802005c4        0     1                 
802005c4 802005c4        0     1                 
802005c6 802005c6        0     1                 .LBB4_6
802005c6 802005c6        0     1                 
802005c6 802005c6        0     1                 
802005ca 802005ca        0     1                 
802005ca 802005ca        0     1                 
802005cc 802005cc        0     1                 
802005ce 802005ce        0     1                 
802005ce 802005ce        0     1                 
802005d0 802005d0       c1     4 .rodata
802005d0 802005d0       c1     1         <internal>:(.rodata.str1.1)
80200694 80200694        4     4 .sdata
80200694 80200694        4     4         /tmp/kernel-4a4aae.o:(.sdata)
80200694 80200694        4     1                 alloc_pages.next_paddr
80200694 80200694        0     1                 $d.5
80200698 80200698    10068     4 .bss
80200698 80200698        0     1         __bss = .
80200698 80200698        8     4         /tmp/kernel-4a4aae.o:(.sbss)
80200698 80200698        0     1                 $d.3
80200698 80200698        4     1                 proc_a
8020069c 8020069c        4     1                 proc_b
802006a0 802006a0    10060     4         /tmp/kernel-4a4aae.o:(.bss)
802006a0 802006a0        0     1                 $d.4
802006a0 802006a0    10060     1                 procs
80210700 80210700        0     1         __bss_end = .
80210700 80210700        0     1 . = ALIGN ( 4 )
80210700 80210700    20000     1 . += 128 * 1024
80230700 80230700        0     1 __stack_top = .
80230700 80230700      900     1 . = ALIGN ( 4096 )
80231000 80231000        0     1 __free_ram = .
80231000 80231000  4000000     1 . += 64 * 1024 * 1024
84231000 84231000        0     1 __free_ram_end = .
       0        0      71a     1 .debug_loc
       0        0      42f     1         /tmp/kernel-4a4aae.o:(.debug_loc)
       0        0        0     1                 
       0        0        0     1                 $d.6
      1e       1e        0     1                 
      3b       3b        0     1                 
      7a       7a        0     1                 
      95       95        0     1                 
      b2       b2        0     1                 
      f1       f1        0     1                 
     10f      10f        0     1                 
     12c      12c        0     1                 
     16b      16b        0     1                 
     191      191        0     1                 
     271      271        0     1                 
     298      298        0     1                 
     2c2      2c2        0     1                 
     2dd      2dd        0     1                 
     2f8      2f8        0     1                 
     313      313        0     1                 
     32e      32e        0     1                 
     349      349        0     1                 
     367      367        0     1                 
     384      384        0     1                 
     3c3      3c3        0     1                 
     3de      3de        0     1                 
     3f9      3f9        0     1                 
     414      414        0     1                 
     42f      42f      2eb     1         /tmp/common-4cd304.o:(.debug_loc)
     42f      42f        0     1                 
     42f      42f        0     1                 $d.2
     44d      44d        0     1                 
     46b      46b        0     1                 
     489      489        0     1                 
     4ca      4ca        0     1                 
     547      547        0     1                 
     55a      55a        0     1                 
     5ba      5ba        0     1                 
     5e5      5e5        0     1                 
     619      619        0     1                 
     62e      62e        0     1                 
     641      641        0     1                 
     675      675        0     1                 
     68a      68a        0     1                 
     6a8      6a8        0     1                 
     6d1      6d1        0     1                 
     707      707        0     1                 
       0        0      364     1 .debug_abbrev
       0        0      23c     1         /tmp/kernel-4a4aae.o:(.debug_abbrev)
       0        0        0     1                 $d.7
     23c      23c      128     1         /tmp/common-4cd304.o:(.debug_abbrev)
     23c      23c        0     1                 $d.3
       0        0      dbd     1 .debug_info
       0        0      a92     1         /tmp/kernel-4a4aae.o:(.debug_info)
       0        0        0     1                 $d.8
     a92      a92      32b     1         /tmp/common-4cd304.o:(.debug_info)
     a92      a92        0     1                 $d.4
       0        0       38     1 .debug_ranges
       0        0       20     1         /tmp/kernel-4a4aae.o:(.debug_ranges)
       0        0        0     1                 
       0        0        0     1                 $d.9
      20       20       18     1         /tmp/common-4cd304.o:(.debug_ranges)
      20       20        0     1                 
      20       20        0     1                 $d.5
       0        0      2df     1 .debug_str
       0        0      2df     1         <internal>:(.debug_str)
       0        0       42     1 .comment
       0        0       42     1         <internal>:(.comment)
       0        0       2b     1 .riscv.attributes
       0        0       2b     1         <internal>:(.riscv.attributes)
       0        0      194     4 .debug_frame
       0        0      110     4         /tmp/kernel-4a4aae.o:(.debug_frame)
       0        0        0     1                 
       0        0        0     1                 $d.13
     110      110       84     4         /tmp/common-4cd304.o:(.debug_frame)
     110      110        0     1                 
     110      110        0     1                 $d.9
       0        0      7cf     1 .debug_line
       0        0      402     1         /tmp/kernel-4a4aae.o:(.debug_line)
       0        0        0     1                 .Lline_table_start0
       0        0        0     1                 $d.14
     402      402      3cd     1         /tmp/common-4cd304.o:(.debug_line)
     402      402        0     1                 .Lline_table_start0
     402      402        0     1                 $d.10
       0        0     28f0     4 .symtab
       0        0     28f0     4         <internal>:(.symtab)
       0        0       a7     1 .shstrtab
       0        0       a7     1         <internal>:(.shstrtab)
       0        0      1a4     1 .strtab
       0        0      1a4     1         <internal>:(.strtab)
