     VMA      LMA     Size Align Out     In      Symbol
       0        0 80200000     1 . = 0x80200000
80200000        0        0     1 __kernel_base = .
80200000 80200000      972     4 .text
80200000 80200000        e     2         /tmp/kernel-4fa7ce.o:(.text.boot)
80200000 80200000        0     1                 
80200000 80200000        0     1                 
80200000 80200000        0     1                 $x.1
80200000 80200000        0     1                 
80200000 80200000        e     1                 boot
8020000e 8020000e        0     1                 
8020000e 8020000e        0     1                 
80200010 80200010      73c     4         /tmp/kernel-4fa7ce.o:(.text)
80200010 80200010        0     1                 
80200010 80200010        0     1                 
80200010 80200010        0     1                 $x.0
80200010 80200010        0     1                 
80200010 80200010      1d2     1                 yield
8020001c 8020001c        0     1                 
80200020 80200020        0     1                 
80200020 80200020        0     1                 
8020002e 8020002e        0     1                 
80200042 80200042        0     1                 
80200042 80200042        0     1                 
80200046 80200046        0     1                 
80200046 80200046        0     1                 
80200048 80200048        0     1                 
80200048 80200048        0     1                 
8020004c 8020004c        0     1                 
8020004c 8020004c        0     1                 
8020004e 8020004e        0     1                 
80200052 80200052        0     1                 .LBB0_2
80200052 80200052        0     1                 
80200052 80200052        0     1                 
80200056 80200056        0     1                 
80200062 80200062        0     1                 
8020006e 8020006e        0     1                 
80200072 80200072        0     1                 
8020007c 8020007c        0     1                 
8020007c 8020007c        0     1                 
8020007e 8020007e        0     1                 
80200082 80200082        0     1                 .LBB0_4
80200082 80200082        0     1                 
80200082 80200082        0     1                 
80200086 80200086        0     1                 
80200092 80200092        0     1                 
802000aa 802000aa        0     1                 
802000ae 802000ae        0     1                 
802000ae 802000ae        0     1                 
802000b0 802000b0        0     1                 
802000b4 802000b4        0     1                 .LBB0_6
802000b4 802000b4        0     1                 
802000b4 802000b4        0     1                 
802000b8 802000b8        0     1                 
802000c4 802000c4        0     1                 
802000d0 802000d0        0     1                 
802000d4 802000d4        0     1                 
802000de 802000de        0     1                 
802000de 802000de        0     1                 
802000e0 802000e0        0     1                 
802000e4 802000e4        0     1                 .LBB0_8
802000e4 802000e4        0     1                 
802000e4 802000e4        0     1                 
802000e8 802000e8        0     1                 
802000f4 802000f4        0     1                 
8020010c 8020010c        0     1                 
80200110 80200110        0     1                 
80200110 80200110        0     1                 
80200112 80200112        0     1                 
80200116 80200116        0     1                 .LBB0_10
80200116 80200116        0     1                 
80200116 80200116        0     1                 
8020011a 8020011a        0     1                 
80200126 80200126        0     1                 
80200132 80200132        0     1                 
80200136 80200136        0     1                 
80200140 80200140        0     1                 
80200140 80200140        0     1                 
80200142 80200142        0     1                 
80200146 80200146        0     1                 .LBB0_12
80200146 80200146        0     1                 
80200146 80200146        0     1                 
8020014a 8020014a        0     1                 
80200156 80200156        0     1                 
8020016e 8020016e        0     1                 
80200172 80200172        0     1                 
80200172 80200172        0     1                 
80200174 80200174        0     1                 
80200178 80200178        0     1                 .LBB0_14
80200178 80200178        0     1                 
80200178 80200178        0     1                 
8020017a 8020017a        0     1                 
80200186 80200186        0     1                 
80200192 80200192        0     1                 
80200196 80200196        0     1                 
802001a0 802001a0        0     1                 
802001a0 802001a0        0     1                 
802001a2 802001a2        0     1                 
802001a6 802001a6        0     1                 .LBB0_16
802001a6 802001a6        0     1                 
802001a6 802001a6        0     1                 
802001a8 802001a8        0     1                 .LBB0_17
802001a8 802001a8        0     1                 
802001a8 802001a8        0     1                 
802001ac 802001ac        0     1                 
802001ae 802001ae        0     1                 
802001b4 802001b4        0     1                 
802001ba 802001ba        0     1                 
802001bc 802001bc        0     1                 
802001cc 802001cc        0     1                 
802001d4 802001d4        0     1                 
802001d4 802001d4        0     1                 
802001d6 802001d6        0     1                 
802001d6 802001d6        0     1                 
802001da 802001da        0     1                 
802001de 802001de        0     1                 
802001e0 802001e0        0     1                 .LBB0_19
802001e0 802001e0        0     1                 
802001e0 802001e0        0     1                 
802001e2 802001e2        0     1                 
802001e2 802001e2        0     1                 
802001e2 802001e2        0     1                 
802001e2 802001e2        0     1                 
802001e2 802001e2        0     1                 
802001e2 802001e2       46     1                 switch_context
80200228 80200228        0     1                 
80200228 80200228        0     1                 
80200228 80200228        0     1                 
80200228 80200228       14     1                 user_entry
80200230 80200230        0     1                 
8020023c 8020023c        0     1                 
8020023c 8020023c        0     1                 
8020023c 8020023c        0     1                 
8020023c 8020023c       3a     1                 proc_a_entry
80200242 80200242        0     1                 
8020024c 8020024c        0     1                 
8020024c 8020024c        0     1                 
80200254 80200254        0     1                 .LBB3_1
80200254 80200254        0     1                 
80200254 80200254        0     1                 
8020026a 8020026a        0     1                 
8020026a 8020026a        0     1                 
8020026c 8020026c        0     1                 
8020026c 8020026c        0     1                 
8020026e 8020026e        0     1                 
8020026e 8020026e        0     1                 .LBB3_2
8020026e 8020026e        0     1                 
80200270 80200270        0     1                 
80200270 80200270        0     1                 
80200272 80200272        0     1                 
80200272 80200272        0     1                 
80200276 80200276        0     1                 
80200276 80200276        0     1                 
80200276 80200276        0     1                 
80200276 80200276        0     1                 
80200276 80200276        0     1                 
80200276 80200276        0     1                 
80200276 80200276       14     1                 putchar
80200288 80200288        0     1                 
80200288 80200288        0     1                 
8020028a 8020028a        0     1                 
8020028a 8020028a        0     1                 
8020028a 8020028a        0     1                 
8020028a 8020028a       10     1                 delay
80200292 80200292        0     1                 .LBB5_1
80200292 80200292        0     1                 
80200292 80200292        0     1                 
80200294 80200294        0     1                 
80200294 80200294        0     1                 
80200296 80200296        0     1                 
80200296 80200296        0     1                 
80200298 80200298        0     1                 
80200298 80200298        0     1                 
8020029a 8020029a        0     1                 
8020029a 8020029a        0     1                 
8020029a 8020029a        0     1                 
8020029a 8020029a        0     1                 
8020029a 8020029a        0     1                 
8020029a 8020029a       3a     1                 proc_b_entry
802002a0 802002a0        0     1                 
802002aa 802002aa        0     1                 
802002aa 802002aa        0     1                 
802002b2 802002b2        0     1                 .LBB6_1
802002b2 802002b2        0     1                 
802002b2 802002b2        0     1                 
802002c8 802002c8        0     1                 
802002c8 802002c8        0     1                 
802002ca 802002ca        0     1                 
802002ca 802002ca        0     1                 
802002cc 802002cc        0     1                 
802002cc 802002cc        0     1                 .LBB6_2
802002cc 802002cc        0     1                 
802002ce 802002ce        0     1                 
802002ce 802002ce        0     1                 
802002d0 802002d0        0     1                 
802002d0 802002d0        0     1                 
802002d4 802002d4        0     1                 
802002d4 802002d4        0     1                 
802002d4 802002d4        0     1                 
802002d4 802002d4        0     1                 
802002d4 802002d4        0     1                 
802002d4 802002d4        0     1                 
802002d4 802002d4      224     1                 create_process
802002f0 802002f0        0     1                 
802002fc 802002fc        0     1                 
802002fc 802002fc        0     1                 
802002fe 802002fe        0     1                 
802002fe 802002fe        0     1                 
80200300 80200300        0     1                 
80200300 80200300        0     1                 
80200306 80200306        0     1                 
80200308 80200308        0     1                 
80200308 80200308        0     1                 
80200316 80200316        0     1                 
80200318 80200318        0     1                 
80200318 80200318        0     1                 
8020031e 8020031e        0     1                 
80200320 80200320        0     1                 
80200320 80200320        0     1                 
8020032e 8020032e        0     1                 
80200330 80200330        0     1                 
80200330 80200330        0     1                 
80200336 80200336        0     1                 
80200338 80200338        0     1                 
80200338 80200338        0     1                 
80200346 80200346        0     1                 
80200348 80200348        0     1                 
80200348 80200348        0     1                 
8020034e 8020034e        0     1                 
80200350 80200350        0     1                 
80200350 80200350        0     1                 
80200366 80200366        0     1                 
80200366 80200366        0     1                 .LBB7_9
80200368 80200368        0     1                 .LBB7_10
80200368 80200368        0     1                 
80200368 80200368        0     1                 
8020036c 8020036c        0     1                 .LBB7_11
8020036c 8020036c        0     1                 
80200370 80200370        0     1                 .LBB7_12
80200370 80200370        0     1                 
80200374 80200374        0     1                 .LBB7_13
80200374 80200374        0     1                 
80200378 80200378        0     1                 .LBB7_14
80200378 80200378        0     1                 
8020037c 8020037c        0     1                 .LBB7_15
8020037c 8020037c        0     1                 
80200380 80200380        0     1                 .LBB7_16
80200380 80200380        0     1                 
80200384 80200384        0     1                 .LBB7_17
80200384 80200384        0     1                 
80200386 80200386        0     1                 .LBB7_18
80200386 80200386        0     1                 
80200386 80200386        0     1                 
80200394 80200394        0     1                 
8020039a 8020039a        0     1                 
8020039e 8020039e        0     1                 
802003a2 802003a2        0     1                 
802003a6 802003a6        0     1                 
802003aa 802003aa        0     1                 
802003ae 802003ae        0     1                 
802003b2 802003b2        0     1                 
802003b6 802003b6        0     1                 
802003ba 802003ba        0     1                 
802003be 802003be        0     1                 
802003c2 802003c2        0     1                 
802003c6 802003c6        0     1                 
802003ce 802003ce        0     1                 
802003d2 802003d2        0     1                 
802003d2 802003d2        0     1                 
802003d6 802003d6        0     1                 
802003d6 802003d6        0     1                 
802003de 802003de        0     1                 
802003de 802003de        0     1                 
802003e6 802003e6        0     1                 
802003e6 802003e6        0     1                 
802003e8 802003e8        0     1                 
802003f0 802003f0        0     1                 
802003f8 802003f8        0     1                 
8020040e 8020040e        0     1                 
8020040e 8020040e        0     1                 .LBB7_20
80200410 80200410        0     1                 .LBB7_21
80200410 80200410        0     1                 
80200410 80200410        0     1                 
80200412 80200412        0     1                 
80200414 80200414        0     1                 
8020041e 8020041e        0     1                 
8020041e 8020041e        0     1                 
8020042a 8020042a        0     1                 
8020042a 8020042a        0     1                 
80200432 80200432        0     1                 
80200432 80200432        0     1                 .LBB7_23
80200432 80200432        0     1                 
8020043c 8020043c        0     1                 
8020043c 8020043c        0     1                 
8020043e 8020043e        0     1                 
80200442 80200442        0     1                 .LBB7_24
80200442 80200442        0     1                 
80200442 80200442        0     1                 
80200446 80200446        0     1                 
80200460 80200460        0     1                 
80200460 80200460        0     1                 .LBB7_26
80200460 80200460        0     1                 
80200464 80200464        0     1                 
80200468 80200468        0     1                 
80200468 80200468        0     1                 
8020046c 8020046c        0     1                 
80200474 80200474        0     1                 
80200474 80200474        0     1                 
80200476 80200476        0     1                 
80200476 80200476        0     1                 
8020047e 8020047e        0     1                 
80200482 80200482        0     1                 .LBB7_27
80200482 80200482        0     1                 
80200482 80200482        0     1                 
80200486 80200486        0     1                 
80200486 80200486        0     1                 
8020048e 8020048e        0     1                 
80200492 80200492        0     1                 
8020049a 8020049a        0     1                 
8020049a 8020049a        0     1                 
8020049c 8020049c        0     1                 
8020049c 8020049c        0     1                 
802004a0 802004a0        0     1                 
802004a0 802004a0        0     1                 
802004a4 802004a4        0     1                 .LBB7_30
802004a4 802004a4        0     1                 
802004b0 802004b0        0     1                 
802004b0 802004b0        0     1                 
802004b2 802004b2        0     1                 
802004b8 802004b8        0     1                 
802004bc 802004bc        0     1                 
802004be 802004be        0     1                 
802004ca 802004ca        0     1                 
802004ca 802004ca        0     1                 
802004d0 802004d0        0     1                 
802004d4 802004d4        0     1                 
802004dc 802004dc        0     1                 
802004e0 802004e0        0     1                 .LBB7_31
802004e0 802004e0        0     1                 
802004e0 802004e0        0     1                 
802004f6 802004f6        0     1                 
802004f6 802004f6        0     1                 .LBB7_32
802004f8 802004f8        0     1                 
802004f8 802004f8        0     1                 
802004f8 802004f8        0     1                 
802004f8 802004f8        0     1                 
802004f8 802004f8        0     1                 
802004f8 802004f8        0     1                 
802004f8 802004f8       4e     1                 alloc_pages
802004fe 802004fe        0     1                 
80200506 80200506        0     1                 
80200506 80200506        0     1                 
8020050a 8020050a        0     1                 
8020050e 8020050e        0     1                 
8020050e 8020050e        0     1                 
80200516 80200516        0     1                 
8020051a 8020051a        0     1                 
8020051e 8020051e        0     1                 
80200534 80200534        0     1                 
80200534 80200534        0     1                 .LBB8_2
80200536 80200536        0     1                 .LBB8_3
80200536 80200536        0     1                 
8020053c 8020053c        0     1                 
8020053c 8020053c        0     1                 
80200542 80200542        0     1                 
80200542 80200542        0     1                 
80200546 80200546        0     1                 
80200546 80200546        0     1                 
80200546 80200546        0     1                 
80200546 80200546        0     1                 
80200546 80200546        0     1                 
80200546 80200546       d8     1                 map_page
80200556 80200556        0     1                 
80200556 80200556        0     1                 
8020055a 8020055a        0     1                 
8020055e 8020055e        0     1                 
8020056e 8020056e        0     1                 
80200570 80200570        0     1                 
80200572 80200572        0     1                 
80200572 80200572        0     1                 .LBB9_2
80200574 80200574        0     1                 .LBB9_3
80200574 80200574        0     1                 
80200574 80200574        0     1                 
80200578 80200578        0     1                 
8020057a 8020057a        0     1                 
8020057c 8020057c        0     1                 
80200580 80200580        0     1                 
8020058e 8020058e        0     1                 
80200592 80200592        0     1                 
80200594 80200594        0     1                 
80200594 80200594        0     1                 .LBB9_5
80200596 80200596        0     1                 .LBB9_6
80200596 80200596        0     1                 
80200596 80200596        0     1                 
802005a2 802005a2        0     1                 
802005a2 802005a2        0     1                 
802005a6 802005a6        0     1                 
802005a8 802005a8        0     1                 
802005a8 802005a8        0     1                 
802005b0 802005b0        0     1                 
802005b0 802005b0        0     1                 
802005b2 802005b2        0     1                 
802005b4 802005b4        0     1                 
802005bc 802005bc        0     1                 
802005c0 802005c0        0     1                 
802005c4 802005c4        0     1                 
802005d8 802005d8        0     1                 
802005da 802005da        0     1                 
802005da 802005da        0     1                 .LBB9_9
802005dc 802005dc        0     1                 .LBB9_10
802005dc 802005dc        0     1                 
802005dc 802005dc        0     1                 
802005de 802005de        0     1                 
802005de 802005de        0     1                 
802005e6 802005e6        0     1                 
802005e8 802005e8        0     1                 
802005e8 802005e8        0     1                 
802005ec 802005ec        0     1                 
802005ec 802005ec        0     1                 
802005f2 802005f2        0     1                 
802005f4 802005f4        0     1                 
802005f6 802005f6        0     1                 .LBB9_11
802005f6 802005f6        0     1                 
802005f6 802005f6        0     1                 
802005fa 802005fa        0     1                 
802005fa 802005fa        0     1                 
802005fc 802005fc        0     1                 
80200602 80200602        0     1                 
80200604 80200604        0     1                 
80200604 80200604        0     1                 
80200608 80200608        0     1                 
8020060c 8020060c        0     1                 
8020060c 8020060c        0     1                 
8020061a 8020061a        0     1                 
8020061e 8020061e        0     1                 
8020061e 8020061e        0     1                 
8020061e 8020061e        0     1                 
8020061e 8020061e        0     1                 
8020061e 8020061e        0     1                 
8020061e 8020061e        6     1                 sbi_call
80200622 80200622        0     1                 
80200622 80200622        0     1                 
80200624 80200624        0     1                 
80200624 80200624        0     1                 
80200624 80200624        0     1                 
80200624 80200624       6c     1                 kernel_main
80200628 80200628        0     1                 
8020063e 8020063e        0     1                 
8020063e 8020063e        0     1                 
80200646 80200646        0     1                 
8020064a 8020064a        0     1                 
8020064a 8020064a        0     1                 
8020064c 8020064c        0     1                 
80200650 80200650        0     1                 
80200650 80200650        0     1                 
80200658 80200658        0     1                 
8020065c 8020065c        0     1                 
80200664 80200664        0     1                 
80200676 80200676        0     1                 
80200676 80200676        0     1                 
80200678 80200678        0     1                 
80200678 80200678        0     1                 
8020068e 8020068e        0     1                 
8020068e 8020068e        0     1                 .LBB11_1
80200690 80200690        0     1                 
80200690 80200690        0     1                 
80200690 80200690        0     1                 
80200690 80200690        0     1                 
80200690 80200690        0     1                 
80200690 80200690       94     1                 kernel_entry
80200724 80200724        0     1                 
80200724 80200724        0     1                 
80200724 80200724        0     1                 
80200724 80200724        0     1                 
80200724 80200724        0     1                 
80200724 80200724       28     1                 handle_trap
80200728 80200728        0     1                 
80200728 80200728        0     1                 
8020072c 8020072c        0     1                 
8020072c 8020072c        0     1                 
80200730 80200730        0     1                 
80200730 80200730        0     1                 
80200734 80200734        0     1                 
80200734 80200734        0     1                 
80200738 80200738        0     1                 
8020074a 8020074a        0     1                 
8020074a 8020074a        0     1                 .LBB14_1
8020074c 8020074c        0     1                 
8020074c 8020074c        0     1                 
8020074c 8020074c      226     2         /tmp/common-e30cc2.o:(.text)
8020074c 8020074c        0     1                 
8020074c 8020074c        0     1                 
8020074c 8020074c        0     1                 $x.0
8020074c 8020074c        0     1                 
8020074c 8020074c      1a2     1                 printf
8020077a 8020077a        0     1                 
802007a6 802007a6        0     1                 .LBB0_1
802007a6 802007a6        0     1                 
802007aa 802007aa        0     1                 .LBB0_2
802007aa 802007aa        0     1                 
802007ac 802007ac        0     1                 .LBB0_3
802007ac 802007ac        0     1                 
802007b0 802007b0        0     1                 
802007b8 802007b8        0     1                 .LBB0_5
802007b8 802007b8        0     1                 
802007ba 802007ba        0     1                 
802007ba 802007ba        0     1                 
802007bc 802007bc        0     1                 
802007be 802007be        0     1                 .LBB0_6
802007be 802007be        0     1                 
802007c2 802007c2        0     1                 
802007c4 802007c4        0     1                 
802007d0 802007d0        0     1                 
802007d0 802007d0        0     1                 
802007dc 802007dc        0     1                 
802007dc 802007dc        0     1                 
802007e0 802007e0        0     1                 
802007e0 802007e0        0     1                 
802007e2 802007e2        0     1                 
802007e8 802007e8        0     1                 .LBB0_11
802007e8 802007e8        0     1                 
802007e8 802007e8        0     1                 
802007f0 802007f0        0     1                 
802007f0 802007f0        0     1                 
802007fa 802007fa        0     1                 
802007fa 802007fa        0     1                 
802007fe 802007fe        0     1                 
802007fe 802007fe        0     1                 
80200800 80200800        0     1                 
80200804 80200804        0     1                 
80200806 80200806        0     1                 
80200806 80200806        0     1                 
8020080c 8020080c        0     1                 
8020080c 8020080c        0     1                 
8020080e 8020080e        0     1                 
80200812 80200812        0     1                 
80200814 80200814        0     1                 
80200814 80200814        0     1                 
8020081a 8020081a        0     1                 
8020081a 8020081a        0     1                 
8020081c 8020081c        0     1                 
80200820 80200820        0     1                 
80200822 80200822        0     1                 
80200822 80200822        0     1                 
80200828 80200828        0     1                 
80200828 80200828        0     1                 
8020082a 8020082a        0     1                 
8020082e 8020082e        0     1                 
80200830 80200830        0     1                 
80200830 80200830        0     1                 
80200836 80200836        0     1                 
80200836 80200836        0     1                 
80200838 80200838        0     1                 
8020083c 8020083c        0     1                 
8020083e 8020083e        0     1                 
8020083e 8020083e        0     1                 
80200844 80200844        0     1                 
80200844 80200844        0     1                 
80200846 80200846        0     1                 
8020084a 8020084a        0     1                 
8020084c 8020084c        0     1                 
8020084c 8020084c        0     1                 
80200852 80200852        0     1                 
80200852 80200852        0     1                 
80200854 80200854        0     1                 
80200858 80200858        0     1                 
8020085a 8020085a        0     1                 
8020085a 8020085a        0     1                 
8020085c 8020085c        0     1                 
8020085c 8020085c        0     1                 
8020085e 8020085e        0     1                 
80200862 80200862        0     1                 
80200862 80200862        0     1                 
80200864 80200864        0     1                 
80200864 80200864        0     1                 
80200866 80200866        0     1                 
80200868 80200868        0     1                 .LBB0_14
80200868 80200868        0     1                 
80200868 80200868        0     1                 
80200872 80200872        0     1                 
80200872 80200872        0     1                 
80200876 80200876        0     1                 
8020087c 8020087c        0     1                 
8020087c 8020087c        0     1                 .LBB0_16
8020087c 8020087c        0     1                 
80200882 80200882        0     1                 
80200882 80200882        0     1                 
80200886 80200886        0     1                 
80200888 80200888        0     1                 
8020088c 8020088c        0     1                 .LBB0_17
8020088c 8020088c        0     1                 
8020088c 8020088c        0     1                 
80200892 80200892        0     1                 
80200892 80200892        0     1                 
80200896 80200896        0     1                 
80200896 80200896        0     1                 
80200898 80200898        0     1                 
8020089c 8020089c        0     1                 .LBB0_18
8020089c 8020089c        0     1                 
8020089e 8020089e        0     1                 
8020089e 8020089e        0     1                 .LBB0_19
8020089e 8020089e        0     1                 
802008a2 802008a2        0     1                 
802008a6 802008a6        0     1                 
802008aa 802008aa        0     1                 .LBB0_20
802008aa 802008aa        0     1                 
802008aa 802008aa        0     1                 
802008ac 802008ac        0     1                 
802008ac 802008ac        0     1                 
802008b0 802008b0        0     1                 
802008b4 802008b4        0     1                 
802008ba 802008ba        0     1                 
802008ba 802008ba        0     1                 
802008be 802008be        0     1                 
802008c4 802008c4        0     1                 
802008c4 802008c4        0     1                 
802008ca 802008ca        0     1                 .LBB0_21
802008ca 802008ca        0     1                 
802008ca 802008ca        0     1                 
802008d0 802008d0        0     1                 .LBB0_22
802008d0 802008d0        0     1                 
802008d0 802008d0        0     1                 
802008d4 802008d4        0     1                 
802008ea 802008ea        0     1                 
802008ee 802008ee        0     1                 
802008ee 802008ee        0     1                 
802008ee 802008ee        0     1                 
802008ee 802008ee        0     1                 
802008ee 802008ee        0     1                 
802008ee 802008ee       16     1                 memset
802008f2 802008f2        0     1                 
802008f2 802008f2        0     1                 
802008f4 802008f4        0     1                 
802008f4 802008f4        0     1                 .LBB1_2
802008f4 802008f4        0     1                 
802008f8 802008f8        0     1                 
802008f8 802008f8        0     1                 
802008fc 802008fc        0     1                 
802008fe 802008fe        0     1                 
802008fe 802008fe        0     1                 
80200902 80200902        0     1                 .LBB1_3
80200902 80200902        0     1                 
80200902 80200902        0     1                 
80200904 80200904        0     1                 
80200904 80200904        0     1                 
80200904 80200904        0     1                 
80200904 80200904        0     1                 
80200904 80200904        0     1                 
80200904 80200904       1c     1                 memcpy
80200908 80200908        0     1                 
80200908 80200908        0     1                 
8020090a 8020090a        0     1                 
8020090a 8020090a        0     1                 .LBB2_2
8020090a 8020090a        0     1                 
8020090e 8020090e        0     1                 
80200910 80200910        0     1                 
80200914 80200914        0     1                 
80200914 80200914        0     1                 
80200918 80200918        0     1                 
8020091a 8020091a        0     1                 
8020091a 8020091a        0     1                 
8020091e 8020091e        0     1                 .LBB2_3
8020091e 8020091e        0     1                 
8020091e 8020091e        0     1                 
80200920 80200920        0     1                 
80200920 80200920        0     1                 
80200920 80200920        0     1                 
80200920 80200920        0     1                 
80200920 80200920        0     1                 
80200920 80200920       24     1                 strcpy
80200926 80200926        0     1                 
8020092a 8020092a        0     1                 
8020092a 8020092a        0     1                 
8020092c 8020092c        0     1                 
8020092c 8020092c        0     1                 .LBB3_2
8020092c 8020092c        0     1                 
80200930 80200930        0     1                 
80200934 80200934        0     1                 
80200938 80200938        0     1                 
80200938 80200938        0     1                 
8020093a 8020093a        0     1                 
8020093a 8020093a        0     1                 
8020093c 8020093c        0     1                 
8020093e 8020093e        0     1                 .LBB3_3
8020093e 8020093e        0     1                 
8020093e 8020093e        0     1                 
80200942 80200942        0     1                 
80200944 80200944        0     1                 
80200944 80200944        0     1                 
80200944 80200944        0     1                 
80200944 80200944        0     1                 
80200944 80200944        0     1                 
80200944 80200944       2e     1                 strcmp
80200948 80200948        0     1                 
8020094a 8020094a        0     1                 
8020094c 8020094c        0     1                 
8020094c 8020094c        0     1                 .LBB4_2
8020094c 8020094c        0     1                 
80200954 80200954        0     1                 
80200958 80200958        0     1                 
80200958 80200958        0     1                 
8020095c 8020095c        0     1                 
8020095e 8020095e        0     1                 
80200960 80200960        0     1                 
80200962 80200962        0     1                 .LBB4_4
80200962 80200962        0     1                 
80200968 80200968        0     1                 .LBB4_5
80200968 80200968        0     1                 
80200968 80200968        0     1                 
8020096a 8020096a        0     1                 .LBB4_6
8020096a 8020096a        0     1                 
8020096a 8020096a        0     1                 
8020096e 8020096e        0     1                 
8020096e 8020096e        0     1                 
80200970 80200970        0     1                 
80200972 80200972        0     1                 
80200972 80200972        0     1                 
80200974 80200974      12e     4 .rodata
80200974 80200974      12e     1         <internal>:(.rodata.str1.1)
80200aa4 80200aa4    10260     4 .data
80200aa4 80200aa4    10260     1         shell.bin.o:(.data)
80200aa4 80200aa4        0     1                 _binary_shell_bin_start
80210d04 80210d04        0     1                 _binary_shell_bin_end
80210d04 80210d04        4     4 .sdata
80210d04 80210d04        4     4         /tmp/kernel-4fa7ce.o:(.sdata)
80210d04 80210d04        4     1                 alloc_pages.next_paddr
80210d04 80210d04        0     1                 $d.5
80210d08 80210d08    10090     4 .bss
80210d08 80210d08        0     1         __bss = .
80210d08 80210d08       10     4         /tmp/kernel-4fa7ce.o:(.sbss)
80210d08 80210d08        0     1                 $d.2
80210d08 80210d08        4     1                 idle_proc
80210d0c 80210d0c        4     1                 current_proc
80210d10 80210d10        4     1                 proc_a
80210d14 80210d14        4     1                 proc_b
80210d18 80210d18    10080     4         /tmp/kernel-4fa7ce.o:(.bss)
80210d18 80210d18        0     1                 $d.3
80210d18 80210d18    10080     1                 procs
80220d98 80220d98        0     1         __bss_end = .
80220d98 80220d98        0     1 . = ALIGN ( 4 )
80220d98 80220d98    20000     1 . += 128 * 1024
80240d98 80240d98        0     1 __stack_top = .
80240d98 80240d98      268     1 . = ALIGN ( 4096 )
80241000 80241000        0     1 __free_ram = .
80241000 80241000  4000000     1 . += 64 * 1024 * 1024
84241000 84241000        0     1 __free_ram_end = .
       0        0      ae8     1 .debug_loc
       0        0      7fd     1         /tmp/kernel-4fa7ce.o:(.debug_loc)
       0        0        0     1                 
       0        0        0     1                 $d.6
      68       68        0     1                 
      ed       ed        0     1                 
     113      113        0     1                 
     12e      12e        0     1                 
     14c      14c        0     1                 
     169      169        0     1                 
     1a8      1a8        0     1                 
     1c3      1c3        0     1                 
     1e0      1e0        0     1                 
     21f      21f        0     1                 
     23d      23d        0     1                 
     25a      25a        0     1                 
     299      299        0     1                 
     2ca      2ca        0     1                 
     2fb      2fb        0     1                 
     3e8      3e8        0     1                 
     40f      40f        0     1                 
     46b      46b        0     1                 
     486      486        0     1                 
     4a2      4a2        0     1                 
     4c8      4c8        0     1                 
     4e3      4e3        0     1                 
     515      515        0     1                 
     53b      53b        0     1                 
     56b      56b        0     1                 
     586      586        0     1                 
     5ae      5ae        0     1                 
     5d4      5d4        0     1                 
     5ef      5ef        0     1                 
     60a      60a        0     1                 
     63b      63b        0     1                 
     661      661        0     1                 
     6a8      6a8        0     1                 
     6ef      6ef        0     1                 
     70a      70a        0     1                 
     725      725        0     1                 
     740      740        0     1                 
     75b      75b        0     1                 
     776      776        0     1                 
     791      791        0     1                 
     7ac      7ac        0     1                 
     7c7      7c7        0     1                 
     7e2      7e2        0     1                 
     7fd      7fd      2eb     1         /tmp/common-e30cc2.o:(.debug_loc)
     7fd      7fd        0     1                 
     7fd      7fd        0     1                 $d.2
     81b      81b        0     1                 
     839      839        0     1                 
     857      857        0     1                 
     898      898        0     1                 
     915      915        0     1                 
     928      928        0     1                 
     988      988        0     1                 
     9b3      9b3        0     1                 
     9e7      9e7        0     1                 
     9fc      9fc        0     1                 
     a0f      a0f        0     1                 
     a43      a43        0     1                 
     a58      a58        0     1                 
     a76      a76        0     1                 
     a9f      a9f        0     1                 
     ad5      ad5        0     1                 
       0        0      3dd     1 .debug_abbrev
       0        0      2b5     1         /tmp/kernel-4fa7ce.o:(.debug_abbrev)
       0        0        0     1                 $d.7
     2b5      2b5      128     1         /tmp/common-e30cc2.o:(.debug_abbrev)
     2b5      2b5        0     1                 $d.3
       0        0      fe1     1 .debug_info
       0        0      cb6     1         /tmp/kernel-4fa7ce.o:(.debug_info)
       0        0        0     1                 $d.8
     cb6      cb6      32b     1         /tmp/common-e30cc2.o:(.debug_info)
     cb6      cb6        0     1                 $d.4
       0        0       d0     1 .debug_ranges
       0        0       b8     1         /tmp/kernel-4fa7ce.o:(.debug_ranges)
       0        0        0     1                 
       0        0        0     1                 $d.9
      18       18        0     1                 
      30       30        0     1                 
      48       48        0     1                 
      60       60        0     1                 
      80       80        0     1                 
      98       98        0     1                 
      b8       b8       18     1         /tmp/common-e30cc2.o:(.debug_ranges)
      b8       b8        0     1                 
      b8       b8        0     1                 $d.5
       0        0      37d     1 .debug_str
       0        0      37d     1         <internal>:(.debug_str)
       0        0       42     1 .comment
       0        0       42     1         <internal>:(.comment)
       0        0       2b     1 .riscv.attributes
       0        0       2b     1         <internal>:(.riscv.attributes)
       0        0      1e0     4 .debug_frame
       0        0      15c     4         /tmp/kernel-4fa7ce.o:(.debug_frame)
       0        0        0     1                 
       0        0        0     1                 $d.13
     15c      15c       84     4         /tmp/common-e30cc2.o:(.debug_frame)
     15c      15c        0     1                 
     15c      15c        0     1                 $d.9
       0        0      bb2     1 .debug_line
       0        0      7e5     1         /tmp/kernel-4fa7ce.o:(.debug_line)
       0        0        0     1                 .Lline_table_start0
       0        0        0     1                 $d.14
     7e5      7e5      3cd     1         /tmp/common-e30cc2.o:(.debug_line)
     7e5      7e5        0     1                 .Lline_table_start0
     7e5      7e5        0     1                 $d.10
       0        0     3870     4 .symtab
       0        0     3870     4         <internal>:(.symtab)
       0        0       ad     1 .shstrtab
       0        0       ad     1         <internal>:(.shstrtab)
       0        0      228     1 .strtab
       0        0      228     1         <internal>:(.strtab)
