     VMA      LMA     Size Align Out     In      Symbol
       0        0 80200000     1 . = 0x80200000
80200000        0        0     1 __kernel_base = .
80200000 80200000     161a     4 .text
80200000 80200000        e     2         /tmp/kernel-da5e8c.o:(.text.boot)
80200000 80200000        0     1                 
80200000 80200000        0     1                 
80200000 80200000        0     1                 $x.1
80200000 80200000        0     1                 
80200000 80200000        e     1                 boot
8020000e 8020000e        0     1                 
8020000e 8020000e        0     1                 
80200010 80200010     13c8     4         /tmp/kernel-da5e8c.o:(.text)
80200010 80200010        0     1                 
80200010 80200010        0     1                 
80200010 80200010        0     1                 $x.0
80200010 80200010        0     1                 
80200010 80200010       1a     1                 virtq_is_busy
80200016 80200016        0     1                 
80200018 80200018        0     1                 
8020001a 8020001a        0     1                 
8020001e 8020001e        0     1                 
80200022 80200022        0     1                 
80200028 80200028        0     1                 
8020002a 8020002a        0     1                 
8020002a 8020002a        0     1                 
8020002a 8020002a        0     1                 
8020002a 8020002a       44     1                 fs_lookup
80200034 80200034        0     1                 
80200034 80200034        0     1                 
80200046 80200046        0     1                 
80200046 80200046        0     1                 
80200048 80200048        0     1                 
80200048 80200048        0     1                 
80200052 80200052        0     1                 
80200052 80200052        0     1                 
80200054 80200054        0     1                 
80200058 80200058        0     1                 .LBB1_3
8020005a 8020005a        0     1                 .LBB1_4
80200064 80200064        0     1                 .LBB1_5
80200068 80200068        0     1                 
8020006a 8020006a        0     1                 
8020006e 8020006e        0     1                 
8020006e 8020006e        0     1                 
8020006e 8020006e        0     1                 
8020006e 8020006e        0     1                 
8020006e 8020006e        0     1                 
8020006e 8020006e       2c     1                 oct2int
80200070 80200070        0     1                 
80200070 80200070        0     1                 
80200074 80200074        0     1                 
80200078 80200078        0     1                 
80200078 80200078        0     1                 .LBB2_2
80200078 80200078        0     1                 
8020007c 8020007c        0     1                 
80200088 80200088        0     1                 
8020008a 8020008a        0     1                 
8020008a 8020008a        0     1                 
8020008c 8020008c        0     1                 
80200090 80200090        0     1                 
80200090 80200090        0     1                 
80200094 80200094        0     1                 
80200096 80200096        0     1                 .LBB2_4
80200096 80200096        0     1                 
80200096 80200096        0     1                 
8020009a 8020009a        0     1                 
8020009a 8020009a        0     1                 
8020009a 8020009a        0     1                 
8020009a 8020009a        0     1                 
8020009a 8020009a        0     1                 
8020009a 8020009a      23e     1                 fs_init
802000b6 802000b6        0     1                 
802000b6 802000b6        0     1                 
802000c6 802000c6        0     1                 
802000d2 802000d2        0     1                 
802000dc 802000dc        0     1                 
802000e6 802000e6        0     1                 
802000f2 802000f2        0     1                 
802000f2 802000f2        0     1                 
80200114 80200114        0     1                 
80200114 80200114        0     1                 .LBB3_1
80200116 80200116        0     1                 
80200116 80200116        0     1                 .LBB3_2
80200116 80200116        0     1                 
80200122 80200122        0     1                 
80200122 80200122        0     1                 
80200124 80200124        0     1                 
80200124 80200124        0     1                 
80200128 80200128        0     1                 
8020012c 8020012c        0     1                 
80200134 80200134        0     1                 
80200134 80200134        0     1                 
80200138 80200138        0     1                 
8020013c 8020013c        0     1                 
80200142 80200142        0     1                 
80200142 80200142        0     1                 
80200146 80200146        0     1                 
80200150 80200150        0     1                 
80200150 80200150        0     1                 
80200154 80200154        0     1                 
80200158 80200158        0     1                 
80200158 80200158        0     1                 
8020015c 8020015c        0     1                 
8020015c 8020015c        0     1                 
8020015e 8020015e        0     1                 
8020015e 8020015e        0     1                 
80200160 80200160        0     1                 
80200160 80200160        0     1                 
80200164 80200164        0     1                 .LBB3_3
80200164 80200164        0     1                 
80200164 80200164        0     1                 
80200168 80200168        0     1                 
80200168 80200168        0     1                 
8020016c 8020016c        0     1                 
80200170 80200170        0     1                 
80200174 80200174        0     1                 
8020017c 8020017c        0     1                 
8020017c 8020017c        0     1                 
80200180 80200180        0     1                 
80200180 80200180        0     1                 
80200184 80200184        0     1                 
80200190 80200190        0     1                 
80200194 80200194        0     1                 
8020019c 8020019c        0     1                 
802001a0 802001a0        0     1                 
802001a0 802001a0        0     1                 
802001a4 802001a4        0     1                 
802001a8 802001a8        0     1                 
802001aa 802001aa        0     1                 
802001aa 802001aa        0     1                 
802001ac 802001ac        0     1                 
802001b4 802001b4        0     1                 
802001b8 802001b8        0     1                 
802001b8 802001b8        0     1                 
802001bc 802001bc        0     1                 
802001c0 802001c0        0     1                 
802001c2 802001c2        0     1                 
802001c2 802001c2        0     1                 
802001c4 802001c4        0     1                 
802001cc 802001cc        0     1                 
802001d0 802001d0        0     1                 
802001d0 802001d0        0     1                 
802001d4 802001d4        0     1                 
802001d8 802001d8        0     1                 
802001da 802001da        0     1                 
802001da 802001da        0     1                 
802001dc 802001dc        0     1                 
802001e4 802001e4        0     1                 
802001e8 802001e8        0     1                 
802001e8 802001e8        0     1                 
802001ec 802001ec        0     1                 
802001f0 802001f0        0     1                 
802001f2 802001f2        0     1                 
802001f2 802001f2        0     1                 
802001f4 802001f4        0     1                 
802001fc 802001fc        0     1                 
80200200 80200200        0     1                 
80200200 80200200        0     1                 
80200204 80200204        0     1                 
80200208 80200208        0     1                 
8020020a 8020020a        0     1                 
8020020a 8020020a        0     1                 
8020020c 8020020c        0     1                 
80200214 80200214        0     1                 
80200218 80200218        0     1                 
80200218 80200218        0     1                 
8020021c 8020021c        0     1                 
80200220 80200220        0     1                 
80200222 80200222        0     1                 
80200222 80200222        0     1                 
80200224 80200224        0     1                 
8020022c 8020022c        0     1                 
80200230 80200230        0     1                 
80200230 80200230        0     1                 
80200234 80200234        0     1                 
80200238 80200238        0     1                 
8020023a 8020023a        0     1                 
8020023a 8020023a        0     1                 
8020023c 8020023c        0     1                 
80200244 80200244        0     1                 
80200248 80200248        0     1                 
80200248 80200248        0     1                 
8020024c 8020024c        0     1                 
80200250 80200250        0     1                 
80200252 80200252        0     1                 
80200252 80200252        0     1                 
80200254 80200254        0     1                 
8020025c 8020025c        0     1                 
80200260 80200260        0     1                 
80200260 80200260        0     1                 
80200264 80200264        0     1                 
80200268 80200268        0     1                 
8020026a 8020026a        0     1                 
8020026a 8020026a        0     1                 
8020026c 8020026c        0     1                 
80200274 80200274        0     1                 
80200278 80200278        0     1                 
80200278 80200278        0     1                 
8020027c 8020027c        0     1                 
80200280 80200280        0     1                 
80200282 80200282        0     1                 
80200282 80200282        0     1                 
80200284 80200284        0     1                 
8020028c 8020028c        0     1                 
80200290 80200290        0     1                 
80200290 80200290        0     1                 
80200294 80200294        0     1                 
80200296 80200296        0     1                 
80200296 80200296        0     1                 
80200298 80200298        0     1                 
8020029c 8020029c        0     1                 
8020029c 8020029c        0     1                 
8020029e 8020029e        0     1                 .LBB3_18
8020029e 8020029e        0     1                 
802002b0 802002b0        0     1                 
802002b8 802002b8        0     1                 
802002bc 802002bc        0     1                 .LBB3_19
802002bc 802002bc        0     1                 
802002bc 802002bc        0     1                 
802002d6 802002d6        0     1                 
802002d6 802002d6        0     1                 .LBB3_20
802002d8 802002d8        0     1                 
802002d8 802002d8        0     1                 
802002d8 802002d8        0     1                 
802002d8 802002d8        0     1                 
802002d8 802002d8        0     1                 
802002d8 802002d8        0     1                 
802002d8 802002d8      184     1                 read_write_disk
802002e2 802002e2        0     1                 
802002ee 802002ee        0     1                 
802002fa 802002fa        0     1                 
80200304 80200304        0     1                 
80200306 80200306        0     1                 
80200308 80200308        0     1                 
8020030a 8020030a        0     1                 
8020030a 8020030a        0     1                 
80200312 80200312        0     1                 
80200340 80200340        0     1                 
80200344 80200344        0     1                 
80200344 80200344        0     1                 
80200354 80200354        0     1                 
80200356 80200356        0     1                 
80200358 80200358        0     1                 
80200362 80200362        0     1                 
80200362 80200362        0     1                 
80200366 80200366        0     1                 .LBB4_3
80200366 80200366        0     1                 
80200366 80200366        0     1                 
8020036a 8020036a        0     1                 
80200370 80200370        0     1                 
80200370 80200370        0     1                 
80200378 80200378        0     1                 
8020037e 8020037e        0     1                 .LBB4_4
8020037e 8020037e        0     1                 
8020037e 8020037e        0     1                 
80200380 80200380        0     1                 .LBB4_5
80200380 80200380        0     1                 
80200388 80200388        0     1                 
80200388 80200388        0     1                 
8020038a 8020038a        0     1                 
80200398 80200398        0     1                 
802003a0 802003a0        0     1                 
802003a6 802003a6        0     1                 
802003a8 802003a8        0     1                 
802003ac 802003ac        0     1                 
802003b6 802003b6        0     1                 
802003b8 802003b8        0     1                 
802003be 802003be        0     1                 
802003c2 802003c2        0     1                 
802003c6 802003c6        0     1                 
802003cc 802003cc        0     1                 
802003cc 802003cc        0     1                 
802003d2 802003d2        0     1                 
802003d2 802003d2        0     1                 
802003d4 802003d4        0     1                 
802003dc 802003dc        0     1                 
802003dc 802003dc        0     1                 
802003de 802003de        0     1                 
802003de 802003de        0     1                 
802003e0 802003e0        0     1                 
802003e4 802003e4        0     1                 
802003ea 802003ea        0     1                 
802003ee 802003ee        0     1                 
802003f4 802003f4        0     1                 
802003f4 802003f4        0     1                 
802003f6 802003f6        0     1                 
80200408 80200408        0     1                 
80200408 80200408        0     1                 .LBB4_6
80200408 80200408        0     1                 
8020040c 8020040c        0     1                 
80200410 80200410        0     1                 
80200418 80200418        0     1                 
8020041c 8020041c        0     1                 
8020041e 8020041e        0     1                 
80200420 80200420        0     1                 
8020042c 8020042c        0     1                 
8020042c 8020042c        0     1                 
8020042e 8020042e        0     1                 
80200430 80200430        0     1                 
80200436 80200436        0     1                 .LBB4_9
80200436 80200436        0     1                 
80200436 80200436        0     1                 
80200438 80200438        0     1                 
8020043c 8020043c        0     1                 
8020043e 8020043e        0     1                 
80200440 80200440        0     1                 
80200444 80200444        0     1                 .LBB4_11
80200444 80200444        0     1                 
80200444 80200444        0     1                 
80200448 80200448        0     1                 
80200452 80200452        0     1                 
80200452 80200452        0     1                 
80200454 80200454        0     1                 
80200456 80200456        0     1                 
8020045c 8020045c        0     1                 
8020045c 8020045c        0     1                 
8020045c 8020045c        0     1                 
8020045c 8020045c        0     1                 
8020045c 8020045c        0     1                 
8020045c 8020045c        0     1                 
8020045c 8020045c      2ca     1                 fs_flush
80200478 80200478        0     1                 
8020048c 8020048c        0     1                 
8020048c 8020048c        0     1                 
80200492 80200492        0     1                 
802004bc 802004bc        0     1                 
802004bc 802004bc        0     1                 .LBB5_1
802004bc 802004bc        0     1                 
802004c2 802004c2        0     1                 
802004c2 802004c2        0     1                 
802004c4 802004c4        0     1                 
802004c8 802004c8        0     1                 .LBB5_2
802004c8 802004c8        0     1                 
802004c8 802004c8        0     1                 
802004ce 802004ce        0     1                 
802004ce 802004ce        0     1                 
802004d0 802004d0        0     1                 
802004d0 802004d0        0     1                 
802004d2 802004d2        0     1                 
802004d6 802004d6        0     1                 
802004d6 802004d6        0     1                 
802004e2 802004e2        0     1                 
802004e2 802004e2        0     1                 
802004e6 802004e6        0     1                 
802004ec 802004ec        0     1                 
802004ec 802004ec        0     1                 
802004f0 802004f0        0     1                 
802004f6 802004f6        0     1                 
802004f6 802004f6        0     1                 
802004fa 802004fa        0     1                 
80200500 80200500        0     1                 
80200500 80200500        0     1                 
80200504 80200504        0     1                 
8020050a 8020050a        0     1                 
8020050a 8020050a        0     1                 
8020050e 8020050e        0     1                 
8020050e 8020050e        0     1                 
80200512 80200512        0     1                 
80200516 80200516        0     1                 
80200516 80200516        0     1                 
80200524 80200524        0     1                 
80200524 80200524        0     1                 
8020052c 8020052c        0     1                 
80200530 80200530        0     1                 
80200534 80200534        0     1                 
80200534 80200534        0     1                 
80200540 80200540        0     1                 
80200540 80200540        0     1                 
80200544 80200544        0     1                 
80200548 80200548        0     1                 
80200550 80200550        0     1                 
80200550 80200550        0     1                 
8020055c 8020055c        0     1                 
8020055c 8020055c        0     1                 
80200560 80200560        0     1                 
80200564 80200564        0     1                 
8020056c 8020056c        0     1                 
8020056c 8020056c        0     1                 
80200578 80200578        0     1                 
80200578 80200578        0     1                 
8020057c 8020057c        0     1                 
80200580 80200580        0     1                 
80200588 80200588        0     1                 
80200588 80200588        0     1                 
80200594 80200594        0     1                 
80200594 80200594        0     1                 
80200598 80200598        0     1                 
8020059c 8020059c        0     1                 
802005a4 802005a4        0     1                 
802005a4 802005a4        0     1                 
802005b0 802005b0        0     1                 
802005b0 802005b0        0     1                 
802005b4 802005b4        0     1                 
802005b8 802005b8        0     1                 
802005c0 802005c0        0     1                 
802005c0 802005c0        0     1                 
802005ce 802005ce        0     1                 
802005ce 802005ce        0     1                 
802005d2 802005d2        0     1                 
802005d6 802005d6        0     1                 
802005de 802005de        0     1                 
802005de 802005de        0     1                 
802005ec 802005ec        0     1                 
802005ec 802005ec        0     1                 
802005f0 802005f0        0     1                 
802005f4 802005f4        0     1                 
802005fe 802005fe        0     1                 
802005fe 802005fe        0     1                 
8020060c 8020060c        0     1                 
8020060c 8020060c        0     1                 
80200610 80200610        0     1                 
80200614 80200614        0     1                 
8020061c 8020061c        0     1                 
8020061c 8020061c        0     1                 
8020062a 8020062a        0     1                 
8020062a 8020062a        0     1                 
8020062e 8020062e        0     1                 
80200632 80200632        0     1                 
80200638 80200638        0     1                 
80200638 80200638        0     1                 
8020063c 8020063c        0     1                 
8020063c 8020063c        0     1                 
80200640 80200640        0     1                 
80200644 80200644        0     1                 
80200644 80200644        0     1                 
8020064e 8020064e        0     1                 
8020064e 8020064e        0     1                 .LBB5_4
8020064e 8020064e        0     1                 
80200652 80200652        0     1                 
80200654 80200654        0     1                 
80200656 80200656        0     1                 
8020065a 8020065a        0     1                 
8020065a 8020065a        0     1                 
80200662 80200662        0     1                 
80200666 80200666        0     1                 
80200666 80200666        0     1                 
80200670 80200670        0     1                 
80200674 80200674        0     1                 
80200674 80200674        0     1                 
8020067e 8020067e        0     1                 
80200682 80200682        0     1                 
80200682 80200682        0     1                 
8020068c 8020068c        0     1                 
80200690 80200690        0     1                 
80200690 80200690        0     1                 
8020069a 8020069a        0     1                 
8020069e 8020069e        0     1                 
8020069e 8020069e        0     1                 
802006a6 802006a6        0     1                 
802006aa 802006aa        0     1                 
802006aa 802006aa        0     1                 
802006ae 802006ae        0     1                 
802006b2 802006b2        0     1                 
802006b2 802006b2        0     1                 
802006be 802006be        0     1                 
802006c0 802006c0        0     1                 
802006c2 802006c2        0     1                 .LBB5_6
802006c2 802006c2        0     1                 
802006c2 802006c2        0     1                 
802006d0 802006d0        0     1                 
802006da 802006da        0     1                 
802006e4 802006e4        0     1                 
802006ee 802006ee        0     1                 
802006fa 802006fa        0     1                 
802006fa 802006fa        0     1                 
8020071a 8020071a        0     1                 
8020071a 8020071a        0     1                 
80200720 80200720        0     1                 
80200726 80200726        0     1                 
80200726 80200726        0     1                 
80200726 80200726        0     1                 
80200726 80200726        0     1                 
80200726 80200726        0     1                 
80200726 80200726        0     1                 
80200726 80200726       78     1                 virtq_init
8020072e 8020072e        0     1                 
8020072e 8020072e        0     1                 
80200736 80200736        0     1                 
80200736 80200736        0     1                 
80200738 80200738        0     1                 
8020073a 8020073a        0     1                 
8020073c 8020073c        0     1                 
80200744 80200744        0     1                 
80200748 80200748        0     1                 
8020074c 8020074c        0     1                 
80200764 80200764        0     1                 
80200764 80200764        0     1                 .LBB6_2
80200766 80200766        0     1                 .LBB6_3
80200766 80200766        0     1                 
80200770 80200770        0     1                 
80200770 80200770        0     1                 
80200772 80200772        0     1                 
80200776 80200776        0     1                 
8020077c 8020077c        0     1                 
8020077e 8020077e        0     1                 
80200786 80200786        0     1                 
80200786 80200786        0     1                 
8020078a 8020078a        0     1                 
8020078a 8020078a        0     1                 
8020078c 8020078c        0     1                 
80200790 80200790        0     1                 
80200790 80200790        0     1                 
80200792 80200792        0     1                 
80200798 80200798        0     1                 
80200798 80200798        0     1                 
8020079a 8020079a        0     1                 
8020079a 8020079a        0     1                 
8020079e 8020079e        0     1                 
8020079e 8020079e        0     1                 
8020079e 8020079e        0     1                 
8020079e 8020079e        0     1                 
8020079e 8020079e        0     1                 
8020079e 8020079e       52     1                 alloc_pages
802007a4 802007a4        0     1                 
802007ac 802007ac        0     1                 
802007ac 802007ac        0     1                 
802007b0 802007b0        0     1                 
802007b4 802007b4        0     1                 
802007b4 802007b4        0     1                 
802007bc 802007bc        0     1                 
802007c0 802007c0        0     1                 
802007c4 802007c4        0     1                 
802007dc 802007dc        0     1                 
802007dc 802007dc        0     1                 .LBB7_2
802007de 802007de        0     1                 .LBB7_3
802007de 802007de        0     1                 
802007e6 802007e6        0     1                 
802007e6 802007e6        0     1                 
802007ec 802007ec        0     1                 
802007ec 802007ec        0     1                 
802007f0 802007f0        0     1                 
802007f0 802007f0        0     1                 
802007f0 802007f0        0     1                 
802007f0 802007f0        0     1                 
802007f0 802007f0        0     1                 
802007f0 802007f0        a     1                 virtio_reg_write32
802007f6 802007f6        0     1                 
802007f6 802007f6        0     1                 
802007f8 802007f8        0     1                 
802007fa 802007fa        0     1                 
802007fa 802007fa        0     1                 
802007fa 802007fa        0     1                 
802007fa 802007fa      186     1                 virtio_blk_init
8020080a 8020080a        0     1                 
8020080a 8020080a        0     1                 
80200814 80200814        0     1                 
80200818 80200818        0     1                 
80200818 80200818        0     1                 
8020081c 8020081c        0     1                 
80200820 80200820        0     1                 
80200824 80200824        0     1                 
80200824 80200824        0     1                 
80200828 80200828        0     1                 
8020082c 8020082c        0     1                 
8020082c 8020082c        0     1                 
80200830 80200830        0     1                 
80200830 80200830        0     1                 
80200832 80200832        0     1                 
80200836 80200836        0     1                 
80200836 80200836        0     1                 
80200838 80200838        0     1                 
80200838 80200838        0     1                 
8020083a 8020083a        0     1                 
8020083e 8020083e        0     1                 
8020083e 8020083e        0     1                 
80200842 80200842        0     1                 
80200842 80200842        0     1                 
80200846 80200846        0     1                 
80200846 80200846        0     1                 
8020084e 8020084e        0     1                 
8020084e 8020084e        0     1                 
80200850 80200850        0     1                 
80200852 80200852        0     1                 
8020085a 8020085a        0     1                 
8020085e 8020085e        0     1                 
80200862 80200862        0     1                 
8020087a 8020087a        0     1                 
8020087a 8020087a        0     1                 .LBB9_5
8020087c 8020087c        0     1                 .LBB9_6
8020087c 8020087c        0     1                 
8020087c 8020087c        0     1                 
80200894 80200894        0     1                 
80200894 80200894        0     1                 .LBB9_7
80200896 80200896        0     1                 .LBB9_8
80200896 80200896        0     1                 
802008ae 802008ae        0     1                 
802008ae 802008ae        0     1                 .LBB9_9
802008b0 802008b0        0     1                 .LBB9_10
802008b0 802008b0        0     1                 
802008c8 802008c8        0     1                 
802008c8 802008c8        0     1                 .LBB9_11
802008ca 802008ca        0     1                 .LBB9_12
802008ca 802008ca        0     1                 
802008ca 802008ca        0     1                 
802008d4 802008d4        0     1                 
802008d4 802008d4        0     1                 
802008d8 802008d8        0     1                 
802008e0 802008e0        0     1                 
802008e2 802008e2        0     1                 
802008ea 802008ea        0     1                 
802008ea 802008ea        0     1                 
802008f0 802008f0        0     1                 
802008f0 802008f0        0     1                 
802008f2 802008f2        0     1                 
802008f6 802008f6        0     1                 
802008f6 802008f6        0     1                 
802008f8 802008f8        0     1                 
802008f8 802008f8        0     1                 
80200902 80200902        0     1                 
80200902 80200902        0     1                 
80200904 80200904        0     1                 
80200904 80200904        0     1                 
8020090c 8020090c        0     1                 
80200918 80200918        0     1                 
80200924 80200924        0     1                 
80200930 80200930        0     1                 
80200930 80200930        0     1                 
80200934 80200934        0     1                 
80200934 80200934        0     1                 
8020093a 8020093a        0     1                 
8020093e 8020093e        0     1                 
8020093e 8020093e        0     1                 
80200956 80200956        0     1                 
80200956 80200956        0     1                 .LBB9_14
80200958 80200958        0     1                 .LBB9_15
80200958 80200958        0     1                 
80200962 80200962        0     1                 
80200962 80200962        0     1                 
8020096a 8020096a        0     1                 
80200976 80200976        0     1                 
80200976 80200976        0     1                 
8020097c 8020097c        0     1                 
80200980 80200980        0     1                 
80200980 80200980        0     1                 
80200980 80200980        0     1                 
80200980 80200980        0     1                 
80200980 80200980        0     1                 
80200980 80200980        a     1                 virtio_reg_read32
80200986 80200986        0     1                 
80200986 80200986        0     1                 
80200988 80200988        0     1                 
8020098a 8020098a        0     1                 
8020098a 8020098a        0     1                 
8020098a 8020098a        0     1                 
8020098a 8020098a        e     1                 virtio_reg_fetch_and_or32
80200990 80200990        0     1                 
80200990 80200990        0     1                 
80200992 80200992        0     1                 
80200994 80200994        0     1                 
80200994 80200994        0     1                 
80200996 80200996        0     1                 
80200998 80200998        0     1                 
80200998 80200998        0     1                 
80200998 80200998        0     1                 
80200998 80200998        c     1                 virtio_reg_read64
8020099c 8020099c        0     1                 
8020099e 8020099e        0     1                 
8020099e 8020099e        0     1                 
802009a2 802009a2        0     1                 
802009a4 802009a4        0     1                 
802009a4 802009a4        0     1                 
802009a4 802009a4        0     1                 
802009a4 802009a4       36     1                 virtq_kick
802009ae 802009ae        0     1                 
802009b4 802009b4        0     1                 
802009b6 802009b6        0     1                 
802009b8 802009b8        0     1                 
802009bc 802009bc        0     1                 
802009c2 802009c2        0     1                 
802009c6 802009c6        0     1                 
802009c8 802009c8        0     1                 
802009c8 802009c8        0     1                 
802009cc 802009cc        0     1                 
802009cc 802009cc        0     1                 
802009ce 802009ce        0     1                 
802009d8 802009d8        0     1                 
802009da 802009da        0     1                 
802009da 802009da        0     1                 
802009da 802009da        0     1                 
802009da 802009da      1d2     1                 yield
802009e6 802009e6        0     1                 
802009ea 802009ea        0     1                 
802009ea 802009ea        0     1                 
802009f8 802009f8        0     1                 
80200a0c 80200a0c        0     1                 
80200a0c 80200a0c        0     1                 
80200a10 80200a10        0     1                 
80200a10 80200a10        0     1                 
80200a12 80200a12        0     1                 
80200a12 80200a12        0     1                 
80200a16 80200a16        0     1                 
80200a16 80200a16        0     1                 
80200a18 80200a18        0     1                 
80200a1c 80200a1c        0     1                 .LBB14_2
80200a1c 80200a1c        0     1                 
80200a1c 80200a1c        0     1                 
80200a20 80200a20        0     1                 
80200a2c 80200a2c        0     1                 
80200a38 80200a38        0     1                 
80200a3c 80200a3c        0     1                 
80200a46 80200a46        0     1                 
80200a46 80200a46        0     1                 
80200a48 80200a48        0     1                 
80200a4c 80200a4c        0     1                 .LBB14_4
80200a4c 80200a4c        0     1                 
80200a4c 80200a4c        0     1                 
80200a50 80200a50        0     1                 
80200a5c 80200a5c        0     1                 
80200a74 80200a74        0     1                 
80200a78 80200a78        0     1                 
80200a78 80200a78        0     1                 
80200a7a 80200a7a        0     1                 
80200a7e 80200a7e        0     1                 .LBB14_6
80200a7e 80200a7e        0     1                 
80200a7e 80200a7e        0     1                 
80200a82 80200a82        0     1                 
80200a8e 80200a8e        0     1                 
80200a9a 80200a9a        0     1                 
80200a9e 80200a9e        0     1                 
80200aa8 80200aa8        0     1                 
80200aa8 80200aa8        0     1                 
80200aaa 80200aaa        0     1                 
80200aae 80200aae        0     1                 .LBB14_8
80200aae 80200aae        0     1                 
80200aae 80200aae        0     1                 
80200ab2 80200ab2        0     1                 
80200abe 80200abe        0     1                 
80200ad6 80200ad6        0     1                 
80200ada 80200ada        0     1                 
80200ada 80200ada        0     1                 
80200adc 80200adc        0     1                 
80200ae0 80200ae0        0     1                 .LBB14_10
80200ae0 80200ae0        0     1                 
80200ae0 80200ae0        0     1                 
80200ae4 80200ae4        0     1                 
80200af0 80200af0        0     1                 
80200afc 80200afc        0     1                 
80200b00 80200b00        0     1                 
80200b0a 80200b0a        0     1                 
80200b0a 80200b0a        0     1                 
80200b0c 80200b0c        0     1                 
80200b10 80200b10        0     1                 .LBB14_12
80200b10 80200b10        0     1                 
80200b10 80200b10        0     1                 
80200b14 80200b14        0     1                 
80200b20 80200b20        0     1                 
80200b38 80200b38        0     1                 
80200b3c 80200b3c        0     1                 
80200b3c 80200b3c        0     1                 
80200b3e 80200b3e        0     1                 
80200b42 80200b42        0     1                 .LBB14_14
80200b42 80200b42        0     1                 
80200b42 80200b42        0     1                 
80200b44 80200b44        0     1                 
80200b50 80200b50        0     1                 
80200b5c 80200b5c        0     1                 
80200b60 80200b60        0     1                 
80200b6a 80200b6a        0     1                 
80200b6a 80200b6a        0     1                 
80200b6c 80200b6c        0     1                 
80200b70 80200b70        0     1                 .LBB14_16
80200b70 80200b70        0     1                 
80200b70 80200b70        0     1                 
80200b72 80200b72        0     1                 .LBB14_17
80200b72 80200b72        0     1                 
80200b72 80200b72        0     1                 
80200b76 80200b76        0     1                 
80200b78 80200b78        0     1                 
80200b7e 80200b7e        0     1                 
80200b84 80200b84        0     1                 
80200b86 80200b86        0     1                 
80200b96 80200b96        0     1                 
80200b9e 80200b9e        0     1                 
80200b9e 80200b9e        0     1                 
80200ba0 80200ba0        0     1                 
80200ba0 80200ba0        0     1                 
80200ba4 80200ba4        0     1                 
80200ba8 80200ba8        0     1                 
80200baa 80200baa        0     1                 .LBB14_19
80200baa 80200baa        0     1                 
80200baa 80200baa        0     1                 
80200bac 80200bac        0     1                 
80200bac 80200bac        0     1                 
80200bac 80200bac        0     1                 
80200bac 80200bac        0     1                 
80200bac 80200bac        0     1                 
80200bac 80200bac       46     1                 switch_context
80200bf2 80200bf2        0     1                 
80200bf2 80200bf2        0     1                 
80200bf2 80200bf2        0     1                 
80200bf2 80200bf2       18     1                 user_entry
80200bfe 80200bfe        0     1                 
80200c0a 80200c0a        0     1                 
80200c0a 80200c0a        0     1                 
80200c0a 80200c0a        0     1                 
80200c0a 80200c0a       3a     1                 proc_a_entry
80200c10 80200c10        0     1                 
80200c1a 80200c1a        0     1                 
80200c1a 80200c1a        0     1                 
80200c22 80200c22        0     1                 .LBB17_1
80200c22 80200c22        0     1                 
80200c22 80200c22        0     1                 
80200c38 80200c38        0     1                 
80200c38 80200c38        0     1                 
80200c3a 80200c3a        0     1                 
80200c3a 80200c3a        0     1                 
80200c3c 80200c3c        0     1                 
80200c3c 80200c3c        0     1                 .LBB17_2
80200c3c 80200c3c        0     1                 
80200c3e 80200c3e        0     1                 
80200c3e 80200c3e        0     1                 
80200c40 80200c40        0     1                 
80200c40 80200c40        0     1                 
80200c44 80200c44        0     1                 
80200c44 80200c44        0     1                 
80200c44 80200c44        0     1                 
80200c44 80200c44        0     1                 
80200c44 80200c44        0     1                 
80200c44 80200c44        0     1                 
80200c44 80200c44       14     1                 putchar
80200c56 80200c56        0     1                 
80200c56 80200c56        0     1                 
80200c58 80200c58        0     1                 
80200c58 80200c58        0     1                 
80200c58 80200c58        0     1                 
80200c58 80200c58       10     1                 delay
80200c60 80200c60        0     1                 .LBB19_1
80200c60 80200c60        0     1                 
80200c60 80200c60        0     1                 
80200c62 80200c62        0     1                 
80200c62 80200c62        0     1                 
80200c64 80200c64        0     1                 
80200c64 80200c64        0     1                 
80200c66 80200c66        0     1                 
80200c66 80200c66        0     1                 
80200c68 80200c68        0     1                 
80200c68 80200c68        0     1                 
80200c68 80200c68        0     1                 
80200c68 80200c68        0     1                 
80200c68 80200c68        0     1                 
80200c68 80200c68       3a     1                 proc_b_entry
80200c6e 80200c6e        0     1                 
80200c78 80200c78        0     1                 
80200c78 80200c78        0     1                 
80200c80 80200c80        0     1                 .LBB20_1
80200c80 80200c80        0     1                 
80200c80 80200c80        0     1                 
80200c96 80200c96        0     1                 
80200c96 80200c96        0     1                 
80200c98 80200c98        0     1                 
80200c98 80200c98        0     1                 
80200c9a 80200c9a        0     1                 
80200c9a 80200c9a        0     1                 .LBB20_2
80200c9a 80200c9a        0     1                 
80200c9c 80200c9c        0     1                 
80200c9c 80200c9c        0     1                 
80200c9e 80200c9e        0     1                 
80200c9e 80200c9e        0     1                 
80200ca2 80200ca2        0     1                 
80200ca2 80200ca2        0     1                 
80200ca2 80200ca2        0     1                 
80200ca2 80200ca2        0     1                 
80200ca2 80200ca2        0     1                 
80200ca2 80200ca2        0     1                 
80200ca2 80200ca2      284     1                 create_process
80200cbe 80200cbe        0     1                 
80200cca 80200cca        0     1                 
80200cca 80200cca        0     1                 
80200ccc 80200ccc        0     1                 
80200ccc 80200ccc        0     1                 
80200cce 80200cce        0     1                 
80200cce 80200cce        0     1                 
80200cd4 80200cd4        0     1                 
80200cd6 80200cd6        0     1                 
80200cd6 80200cd6        0     1                 
80200ce4 80200ce4        0     1                 
80200ce6 80200ce6        0     1                 
80200ce6 80200ce6        0     1                 
80200cec 80200cec        0     1                 
80200cee 80200cee        0     1                 
80200cee 80200cee        0     1                 
80200cfc 80200cfc        0     1                 
80200cfe 80200cfe        0     1                 
80200cfe 80200cfe        0     1                 
80200d04 80200d04        0     1                 
80200d06 80200d06        0     1                 
80200d06 80200d06        0     1                 
80200d14 80200d14        0     1                 
80200d16 80200d16        0     1                 
80200d16 80200d16        0     1                 
80200d1c 80200d1c        0     1                 
80200d1e 80200d1e        0     1                 
80200d1e 80200d1e        0     1                 
80200d34 80200d34        0     1                 
80200d34 80200d34        0     1                 .LBB21_9
80200d36 80200d36        0     1                 .LBB21_10
80200d36 80200d36        0     1                 
80200d36 80200d36        0     1                 
80200d3a 80200d3a        0     1                 .LBB21_11
80200d3a 80200d3a        0     1                 
80200d3e 80200d3e        0     1                 .LBB21_12
80200d3e 80200d3e        0     1                 
80200d42 80200d42        0     1                 .LBB21_13
80200d42 80200d42        0     1                 
80200d46 80200d46        0     1                 .LBB21_14
80200d46 80200d46        0     1                 
80200d4a 80200d4a        0     1                 .LBB21_15
80200d4a 80200d4a        0     1                 
80200d4e 80200d4e        0     1                 .LBB21_16
80200d4e 80200d4e        0     1                 
80200d52 80200d52        0     1                 .LBB21_17
80200d52 80200d52        0     1                 
80200d54 80200d54        0     1                 .LBB21_18
80200d54 80200d54        0     1                 
80200d54 80200d54        0     1                 
80200d62 80200d62        0     1                 
80200d68 80200d68        0     1                 
80200d6c 80200d6c        0     1                 
80200d70 80200d70        0     1                 
80200d74 80200d74        0     1                 
80200d78 80200d78        0     1                 
80200d7c 80200d7c        0     1                 
80200d80 80200d80        0     1                 
80200d84 80200d84        0     1                 
80200d88 80200d88        0     1                 
80200d8c 80200d8c        0     1                 
80200d90 80200d90        0     1                 
80200d94 80200d94        0     1                 
80200d9c 80200d9c        0     1                 
80200da0 80200da0        0     1                 
80200da0 80200da0        0     1                 
80200da4 80200da4        0     1                 
80200da4 80200da4        0     1                 
80200dac 80200dac        0     1                 
80200dac 80200dac        0     1                 
80200db4 80200db4        0     1                 
80200db4 80200db4        0     1                 
80200db6 80200db6        0     1                 
80200dbe 80200dbe        0     1                 
80200dc6 80200dc6        0     1                 
80200ddc 80200ddc        0     1                 
80200ddc 80200ddc        0     1                 .LBB21_20
80200dde 80200dde        0     1                 .LBB21_21
80200dde 80200dde        0     1                 
80200dde 80200dde        0     1                 
80200de0 80200de0        0     1                 
80200de2 80200de2        0     1                 
80200dec 80200dec        0     1                 
80200dec 80200dec        0     1                 
80200df8 80200df8        0     1                 
80200df8 80200df8        0     1                 
80200e00 80200e00        0     1                 
80200e00 80200e00        0     1                 .LBB21_23
80200e00 80200e00        0     1                 
80200e0a 80200e0a        0     1                 
80200e0a 80200e0a        0     1                 
80200e0c 80200e0c        0     1                 
80200e10 80200e10        0     1                 .LBB21_24
80200e10 80200e10        0     1                 
80200e10 80200e10        0     1                 
80200e14 80200e14        0     1                 
80200e18 80200e18        0     1                 
80200e18 80200e18        0     1                 
80200e1a 80200e1a        0     1                 
80200e1a 80200e1a        0     1                 
80200e22 80200e22        0     1                 
80200e22 80200e22        0     1                 
80200e24 80200e24        0     1                 
80200e26 80200e26        0     1                 
80200e2e 80200e2e        0     1                 
80200e32 80200e32        0     1                 
80200e36 80200e36        0     1                 
80200e4c 80200e4c        0     1                 
80200e4c 80200e4c        0     1                 .LBB21_27
80200e4e 80200e4e        0     1                 .LBB21_28
80200e4e 80200e4e        0     1                 
80200e56 80200e56        0     1                 
80200e56 80200e56        0     1                 
80200e58 80200e58        0     1                 
80200e5c 80200e5c        0     1                 
80200e5e 80200e5e        0     1                 
80200e62 80200e62        0     1                 .LBB21_29
80200e62 80200e62        0     1                 
80200e62 80200e62        0     1                 
80200e66 80200e66        0     1                 
80200e66 80200e66        0     1                 
80200e6e 80200e6e        0     1                 
80200e70 80200e70        0     1                 
80200e70 80200e70        0     1                 
80200e74 80200e74        0     1                 
80200e74 80200e74        0     1                 
80200e8e 80200e8e        0     1                 
80200e8e 80200e8e        0     1                 .LBB21_31
80200e8e 80200e8e        0     1                 
80200e92 80200e92        0     1                 
80200e96 80200e96        0     1                 
80200e96 80200e96        0     1                 
80200e9a 80200e9a        0     1                 
80200ea2 80200ea2        0     1                 
80200ea2 80200ea2        0     1                 
80200ea4 80200ea4        0     1                 
80200ea4 80200ea4        0     1                 
80200eac 80200eac        0     1                 
80200eb0 80200eb0        0     1                 .LBB21_32
80200eb0 80200eb0        0     1                 
80200eb0 80200eb0        0     1                 
80200eb4 80200eb4        0     1                 
80200eb4 80200eb4        0     1                 
80200ebc 80200ebc        0     1                 
80200ec0 80200ec0        0     1                 
80200ec8 80200ec8        0     1                 
80200ec8 80200ec8        0     1                 
80200eca 80200eca        0     1                 
80200eca 80200eca        0     1                 
80200ece 80200ece        0     1                 
80200ece 80200ece        0     1                 
80200ed2 80200ed2        0     1                 .LBB21_35
80200ed2 80200ed2        0     1                 
80200ede 80200ede        0     1                 
80200ede 80200ede        0     1                 
80200ee0 80200ee0        0     1                 
80200ee6 80200ee6        0     1                 
80200eea 80200eea        0     1                 
80200eec 80200eec        0     1                 
80200ef8 80200ef8        0     1                 
80200ef8 80200ef8        0     1                 
80200efe 80200efe        0     1                 
80200f02 80200f02        0     1                 
80200f0a 80200f0a        0     1                 
80200f0e 80200f0e        0     1                 .LBB21_36
80200f0e 80200f0e        0     1                 
80200f0e 80200f0e        0     1                 
80200f24 80200f24        0     1                 
80200f24 80200f24        0     1                 .LBB21_37
80200f26 80200f26        0     1                 
80200f26 80200f26        0     1                 
80200f26 80200f26        0     1                 
80200f26 80200f26        0     1                 
80200f26 80200f26        0     1                 
80200f26 80200f26        0     1                 
80200f26 80200f26       d8     1                 map_page
80200f36 80200f36        0     1                 
80200f36 80200f36        0     1                 
80200f3a 80200f3a        0     1                 
80200f3e 80200f3e        0     1                 
80200f4e 80200f4e        0     1                 
80200f50 80200f50        0     1                 
80200f52 80200f52        0     1                 
80200f52 80200f52        0     1                 .LBB22_2
80200f54 80200f54        0     1                 .LBB22_3
80200f54 80200f54        0     1                 
80200f54 80200f54        0     1                 
80200f58 80200f58        0     1                 
80200f5a 80200f5a        0     1                 
80200f5c 80200f5c        0     1                 
80200f60 80200f60        0     1                 
80200f6e 80200f6e        0     1                 
80200f72 80200f72        0     1                 
80200f74 80200f74        0     1                 
80200f74 80200f74        0     1                 .LBB22_5
80200f76 80200f76        0     1                 .LBB22_6
80200f76 80200f76        0     1                 
80200f76 80200f76        0     1                 
80200f82 80200f82        0     1                 
80200f82 80200f82        0     1                 
80200f86 80200f86        0     1                 
80200f88 80200f88        0     1                 
80200f88 80200f88        0     1                 
80200f90 80200f90        0     1                 
80200f90 80200f90        0     1                 
80200f92 80200f92        0     1                 
80200f94 80200f94        0     1                 
80200f9c 80200f9c        0     1                 
80200fa0 80200fa0        0     1                 
80200fa4 80200fa4        0     1                 
80200fb8 80200fb8        0     1                 
80200fba 80200fba        0     1                 
80200fba 80200fba        0     1                 .LBB22_9
80200fbc 80200fbc        0     1                 .LBB22_10
80200fbc 80200fbc        0     1                 
80200fbc 80200fbc        0     1                 
80200fbe 80200fbe        0     1                 
80200fbe 80200fbe        0     1                 
80200fc6 80200fc6        0     1                 
80200fc8 80200fc8        0     1                 
80200fc8 80200fc8        0     1                 
80200fcc 80200fcc        0     1                 
80200fcc 80200fcc        0     1                 
80200fd2 80200fd2        0     1                 
80200fd4 80200fd4        0     1                 
80200fd6 80200fd6        0     1                 .LBB22_11
80200fd6 80200fd6        0     1                 
80200fd6 80200fd6        0     1                 
80200fda 80200fda        0     1                 
80200fda 80200fda        0     1                 
80200fdc 80200fdc        0     1                 
80200fe2 80200fe2        0     1                 
80200fe4 80200fe4        0     1                 
80200fe4 80200fe4        0     1                 
80200fe8 80200fe8        0     1                 
80200fec 80200fec        0     1                 
80200fec 80200fec        0     1                 
80200ffa 80200ffa        0     1                 
80200ffe 80200ffe        0     1                 
80200ffe 80200ffe        0     1                 
80200ffe 80200ffe        0     1                 
80200ffe 80200ffe        0     1                 
80200ffe 80200ffe        0     1                 
80200ffe 80200ffe        6     1                 sbi_call
80201002 80201002        0     1                 
80201002 80201002        0     1                 
80201004 80201004        0     1                 
80201004 80201004        0     1                 
80201004 80201004        0     1                 
80201004 80201004       16     1                 getchar
80201018 80201018        0     1                 
80201018 80201018        0     1                 
8020101a 8020101a        0     1                 
8020101a 8020101a        0     1                 
8020101a 8020101a        0     1                 
8020101a 8020101a        0     1                 
8020101a 8020101a       a4     1                 kernel_main
80201022 80201022        0     1                 
80201038 80201038        0     1                 
80201038 80201038        0     1                 
80201040 80201040        0     1                 
80201044 80201044        0     1                 
80201044 80201044        0     1                 
80201048 80201048        0     1                 
80201048 80201048        0     1                 
8020104c 8020104c        0     1                 
8020104c 8020104c        0     1                 
80201056 80201056        0     1                 
80201056 80201056        0     1                 
80201062 80201062        0     1                 
80201062 80201062        0     1                 
8020106e 8020106e        0     1                 
8020106e 8020106e        0     1                 
80201078 80201078        0     1                 
80201078 80201078        0     1                 
8020107e 8020107e        0     1                 
8020107e 8020107e        0     1                 
80201086 80201086        0     1                 
8020108a 8020108a        0     1                 
80201092 80201092        0     1                 
802010a4 802010a4        0     1                 
802010a4 802010a4        0     1                 
802010a6 802010a6        0     1                 
802010a6 802010a6        0     1                 
802010bc 802010bc        0     1                 
802010bc 802010bc        0     1                 .LBB25_1
802010be 802010be        0     1                 
802010be 802010be        0     1                 
802010c0 802010c0        0     1                 
802010c0 802010c0        0     1                 
802010c0 802010c0        0     1                 
802010c0 802010c0       94     1                 kernel_entry
80201154 80201154        0     1                 
80201154 80201154        0     1                 
80201154 80201154        0     1                 
80201154 80201154        0     1                 
80201154 80201154        0     1                 
80201154 80201154      242     1                 handle_syscall
80201170 80201170        0     1                 
80201170 80201170        0     1                 
80201190 80201190        0     1                 
80201194 80201194        0     1                 
80201196 80201196        0     1                 
8020119a 8020119a        0     1                 
8020119c 8020119c        0     1                 
802011a0 802011a0        0     1                 
802011a2 802011a2        0     1                 
802011a6 802011a6        0     1                 
802011aa 802011aa        0     1                 
802011ae 802011ae        0     1                 
802011b0 802011b0        0     1                 
802011ba 802011ba        0     1                 
802011ba 802011ba        0     1                 
802011c0 802011c0        0     1                 
802011c2 802011c2        0     1                 
802011c4 802011c4        0     1                 
802011c4 802011c4        0     1                 
802011da 802011da        0     1                 
802011da 802011da        0     1                 .LBB28_5
802011dc 802011dc        0     1                 .LBB28_6
802011dc 802011dc        0     1                 
802011dc 802011dc        0     1                 
802011e6 802011e6        0     1                 
802011e6 802011e6        0     1                 
802011fc 802011fc        0     1                 
8020120c 8020120c        0     1                 
8020121c 8020121c        0     1                 
80201224 80201224        0     1                 
80201224 80201224        0     1                 
80201234 80201234        0     1                 
80201234 80201234        0     1                 
80201236 80201236        0     1                 
80201236 80201236        0     1                 
8020123e 8020123e        0     1                 
8020123e 8020123e        0     1                 
80201240 80201240        0     1                 
80201240 80201240        0     1                 
8020124c 8020124c        0     1                 
8020124c 8020124c        0     1                 
80201250 80201250        0     1                 .LBB28_10
80201250 80201250        0     1                 
80201250 80201250        0     1                 
80201254 80201254        0     1                 
80201254 80201254        0     1                 
80201266 80201266        0     1                 
80201266 80201266        0     1                 
80201268 80201268        0     1                 .LBB28_11
80201268 80201268        0     1                 
80201268 80201268        0     1                 
8020127c 8020127c        0     1                 
8020127c 8020127c        0     1                 
80201280 80201280        0     1                 
80201280 80201280        0     1                 .LBB28_12
80201280 80201280        0     1                 
80201284 80201284        0     1                 
80201284 80201284        0     1                 
80201298 80201298        0     1                 
80201298 80201298        0     1                 
8020129c 8020129c        0     1                 .LBB28_13
8020129c 8020129c        0     1                 
8020129c 8020129c        0     1                 
802012b2 802012b2        0     1                 
802012b8 802012b8        0     1                 .LBB28_14
802012b8 802012b8        0     1                 
802012b8 802012b8        0     1                 
802012ce 802012ce        0     1                 
802012ce 802012ce        0     1                 .LBB28_15
802012d0 802012d0        0     1                 .LBB28_16
802012d0 802012d0        0     1                 
802012d2 802012d2        0     1                 .LBB28_17
802012d2 802012d2        0     1                 
802012ec 802012ec        0     1                 
802012f4 802012f4        0     1                 
802012f8 802012f8        0     1                 
802012fc 802012fc        0     1                 
8020130e 8020130e        0     1                 .LBB28_19
8020130e 8020130e        0     1                 
80201310 80201310        0     1                 
80201310 80201310        0     1                 
80201330 80201330        0     1                 
80201344 80201344        0     1                 
80201348 80201348        0     1                 
8020134e 8020134e        0     1                 
8020134e 8020134e        0     1                 
80201352 80201352        0     1                 
80201356 80201356        0     1                 
80201356 80201356        0     1                 
80201358 80201358        0     1                 .LBB28_21
80201358 80201358        0     1                 
80201358 80201358        0     1                 
8020135c 8020135c        0     1                 
80201360 80201360        0     1                 .LBB28_22
80201360 80201360        0     1                 
80201360 80201360        0     1                 
8020137a 8020137a        0     1                 .LBB28_23
8020137a 8020137a        0     1                 
8020137e 8020137e        0     1                 
80201392 80201392        0     1                 
80201396 80201396        0     1                 
80201396 80201396        0     1                 
80201396 80201396        0     1                 
80201396 80201396        0     1                 
80201396 80201396        0     1                 
80201396 80201396       42     1                 handle_trap
8020139c 8020139c        0     1                 
8020139c 8020139c        0     1                 
802013a0 802013a0        0     1                 
802013a0 802013a0        0     1                 
802013a4 802013a4        0     1                 
802013a4 802013a4        0     1                 
802013a6 802013a6        0     1                 
802013a6 802013a6        0     1                 
802013aa 802013aa        0     1                 
802013aa 802013aa        0     1                 
802013ae 802013ae        0     1                 
802013ae 802013ae        0     1                 
802013b0 802013b0        0     1                 
802013b0 802013b0        0     1                 
802013b2 802013b2        0     1                 
802013b2 802013b2        0     1                 
802013ba 802013ba        0     1                 
802013ba 802013ba        0     1                 
802013be 802013be        0     1                 .LBB29_2
802013be 802013be        0     1                 
802013be 802013be        0     1                 
802013c2 802013c2        0     1                 
802013d6 802013d6        0     1                 
802013d6 802013d6        0     1                 .LBB29_3
802013d8 802013d8        0     1                 
802013d8 802013d8        0     1                 
802013d8 802013d8      242     2         /tmp/common-0366d8.o:(.text)
802013d8 802013d8        0     1                 
802013d8 802013d8        0     1                 
802013d8 802013d8        0     1                 $x.0
802013d8 802013d8        0     1                 
802013d8 802013d8      1be     1                 printf
80201406 80201406        0     1                 
8020142e 8020142e        0     1                 .LBB0_1
8020142e 8020142e        0     1                 
80201432 80201432        0     1                 .LBB0_2
80201432 80201432        0     1                 
80201434 80201434        0     1                 .LBB0_3
80201434 80201434        0     1                 
80201438 80201438        0     1                 
80201440 80201440        0     1                 .LBB0_5
80201440 80201440        0     1                 
80201442 80201442        0     1                 
80201442 80201442        0     1                 
80201444 80201444        0     1                 
80201446 80201446        0     1                 .LBB0_6
80201446 80201446        0     1                 
8020144a 8020144a        0     1                 
8020144c 8020144c        0     1                 
8020145c 8020145c        0     1                 
8020145c 8020145c        0     1                 
80201468 80201468        0     1                 
80201468 80201468        0     1                 
8020146c 8020146c        0     1                 
8020146c 8020146c        0     1                 
8020146e 8020146e        0     1                 
80201474 80201474        0     1                 .LBB0_11
80201474 80201474        0     1                 
80201474 80201474        0     1                 
8020147c 8020147c        0     1                 
8020147c 8020147c        0     1                 
80201486 80201486        0     1                 
80201486 80201486        0     1                 
8020148a 8020148a        0     1                 
8020148a 8020148a        0     1                 
8020148c 8020148c        0     1                 
80201490 80201490        0     1                 
80201494 80201494        0     1                 
80201494 80201494        0     1                 
8020149a 8020149a        0     1                 
8020149a 8020149a        0     1                 
8020149c 8020149c        0     1                 
802014a0 802014a0        0     1                 
802014a4 802014a4        0     1                 
802014a4 802014a4        0     1                 
802014aa 802014aa        0     1                 
802014aa 802014aa        0     1                 
802014ac 802014ac        0     1                 
802014b0 802014b0        0     1                 
802014b4 802014b4        0     1                 
802014b4 802014b4        0     1                 
802014ba 802014ba        0     1                 
802014ba 802014ba        0     1                 
802014bc 802014bc        0     1                 
802014c0 802014c0        0     1                 
802014c4 802014c4        0     1                 
802014c4 802014c4        0     1                 
802014ca 802014ca        0     1                 
802014ca 802014ca        0     1                 
802014cc 802014cc        0     1                 
802014d0 802014d0        0     1                 
802014d4 802014d4        0     1                 
802014d4 802014d4        0     1                 
802014da 802014da        0     1                 
802014da 802014da        0     1                 
802014dc 802014dc        0     1                 
802014e0 802014e0        0     1                 
802014e4 802014e4        0     1                 
802014e4 802014e4        0     1                 
802014ea 802014ea        0     1                 
802014ea 802014ea        0     1                 
802014ec 802014ec        0     1                 
802014f0 802014f0        0     1                 
802014f4 802014f4        0     1                 
802014f4 802014f4        0     1                 
802014f6 802014f6        0     1                 
802014f6 802014f6        0     1                 
802014f8 802014f8        0     1                 
802014fc 802014fc        0     1                 
802014fc 802014fc        0     1                 
80201500 80201500        0     1                 
80201500 80201500        0     1                 
80201502 80201502        0     1                 
80201504 80201504        0     1                 .LBB0_14
80201504 80201504        0     1                 
80201504 80201504        0     1                 
8020150e 8020150e        0     1                 
8020150e 8020150e        0     1                 
80201512 80201512        0     1                 
80201518 80201518        0     1                 
80201518 80201518        0     1                 .LBB0_16
80201518 80201518        0     1                 
80201520 80201520        0     1                 
80201520 80201520        0     1                 
80201524 80201524        0     1                 
80201526 80201526        0     1                 
8020152a 8020152a        0     1                 .LBB0_17
8020152a 8020152a        0     1                 
8020152a 8020152a        0     1                 
80201532 80201532        0     1                 
80201532 80201532        0     1                 
80201536 80201536        0     1                 
80201536 80201536        0     1                 
80201538 80201538        0     1                 
8020153c 8020153c        0     1                 .LBB0_18
8020153c 8020153c        0     1                 
8020153e 8020153e        0     1                 
8020153e 8020153e        0     1                 .LBB0_19
8020153e 8020153e        0     1                 
80201542 80201542        0     1                 
80201546 80201546        0     1                 
8020154a 8020154a        0     1                 .LBB0_20
8020154a 8020154a        0     1                 
8020154a 8020154a        0     1                 
8020154c 8020154c        0     1                 
8020154c 8020154c        0     1                 
80201550 80201550        0     1                 
80201554 80201554        0     1                 
8020155c 8020155c        0     1                 
8020155c 8020155c        0     1                 
80201564 80201564        0     1                 
8020156a 8020156a        0     1                 
8020156a 8020156a        0     1                 
80201570 80201570        0     1                 .LBB0_21
80201570 80201570        0     1                 
80201570 80201570        0     1                 
80201578 80201578        0     1                 .LBB0_22
80201578 80201578        0     1                 
80201578 80201578        0     1                 
8020157c 8020157c        0     1                 
80201592 80201592        0     1                 
80201596 80201596        0     1                 
80201596 80201596        0     1                 
80201596 80201596        0     1                 
80201596 80201596        0     1                 
80201596 80201596        0     1                 
80201596 80201596       16     1                 memset
8020159a 8020159a        0     1                 
8020159a 8020159a        0     1                 
8020159c 8020159c        0     1                 
8020159c 8020159c        0     1                 .LBB1_2
8020159c 8020159c        0     1                 
802015a0 802015a0        0     1                 
802015a0 802015a0        0     1                 
802015a4 802015a4        0     1                 
802015a6 802015a6        0     1                 
802015a6 802015a6        0     1                 
802015aa 802015aa        0     1                 .LBB1_3
802015aa 802015aa        0     1                 
802015aa 802015aa        0     1                 
802015ac 802015ac        0     1                 
802015ac 802015ac        0     1                 
802015ac 802015ac        0     1                 
802015ac 802015ac        0     1                 
802015ac 802015ac        0     1                 
802015ac 802015ac       1c     1                 memcpy
802015b0 802015b0        0     1                 
802015b0 802015b0        0     1                 
802015b2 802015b2        0     1                 
802015b2 802015b2        0     1                 .LBB2_2
802015b2 802015b2        0     1                 
802015b6 802015b6        0     1                 
802015b8 802015b8        0     1                 
802015bc 802015bc        0     1                 
802015bc 802015bc        0     1                 
802015c0 802015c0        0     1                 
802015c2 802015c2        0     1                 
802015c2 802015c2        0     1                 
802015c6 802015c6        0     1                 .LBB2_3
802015c6 802015c6        0     1                 
802015c6 802015c6        0     1                 
802015c8 802015c8        0     1                 
802015c8 802015c8        0     1                 
802015c8 802015c8        0     1                 
802015c8 802015c8        0     1                 
802015c8 802015c8        0     1                 
802015c8 802015c8       24     1                 strcpy
802015ce 802015ce        0     1                 
802015d2 802015d2        0     1                 
802015d2 802015d2        0     1                 
802015d4 802015d4        0     1                 
802015d4 802015d4        0     1                 .LBB3_2
802015d4 802015d4        0     1                 
802015d8 802015d8        0     1                 
802015dc 802015dc        0     1                 
802015e0 802015e0        0     1                 
802015e0 802015e0        0     1                 
802015e2 802015e2        0     1                 
802015e2 802015e2        0     1                 
802015e4 802015e4        0     1                 
802015e6 802015e6        0     1                 .LBB3_3
802015e6 802015e6        0     1                 
802015e6 802015e6        0     1                 
802015ea 802015ea        0     1                 
802015ec 802015ec        0     1                 
802015ec 802015ec        0     1                 
802015ec 802015ec        0     1                 
802015ec 802015ec        0     1                 
802015ec 802015ec        0     1                 
802015ec 802015ec       2e     1                 strcmp
802015f0 802015f0        0     1                 
802015f2 802015f2        0     1                 
802015f4 802015f4        0     1                 
802015f4 802015f4        0     1                 .LBB4_2
802015f4 802015f4        0     1                 
802015fc 802015fc        0     1                 
80201600 80201600        0     1                 
80201600 80201600        0     1                 
80201604 80201604        0     1                 
80201606 80201606        0     1                 
80201608 80201608        0     1                 
8020160a 8020160a        0     1                 .LBB4_4
8020160a 8020160a        0     1                 
80201610 80201610        0     1                 .LBB4_5
80201610 80201610        0     1                 
80201610 80201610        0     1                 
80201612 80201612        0     1                 .LBB4_6
80201612 80201612        0     1                 
80201612 80201612        0     1                 
80201616 80201616        0     1                 
80201616 80201616        0     1                 
80201618 80201618        0     1                 
8020161a 8020161a        0     1                 
8020161a 8020161a        0     1                 
8020161c 8020161c      33b     4 .rodata
8020161c 8020161c      33b     1         <internal>:(.rodata.str1.1)
80201958 80201958    10460     4 .data
80201958 80201958    10460     1         shell.bin.o:(.data)
80201958 80201958        0     1                 _binary_shell_bin_start
80211db8 80211db8        0     1                 _binary_shell_bin_end
80211db8 80211db8        4     4 .sdata
80211db8 80211db8        4     4         /tmp/kernel-da5e8c.o:(.sdata)
80211db8 80211db8        4     1                 alloc_pages.next_paddr
80211db8 80211db8        0     1                 $d.5
80211dc0 80211dc0    11380     8 .bss
80211dc0 80211dc0        0     1         __bss = .
80211dc0 80211dc0    11358     4         /tmp/kernel-da5e8c.o:(.bss)
80211dc0 80211dc0        0     1                 $d.2
80211dc0 80211dc0      8d8     1                 files
80212698 80212698      a00     1                 disk
80213098 80213098    10080     1                 procs
80223118 80223118       28     8         /tmp/kernel-da5e8c.o:(.sbss)
80223118 80223118        0     1                 $d.4
80223118 80223118        4     1                 blk_request_vq
80223120 80223120        8     1                 blk_capacity
80223128 80223128        4     1                 blk_req_paddr
8022312c 8022312c        4     1                 blk_req
80223130 80223130        4     1                 idle_proc
80223134 80223134        4     1                 current_proc
80223138 80223138        4     1                 proc_a
8022313c 8022313c        4     1                 proc_b
80223140 80223140        0     1         __bss_end = .
80223140 80223140        0     1 . = ALIGN ( 4 )
80223140 80223140    20000     1 . += 128 * 1024
80243140 80243140        0     1 __stack_top = .
80243140 80243140      ec0     1 . = ALIGN ( 4096 )
80244000 80244000        0     1 __free_ram = .
80244000 80244000  4000000     1 . += 64 * 1024 * 1024
84244000 84244000        0     1 __free_ram_end = .
       0        0     17d6     1 .debug_loc
       0        0     14eb     1         /tmp/kernel-da5e8c.o:(.debug_loc)
       0        0        0     1                 
       0        0        0     1                 $d.6
      1b       1b        0     1                 
      41       41        0     1                 
      6b       6b        0     1                 
      86       86        0     1                 
      a1       a1        0     1                 
      d4       d4        0     1                 
      f1       f1        0     1                 
     149      149        0     1                 
     1ea      1ea        0     1                 
     2a3      2a3        0     1                 
     2d4      2d4        0     1                 
     312      312        0     1                 
     38c      38c        0     1                 
     3a7      3a7        0     1                 
     3c2      3c2        0     1                 
     414      414        0     1                 
     43a      43a        0     1                 
     48c      48c        0     1                 
     4a7      4a7        0     1                 
     4c2      4c2        0     1                 
     4df      4df        0     1                 
     507      507        0     1                 
     52e      52e        0     1                 
     549      549        0     1                 
     564      564        0     1                 
     61d      61d        0     1                 
     6c2      6c2        0     1                 
     6ec      6ec        0     1                 
     757      757        0     1                 
     7af      7af        0     1                 
     7d5      7d5        0     1                 
     7f0      7f0        0     1                 
     80c      80c        0     1                 
     827      827        0     1                 
     842      842        0     1                 
     85d      85d        0     1                 
     878      878        0     1                 
     893      893        0     1                 
     8bb      8bb        0     1                 
     8e3      8e3        0     1                 
     909      909        0     1                 
     924      924        0     1                 
     93f      93f        0     1                 
     95a      95a        0     1                 
     975      975        0     1                 
     990      990        0     1                 
     9ab      9ab        0     1                 
     9c6      9c6        0     1                 
     9e1      9e1        0     1                 
     9fc      9fc        0     1                 
     a17      a17        0     1                 
     a7f      a7f        0     1                 
     b04      b04        0     1                 
     b2a      b2a        0     1                 
     b45      b45        0     1                 
     b63      b63        0     1                 
     b80      b80        0     1                 
     bbf      bbf        0     1                 
     bda      bda        0     1                 
     bf7      bf7        0     1                 
     c36      c36        0     1                 
     c54      c54        0     1                 
     c71      c71        0     1                 
     cb0      cb0        0     1                 
     ce1      ce1        0     1                 
     d12      d12        0     1                 
     dff      dff        0     1                 
     e26      e26        0     1                 
     e82      e82        0     1                 
     e9d      e9d        0     1                 
     eb9      eb9        0     1                 
     edf      edf        0     1                 
     efa      efa        0     1                 
     f15      f15        0     1                 
     f30      f30        0     1                 
     f4b      f4b        0     1                 
     f67      f67        0     1                 
     f82      f82        0     1                 
     fb4      fb4        0     1                 
     fda      fda        0     1                 
    100a     100a        0     1                 
    1025     1025        0     1                 
    104d     104d        0     1                 
    1073     1073        0     1                 
    10a4     10a4        0     1                 
    10ca     10ca        0     1                 
    1111     1111        0     1                 
    1158     1158        0     1                 
    1173     1173        0     1                 
    118e     118e        0     1                 
    11a9     11a9        0     1                 
    11c4     11c4        0     1                 
    11df     11df        0     1                 
    1207     1207        0     1                 
    1224     1224        0     1                 
    1241     1241        0     1                 
    125c     125c        0     1                 
    128d     128d        0     1                 
    12b3     12b3        0     1                 
    12ce     12ce        0     1                 
    12f4     12f4        0     1                 
    131e     131e        0     1                 
    133a     133a        0     1                 
    1355     1355        0     1                 
    1370     1370        0     1                 
    138b     138b        0     1                 
    13a8     13a8        0     1                 
    13e8     13e8        0     1                 
    1412     1412        0     1                 
    1438     1438        0     1                 
    145e     145e        0     1                 
    1484     1484        0     1                 
    14aa     14aa        0     1                 
    14c5     14c5        0     1                 
    14eb     14eb      2eb     1         /tmp/common-0366d8.o:(.debug_loc)
    14eb     14eb        0     1                 
    14eb     14eb        0     1                 $d.2
    1509     1509        0     1                 
    1527     1527        0     1                 
    1545     1545        0     1                 
    1586     1586        0     1                 
    1603     1603        0     1                 
    1616     1616        0     1                 
    1676     1676        0     1                 
    16a1     16a1        0     1                 
    16d5     16d5        0     1                 
    16ea     16ea        0     1                 
    16fd     16fd        0     1                 
    1731     1731        0     1                 
    1746     1746        0     1                 
    1764     1764        0     1                 
    178d     178d        0     1                 
    17c3     17c3        0     1                 
       0        0      444     1 .debug_abbrev
       0        0      31c     1         /tmp/kernel-da5e8c.o:(.debug_abbrev)
       0        0        0     1                 $d.7
     31c      31c      128     1         /tmp/common-0366d8.o:(.debug_abbrev)
     31c      31c        0     1                 $d.3
       0        0     22ef     1 .debug_info
       0        0     1fc4     1         /tmp/kernel-da5e8c.o:(.debug_info)
       0        0        0     1                 $d.8
    1fc4     1fc4      32b     1         /tmp/common-0366d8.o:(.debug_info)
    1fc4     1fc4        0     1                 $d.4
       0        0      1a0     1 .debug_ranges
       0        0      188     1         /tmp/kernel-da5e8c.o:(.debug_ranges)
       0        0        0     1                 
       0        0        0     1                 $d.9
      18       18        0     1                 
      40       40        0     1                 
      58       58        0     1                 
      70       70        0     1                 
      88       88        0     1                 
      a0       a0        0     1                 
      b8       b8        0     1                 
      d0       d0        0     1                 
      e8       e8        0     1                 
     108      108        0     1                 
     120      120        0     1                 
     138      138        0     1                 
     150      150        0     1                 
     168      168        0     1                 
     188      188       18     1         /tmp/common-0366d8.o:(.debug_ranges)
     188      188        0     1                 
     188      188        0     1                 $d.5
       0        0      655     1 .debug_str
       0        0      655     1         <internal>:(.debug_str)
       0        0       42     1 .comment
       0        0       42     1         <internal>:(.comment)
       0        0       2b     1 .riscv.attributes
       0        0       2b     1         <internal>:(.riscv.attributes)
       0        0      360     4 .debug_frame
       0        0      2dc     4         /tmp/kernel-da5e8c.o:(.debug_frame)
       0        0        0     1                 
       0        0        0     1                 $d.13
     2dc      2dc       84     4         /tmp/common-0366d8.o:(.debug_frame)
     2dc      2dc        0     1                 
     2dc      2dc        0     1                 $d.9
       0        0     1a69     1 .debug_line
       0        0     169d     1         /tmp/kernel-da5e8c.o:(.debug_line)
       0        0        0     1                 .Lline_table_start0
       0        0        0     1                 $d.14
    169d     169d      3cc     1         /tmp/common-0366d8.o:(.debug_line)
    169d     169d        0     1                 .Lline_table_start0
    169d     169d        0     1                 $d.10
       0        0     7210     4 .symtab
       0        0     7210     4         <internal>:(.symtab)
       0        0       ad     1 .shstrtab
       0        0       ad     1         <internal>:(.shstrtab)
       0        0      334     1 .strtab
       0        0      334     1         <internal>:(.strtab)
