     VMA      LMA     Size Align Out     In      Symbol
       0        0 80200000     1 . = 0x80200000
80200000        0        0     1 __kernel_base = .
80200000 80200000      8ce     4 .text
80200000 80200000        e     2         /tmp/kernel-cda725.o:(.text.boot)
80200000 80200000        0     1                 
80200000 80200000        0     1                 
80200000 80200000        0     1                 $x.1
80200000 80200000        0     1                 
80200000 80200000        e     1                 boot
8020000e 8020000e        0     1                 
8020000e 8020000e        0     1                 
80200010 80200010      698     4         /tmp/kernel-cda725.o:(.text)
80200010 80200010        0     1                 
80200010 80200010        0     1                 
80200010 80200010        0     1                 $x.0
80200010 80200010        0     1                 
80200010 80200010      1d2     1                 yield
8020001c 8020001c        0     1                 
80200020 80200020        0     1                 
80200020 80200020        0     1                 
8020002e 8020002e        0     1                 
80200042 80200042        0     1                 
80200042 80200042        0     1                 
80200046 80200046        0     1                 
80200046 80200046        0     1                 
80200048 80200048        0     1                 
80200048 80200048        0     1                 
8020004c 8020004c        0     1                 
8020004c 8020004c        0     1                 
8020004e 8020004e        0     1                 
80200052 80200052        0     1                 .LBB0_2
80200052 80200052        0     1                 
80200052 80200052        0     1                 
80200056 80200056        0     1                 
80200062 80200062        0     1                 
8020006e 8020006e        0     1                 
80200072 80200072        0     1                 
8020007c 8020007c        0     1                 
8020007c 8020007c        0     1                 
8020007e 8020007e        0     1                 
80200082 80200082        0     1                 .LBB0_4
80200082 80200082        0     1                 
80200082 80200082        0     1                 
80200086 80200086        0     1                 
80200092 80200092        0     1                 
802000aa 802000aa        0     1                 
802000ae 802000ae        0     1                 
802000ae 802000ae        0     1                 
802000b0 802000b0        0     1                 
802000b4 802000b4        0     1                 .LBB0_6
802000b4 802000b4        0     1                 
802000b4 802000b4        0     1                 
802000b8 802000b8        0     1                 
802000c4 802000c4        0     1                 
802000d0 802000d0        0     1                 
802000d4 802000d4        0     1                 
802000de 802000de        0     1                 
802000de 802000de        0     1                 
802000e0 802000e0        0     1                 
802000e4 802000e4        0     1                 .LBB0_8
802000e4 802000e4        0     1                 
802000e4 802000e4        0     1                 
802000e8 802000e8        0     1                 
802000f4 802000f4        0     1                 
8020010c 8020010c        0     1                 
80200110 80200110        0     1                 
80200110 80200110        0     1                 
80200112 80200112        0     1                 
80200116 80200116        0     1                 .LBB0_10
80200116 80200116        0     1                 
80200116 80200116        0     1                 
8020011a 8020011a        0     1                 
80200126 80200126        0     1                 
80200132 80200132        0     1                 
80200136 80200136        0     1                 
80200140 80200140        0     1                 
80200140 80200140        0     1                 
80200142 80200142        0     1                 
80200146 80200146        0     1                 .LBB0_12
80200146 80200146        0     1                 
80200146 80200146        0     1                 
8020014a 8020014a        0     1                 
80200156 80200156        0     1                 
8020016e 8020016e        0     1                 
80200172 80200172        0     1                 
80200172 80200172        0     1                 
80200174 80200174        0     1                 
80200178 80200178        0     1                 .LBB0_14
80200178 80200178        0     1                 
80200178 80200178        0     1                 
8020017a 8020017a        0     1                 
80200186 80200186        0     1                 
80200192 80200192        0     1                 
80200196 80200196        0     1                 
802001a0 802001a0        0     1                 
802001a0 802001a0        0     1                 
802001a2 802001a2        0     1                 
802001a6 802001a6        0     1                 .LBB0_16
802001a6 802001a6        0     1                 
802001a6 802001a6        0     1                 
802001a8 802001a8        0     1                 .LBB0_17
802001a8 802001a8        0     1                 
802001a8 802001a8        0     1                 
802001ac 802001ac        0     1                 
802001ae 802001ae        0     1                 
802001b4 802001b4        0     1                 
802001ba 802001ba        0     1                 
802001bc 802001bc        0     1                 
802001cc 802001cc        0     1                 
802001d4 802001d4        0     1                 
802001d4 802001d4        0     1                 
802001d6 802001d6        0     1                 
802001d6 802001d6        0     1                 
802001da 802001da        0     1                 
802001de 802001de        0     1                 
802001e0 802001e0        0     1                 .LBB0_19
802001e0 802001e0        0     1                 
802001e0 802001e0        0     1                 
802001e2 802001e2        0     1                 
802001e2 802001e2        0     1                 
802001e2 802001e2        0     1                 
802001e2 802001e2        0     1                 
802001e2 802001e2        0     1                 
802001e2 802001e2       46     1                 switch_context
80200228 80200228        0     1                 
80200228 80200228        0     1                 
80200228 80200228        0     1                 
80200228 80200228       3a     1                 proc_a_entry
8020022e 8020022e        0     1                 
80200238 80200238        0     1                 
80200238 80200238        0     1                 
80200240 80200240        0     1                 .LBB2_1
80200240 80200240        0     1                 
80200240 80200240        0     1                 
80200256 80200256        0     1                 
80200256 80200256        0     1                 
80200258 80200258        0     1                 
80200258 80200258        0     1                 
8020025a 8020025a        0     1                 
8020025a 8020025a        0     1                 .LBB2_2
8020025a 8020025a        0     1                 
8020025c 8020025c        0     1                 
8020025c 8020025c        0     1                 
8020025e 8020025e        0     1                 
8020025e 8020025e        0     1                 
80200262 80200262        0     1                 
80200262 80200262        0     1                 
80200262 80200262        0     1                 
80200262 80200262        0     1                 
80200262 80200262        0     1                 
80200262 80200262        0     1                 
80200262 80200262       14     1                 putchar
80200274 80200274        0     1                 
80200274 80200274        0     1                 
80200276 80200276        0     1                 
80200276 80200276        0     1                 
80200276 80200276        0     1                 
80200276 80200276       10     1                 delay
8020027e 8020027e        0     1                 .LBB4_1
8020027e 8020027e        0     1                 
8020027e 8020027e        0     1                 
80200280 80200280        0     1                 
80200280 80200280        0     1                 
80200282 80200282        0     1                 
80200282 80200282        0     1                 
80200284 80200284        0     1                 
80200284 80200284        0     1                 
80200286 80200286        0     1                 
80200286 80200286        0     1                 
80200286 80200286        0     1                 
80200286 80200286        0     1                 
80200286 80200286        0     1                 
80200286 80200286       3a     1                 proc_b_entry
8020028c 8020028c        0     1                 
80200296 80200296        0     1                 
80200296 80200296        0     1                 
8020029e 8020029e        0     1                 .LBB5_1
8020029e 8020029e        0     1                 
8020029e 8020029e        0     1                 
802002b4 802002b4        0     1                 
802002b4 802002b4        0     1                 
802002b6 802002b6        0     1                 
802002b6 802002b6        0     1                 
802002b8 802002b8        0     1                 
802002b8 802002b8        0     1                 .LBB5_2
802002b8 802002b8        0     1                 
802002ba 802002ba        0     1                 
802002ba 802002ba        0     1                 
802002bc 802002bc        0     1                 
802002bc 802002bc        0     1                 
802002c0 802002c0        0     1                 
802002c0 802002c0        0     1                 
802002c0 802002c0        0     1                 
802002c0 802002c0        0     1                 
802002c0 802002c0        0     1                 
802002c0 802002c0        0     1                 
802002c0 802002c0      184     1                 create_process
802002d2 802002d2        0     1                 
802002dc 802002dc        0     1                 
802002dc 802002dc        0     1                 
802002de 802002de        0     1                 
802002de 802002de        0     1                 
802002e4 802002e4        0     1                 
802002e6 802002e6        0     1                 
802002e6 802002e6        0     1                 
802002f4 802002f4        0     1                 
802002f6 802002f6        0     1                 
802002f6 802002f6        0     1                 
802002fc 802002fc        0     1                 
802002fe 802002fe        0     1                 
802002fe 802002fe        0     1                 
8020030c 8020030c        0     1                 
8020030e 8020030e        0     1                 
8020030e 8020030e        0     1                 
80200314 80200314        0     1                 
80200316 80200316        0     1                 
80200316 80200316        0     1                 
80200324 80200324        0     1                 
80200326 80200326        0     1                 
80200326 80200326        0     1                 
8020032c 8020032c        0     1                 
8020032e 8020032e        0     1                 
8020032e 8020032e        0     1                 
80200332 80200332        0     1                 
80200344 80200344        0     1                 
80200344 80200344        0     1                 .LBB6_9
80200346 80200346        0     1                 .LBB6_10
80200346 80200346        0     1                 
80200346 80200346        0     1                 
8020034a 8020034a        0     1                 .LBB6_11
8020034a 8020034a        0     1                 
8020034e 8020034e        0     1                 .LBB6_12
8020034e 8020034e        0     1                 
80200352 80200352        0     1                 .LBB6_13
80200352 80200352        0     1                 
80200356 80200356        0     1                 .LBB6_14
80200356 80200356        0     1                 
8020035a 8020035a        0     1                 .LBB6_15
8020035a 8020035a        0     1                 
8020035e 8020035e        0     1                 .LBB6_16
8020035e 8020035e        0     1                 
80200362 80200362        0     1                 .LBB6_17
80200362 80200362        0     1                 
80200364 80200364        0     1                 .LBB6_18
80200364 80200364        0     1                 
80200364 80200364        0     1                 
80200372 80200372        0     1                 
80200378 80200378        0     1                 
8020037c 8020037c        0     1                 
80200380 80200380        0     1                 
80200384 80200384        0     1                 
80200388 80200388        0     1                 
8020038c 8020038c        0     1                 
80200390 80200390        0     1                 
80200394 80200394        0     1                 
80200398 80200398        0     1                 
8020039c 8020039c        0     1                 
802003a0 802003a0        0     1                 
802003a4 802003a4        0     1                 
802003ac 802003ac        0     1                 
802003ac 802003ac        0     1                 
802003b4 802003b4        0     1                 
802003b4 802003b4        0     1                 
802003b6 802003b6        0     1                 
802003b6 802003b6        0     1                 
802003bc 802003bc        0     1                 
802003bc 802003bc        0     1                 
802003be 802003be        0     1                 
802003c6 802003c6        0     1                 
802003ce 802003ce        0     1                 
802003e4 802003e4        0     1                 
802003e4 802003e4        0     1                 .LBB6_20
802003e6 802003e6        0     1                 .LBB6_21
802003e6 802003e6        0     1                 
802003f0 802003f0        0     1                 
802003f0 802003f0        0     1                 
802003fc 802003fc        0     1                 
802003fc 802003fc        0     1                 
80200404 80200404        0     1                 
80200404 80200404        0     1                 .LBB6_23
80200404 80200404        0     1                 
8020040e 8020040e        0     1                 
8020040e 8020040e        0     1                 
80200410 80200410        0     1                 
80200414 80200414        0     1                 .LBB6_24
80200414 80200414        0     1                 
80200414 80200414        0     1                 
8020041e 8020041e        0     1                 
8020041e 8020041e        0     1                 
80200420 80200420        0     1                 
80200426 80200426        0     1                 
80200428 80200428        0     1                 
8020042c 8020042c        0     1                 
80200440 80200440        0     1                 
80200440 80200440        0     1                 
80200444 80200444        0     1                 
80200444 80200444        0     1                 
80200444 80200444        0     1                 
80200444 80200444        0     1                 
80200444 80200444        0     1                 
80200444 80200444       4e     1                 alloc_pages
8020044a 8020044a        0     1                 
80200452 80200452        0     1                 
80200452 80200452        0     1                 
80200456 80200456        0     1                 
8020045a 8020045a        0     1                 
8020045a 8020045a        0     1                 
80200462 80200462        0     1                 
80200466 80200466        0     1                 
8020046a 8020046a        0     1                 
80200480 80200480        0     1                 
80200480 80200480        0     1                 .LBB7_2
80200482 80200482        0     1                 .LBB7_3
80200482 80200482        0     1                 
80200488 80200488        0     1                 
80200488 80200488        0     1                 
8020048e 8020048e        0     1                 
8020048e 8020048e        0     1                 
80200492 80200492        0     1                 
80200492 80200492        0     1                 
80200492 80200492        0     1                 
80200492 80200492        0     1                 
80200492 80200492        0     1                 
80200492 80200492       d8     1                 map_page
802004a2 802004a2        0     1                 
802004a2 802004a2        0     1                 
802004a6 802004a6        0     1                 
802004aa 802004aa        0     1                 
802004ba 802004ba        0     1                 
802004bc 802004bc        0     1                 
802004be 802004be        0     1                 
802004be 802004be        0     1                 .LBB8_2
802004c0 802004c0        0     1                 .LBB8_3
802004c0 802004c0        0     1                 
802004c0 802004c0        0     1                 
802004c4 802004c4        0     1                 
802004c6 802004c6        0     1                 
802004c8 802004c8        0     1                 
802004cc 802004cc        0     1                 
802004da 802004da        0     1                 
802004de 802004de        0     1                 
802004e0 802004e0        0     1                 
802004e0 802004e0        0     1                 .LBB8_5
802004e2 802004e2        0     1                 .LBB8_6
802004e2 802004e2        0     1                 
802004e2 802004e2        0     1                 
802004ee 802004ee        0     1                 
802004ee 802004ee        0     1                 
802004f2 802004f2        0     1                 
802004f4 802004f4        0     1                 
802004f4 802004f4        0     1                 
802004fc 802004fc        0     1                 
802004fc 802004fc        0     1                 
802004fe 802004fe        0     1                 
80200500 80200500        0     1                 
80200508 80200508        0     1                 
8020050c 8020050c        0     1                 
80200510 80200510        0     1                 
80200524 80200524        0     1                 
80200526 80200526        0     1                 
80200526 80200526        0     1                 .LBB8_9
80200528 80200528        0     1                 .LBB8_10
80200528 80200528        0     1                 
80200528 80200528        0     1                 
8020052a 8020052a        0     1                 
8020052a 8020052a        0     1                 
80200532 80200532        0     1                 
80200534 80200534        0     1                 
80200534 80200534        0     1                 
80200538 80200538        0     1                 
80200538 80200538        0     1                 
8020053e 8020053e        0     1                 
80200540 80200540        0     1                 
80200542 80200542        0     1                 .LBB8_11
80200542 80200542        0     1                 
80200542 80200542        0     1                 
80200546 80200546        0     1                 
80200546 80200546        0     1                 
80200548 80200548        0     1                 
8020054e 8020054e        0     1                 
80200550 80200550        0     1                 
80200550 80200550        0     1                 
80200554 80200554        0     1                 
80200558 80200558        0     1                 
80200558 80200558        0     1                 
80200566 80200566        0     1                 
8020056a 8020056a        0     1                 
8020056a 8020056a        0     1                 
8020056a 8020056a        0     1                 
8020056a 8020056a        0     1                 
8020056a 8020056a        0     1                 
8020056a 8020056a        6     1                 sbi_call
8020056e 8020056e        0     1                 
8020056e 8020056e        0     1                 
80200570 80200570        0     1                 
80200570 80200570        0     1                 
80200570 80200570        0     1                 
80200570 80200570       7c     1                 kernel_main
80200574 80200574        0     1                 
8020058a 8020058a        0     1                 
8020058a 8020058a        0     1                 
80200592 80200592        0     1                 
80200596 80200596        0     1                 
80200596 80200596        0     1                 
80200598 80200598        0     1                 
8020059a 8020059a        0     1                 
8020059a 8020059a        0     1                 
802005a2 802005a2        0     1                 
802005a6 802005a6        0     1                 
802005ae 802005ae        0     1                 
802005b8 802005b8        0     1                 
802005b8 802005b8        0     1                 
802005c0 802005c0        0     1                 
802005ca 802005ca        0     1                 
802005ca 802005ca        0     1                 
802005d2 802005d2        0     1                 
802005d4 802005d4        0     1                 
802005d4 802005d4        0     1                 
802005ea 802005ea        0     1                 
802005ea 802005ea        0     1                 .LBB10_1
802005ec 802005ec        0     1                 
802005ec 802005ec        0     1                 
802005ec 802005ec        0     1                 
802005ec 802005ec        0     1                 
802005ec 802005ec        0     1                 
802005ec 802005ec       94     1                 kernel_entry
80200680 80200680        0     1                 
80200680 80200680        0     1                 
80200680 80200680        0     1                 
80200680 80200680        0     1                 
80200680 80200680        0     1                 
80200680 80200680       28     1                 handle_trap
80200684 80200684        0     1                 
80200684 80200684        0     1                 
80200688 80200688        0     1                 
80200688 80200688        0     1                 
8020068c 8020068c        0     1                 
8020068c 8020068c        0     1                 
80200690 80200690        0     1                 
80200690 80200690        0     1                 
80200694 80200694        0     1                 
802006a6 802006a6        0     1                 
802006a6 802006a6        0     1                 .LBB13_1
802006a8 802006a8        0     1                 
802006a8 802006a8        0     1                 
802006a8 802006a8      226     2         /tmp/common-eb893c.o:(.text)
802006a8 802006a8        0     1                 
802006a8 802006a8        0     1                 
802006a8 802006a8        0     1                 $x.0
802006a8 802006a8        0     1                 
802006a8 802006a8      1a2     1                 printf
802006d6 802006d6        0     1                 
80200702 80200702        0     1                 .LBB0_1
80200702 80200702        0     1                 
80200706 80200706        0     1                 .LBB0_2
80200706 80200706        0     1                 
80200708 80200708        0     1                 .LBB0_3
80200708 80200708        0     1                 
8020070c 8020070c        0     1                 
80200714 80200714        0     1                 .LBB0_5
80200714 80200714        0     1                 
80200716 80200716        0     1                 
80200716 80200716        0     1                 
80200718 80200718        0     1                 
8020071a 8020071a        0     1                 .LBB0_6
8020071a 8020071a        0     1                 
8020071e 8020071e        0     1                 
80200720 80200720        0     1                 
8020072c 8020072c        0     1                 
8020072c 8020072c        0     1                 
80200738 80200738        0     1                 
80200738 80200738        0     1                 
8020073c 8020073c        0     1                 
8020073c 8020073c        0     1                 
8020073e 8020073e        0     1                 
80200744 80200744        0     1                 .LBB0_11
80200744 80200744        0     1                 
80200744 80200744        0     1                 
8020074c 8020074c        0     1                 
8020074c 8020074c        0     1                 
80200756 80200756        0     1                 
80200756 80200756        0     1                 
8020075a 8020075a        0     1                 
8020075a 8020075a        0     1                 
8020075c 8020075c        0     1                 
80200760 80200760        0     1                 
80200762 80200762        0     1                 
80200762 80200762        0     1                 
80200768 80200768        0     1                 
80200768 80200768        0     1                 
8020076a 8020076a        0     1                 
8020076e 8020076e        0     1                 
80200770 80200770        0     1                 
80200770 80200770        0     1                 
80200776 80200776        0     1                 
80200776 80200776        0     1                 
80200778 80200778        0     1                 
8020077c 8020077c        0     1                 
8020077e 8020077e        0     1                 
8020077e 8020077e        0     1                 
80200784 80200784        0     1                 
80200784 80200784        0     1                 
80200786 80200786        0     1                 
8020078a 8020078a        0     1                 
8020078c 8020078c        0     1                 
8020078c 8020078c        0     1                 
80200792 80200792        0     1                 
80200792 80200792        0     1                 
80200794 80200794        0     1                 
80200798 80200798        0     1                 
8020079a 8020079a        0     1                 
8020079a 8020079a        0     1                 
802007a0 802007a0        0     1                 
802007a0 802007a0        0     1                 
802007a2 802007a2        0     1                 
802007a6 802007a6        0     1                 
802007a8 802007a8        0     1                 
802007a8 802007a8        0     1                 
802007ae 802007ae        0     1                 
802007ae 802007ae        0     1                 
802007b0 802007b0        0     1                 
802007b4 802007b4        0     1                 
802007b6 802007b6        0     1                 
802007b6 802007b6        0     1                 
802007b8 802007b8        0     1                 
802007b8 802007b8        0     1                 
802007ba 802007ba        0     1                 
802007be 802007be        0     1                 
802007be 802007be        0     1                 
802007c0 802007c0        0     1                 
802007c0 802007c0        0     1                 
802007c2 802007c2        0     1                 
802007c4 802007c4        0     1                 .LBB0_14
802007c4 802007c4        0     1                 
802007c4 802007c4        0     1                 
802007ce 802007ce        0     1                 
802007ce 802007ce        0     1                 
802007d2 802007d2        0     1                 
802007d8 802007d8        0     1                 
802007d8 802007d8        0     1                 .LBB0_16
802007d8 802007d8        0     1                 
802007de 802007de        0     1                 
802007de 802007de        0     1                 
802007e2 802007e2        0     1                 
802007e4 802007e4        0     1                 
802007e8 802007e8        0     1                 .LBB0_17
802007e8 802007e8        0     1                 
802007e8 802007e8        0     1                 
802007ee 802007ee        0     1                 
802007ee 802007ee        0     1                 
802007f2 802007f2        0     1                 
802007f2 802007f2        0     1                 
802007f4 802007f4        0     1                 
802007f8 802007f8        0     1                 .LBB0_18
802007f8 802007f8        0     1                 
802007fa 802007fa        0     1                 
802007fa 802007fa        0     1                 .LBB0_19
802007fa 802007fa        0     1                 
802007fe 802007fe        0     1                 
80200802 80200802        0     1                 
80200806 80200806        0     1                 .LBB0_20
80200806 80200806        0     1                 
80200806 80200806        0     1                 
80200808 80200808        0     1                 
80200808 80200808        0     1                 
8020080c 8020080c        0     1                 
80200810 80200810        0     1                 
80200816 80200816        0     1                 
80200816 80200816        0     1                 
8020081a 8020081a        0     1                 
80200820 80200820        0     1                 
80200820 80200820        0     1                 
80200826 80200826        0     1                 .LBB0_21
80200826 80200826        0     1                 
80200826 80200826        0     1                 
8020082c 8020082c        0     1                 .LBB0_22
8020082c 8020082c        0     1                 
8020082c 8020082c        0     1                 
80200830 80200830        0     1                 
80200846 80200846        0     1                 
8020084a 8020084a        0     1                 
8020084a 8020084a        0     1                 
8020084a 8020084a        0     1                 
8020084a 8020084a        0     1                 
8020084a 8020084a        0     1                 
8020084a 8020084a       16     1                 memset
8020084e 8020084e        0     1                 
8020084e 8020084e        0     1                 
80200850 80200850        0     1                 
80200850 80200850        0     1                 .LBB1_2
80200850 80200850        0     1                 
80200854 80200854        0     1                 
80200854 80200854        0     1                 
80200858 80200858        0     1                 
8020085a 8020085a        0     1                 
8020085a 8020085a        0     1                 
8020085e 8020085e        0     1                 .LBB1_3
8020085e 8020085e        0     1                 
8020085e 8020085e        0     1                 
80200860 80200860        0     1                 
80200860 80200860        0     1                 
80200860 80200860        0     1                 
80200860 80200860        0     1                 
80200860 80200860        0     1                 
80200860 80200860       1c     1                 memcpy
80200864 80200864        0     1                 
80200864 80200864        0     1                 
80200866 80200866        0     1                 
80200866 80200866        0     1                 .LBB2_2
80200866 80200866        0     1                 
8020086a 8020086a        0     1                 
8020086c 8020086c        0     1                 
80200870 80200870        0     1                 
80200870 80200870        0     1                 
80200874 80200874        0     1                 
80200876 80200876        0     1                 
80200876 80200876        0     1                 
8020087a 8020087a        0     1                 .LBB2_3
8020087a 8020087a        0     1                 
8020087a 8020087a        0     1                 
8020087c 8020087c        0     1                 
8020087c 8020087c        0     1                 
8020087c 8020087c        0     1                 
8020087c 8020087c        0     1                 
8020087c 8020087c        0     1                 
8020087c 8020087c       24     1                 strcpy
80200882 80200882        0     1                 
80200886 80200886        0     1                 
80200886 80200886        0     1                 
80200888 80200888        0     1                 
80200888 80200888        0     1                 .LBB3_2
80200888 80200888        0     1                 
8020088c 8020088c        0     1                 
80200890 80200890        0     1                 
80200894 80200894        0     1                 
80200894 80200894        0     1                 
80200896 80200896        0     1                 
80200896 80200896        0     1                 
80200898 80200898        0     1                 
8020089a 8020089a        0     1                 .LBB3_3
8020089a 8020089a        0     1                 
8020089a 8020089a        0     1                 
8020089e 8020089e        0     1                 
802008a0 802008a0        0     1                 
802008a0 802008a0        0     1                 
802008a0 802008a0        0     1                 
802008a0 802008a0        0     1                 
802008a0 802008a0        0     1                 
802008a0 802008a0       2e     1                 strcmp
802008a4 802008a4        0     1                 
802008a6 802008a6        0     1                 
802008a8 802008a8        0     1                 
802008a8 802008a8        0     1                 .LBB4_2
802008a8 802008a8        0     1                 
802008b0 802008b0        0     1                 
802008b4 802008b4        0     1                 
802008b4 802008b4        0     1                 
802008b8 802008b8        0     1                 
802008ba 802008ba        0     1                 
802008bc 802008bc        0     1                 
802008be 802008be        0     1                 .LBB4_4
802008be 802008be        0     1                 
802008c4 802008c4        0     1                 .LBB4_5
802008c4 802008c4        0     1                 
802008c4 802008c4        0     1                 
802008c6 802008c6        0     1                 .LBB4_6
802008c6 802008c6        0     1                 
802008c6 802008c6        0     1                 
802008ca 802008ca        0     1                 
802008ca 802008ca        0     1                 
802008cc 802008cc        0     1                 
802008ce 802008ce        0     1                 
802008ce 802008ce        0     1                 
802008d0 802008d0      12e     4 .rodata
802008d0 802008d0      12e     1         <internal>:(.rodata.str1.1)
80200a00 80200a00        4     4 .sdata
80200a00 80200a00        4     4         /tmp/kernel-cda725.o:(.sdata)
80200a00 80200a00        4     1                 alloc_pages.next_paddr
80200a00 80200a00        0     1                 $d.5
80200a04 80200a04    10090     4 .bss
80200a04 80200a04        0     1         __bss = .
80200a04 80200a04       10     4         /tmp/kernel-cda725.o:(.sbss)
80200a04 80200a04        0     1                 $d.2
80200a04 80200a04        4     1                 idle_proc
80200a08 80200a08        4     1                 current_proc
80200a0c 80200a0c        4     1                 proc_a
80200a10 80200a10        4     1                 proc_b
80200a14 80200a14    10080     4         /tmp/kernel-cda725.o:(.bss)
80200a14 80200a14        0     1                 $d.3
80200a14 80200a14    10080     1                 procs
80210a94 80210a94        0     1         __bss_end = .
80210a94 80210a94        0     1 . = ALIGN ( 4 )
80210a94 80210a94    20000     1 . += 128 * 1024
80230a94 80230a94        0     1 __stack_top = .
80230a94 80230a94      56c     1 . = ALIGN ( 4096 )
80231000 80231000        0     1 __free_ram = .
80231000 80231000  4000000     1 . += 64 * 1024 * 1024
84231000 84231000        0     1 __free_ram_end = .
       0        0      98d     1 .debug_loc
       0        0      6a2     1         /tmp/kernel-cda725.o:(.debug_loc)
       0        0        0     1                 
       0        0        0     1                 $d.6
      68       68        0     1                 
      ed       ed        0     1                 
     113      113        0     1                 
     12e      12e        0     1                 
     14c      14c        0     1                 
     169      169        0     1                 
     1a8      1a8        0     1                 
     1c3      1c3        0     1                 
     1e0      1e0        0     1                 
     21f      21f        0     1                 
     23d      23d        0     1                 
     25a      25a        0     1                 
     299      299        0     1                 
     2bf      2bf        0     1                 
     3ac      3ac        0     1                 
     3d3      3d3        0     1                 
     40c      40c        0     1                 
     427      427        0     1                 
     443      443        0     1                 
     45e      45e        0     1                 
     479      479        0     1                 
     494      494        0     1                 
     4af      4af        0     1                 
     4e0      4e0        0     1                 
     506      506        0     1                 
     54d      54d        0     1                 
     594      594        0     1                 
     5af      5af        0     1                 
     5ca      5ca        0     1                 
     5e5      5e5        0     1                 
     600      600        0     1                 
     61b      61b        0     1                 
     636      636        0     1                 
     651      651        0     1                 
     66c      66c        0     1                 
     687      687        0     1                 
     6a2      6a2      2eb     1         /tmp/common-eb893c.o:(.debug_loc)
     6a2      6a2        0     1                 
     6a2      6a2        0     1                 $d.2
     6c0      6c0        0     1                 
     6de      6de        0     1                 
     6fc      6fc        0     1                 
     73d      73d        0     1                 
     7ba      7ba        0     1                 
     7cd      7cd        0     1                 
     82d      82d        0     1                 
     858      858        0     1                 
     88c      88c        0     1                 
     8a1      8a1        0     1                 
     8b4      8b4        0     1                 
     8e8      8e8        0     1                 
     8fd      8fd        0     1                 
     91b      91b        0     1                 
     944      944        0     1                 
     97a      97a        0     1                 
       0        0      3d8     1 .debug_abbrev
       0        0      2b0     1         /tmp/kernel-cda725.o:(.debug_abbrev)
       0        0        0     1                 $d.7
     2b0      2b0      128     1         /tmp/common-eb893c.o:(.debug_abbrev)
     2b0      2b0        0     1                 $d.3
       0        0      f12     1 .debug_info
       0        0      be7     1         /tmp/kernel-cda725.o:(.debug_info)
       0        0        0     1                 $d.8
     be7      be7      32b     1         /tmp/common-eb893c.o:(.debug_info)
     be7      be7        0     1                 $d.4
       0        0       80     1 .debug_ranges
       0        0       68     1         /tmp/kernel-cda725.o:(.debug_ranges)
       0        0        0     1                 
       0        0        0     1                 $d.9
      18       18        0     1                 
      30       30        0     1                 
      48       48        0     1                 
      68       68       18     1         /tmp/common-eb893c.o:(.debug_ranges)
      68       68        0     1                 
      68       68        0     1                 $d.5
       0        0      347     1 .debug_str
       0        0      347     1         <internal>:(.debug_str)
       0        0       42     1 .comment
       0        0       42     1         <internal>:(.comment)
       0        0       2b     1 .riscv.attributes
       0        0       2b     1         <internal>:(.riscv.attributes)
       0        0      1c4     4 .debug_frame
       0        0      140     4         /tmp/kernel-cda725.o:(.debug_frame)
       0        0        0     1                 
       0        0        0     1                 $d.13
     140      140       84     4         /tmp/common-eb893c.o:(.debug_frame)
     140      140        0     1                 
     140      140        0     1                 $d.9
       0        0      b05     1 .debug_line
       0        0      738     1         /tmp/kernel-cda725.o:(.debug_line)
       0        0        0     1                 .Lline_table_start0
       0        0        0     1                 $d.14
     738      738      3cd     1         /tmp/common-eb893c.o:(.debug_line)
     738      738        0     1                 .Lline_table_start0
     738      738        0     1                 $d.10
       0        0     34d0     4 .symtab
       0        0     34d0     4         <internal>:(.symtab)
       0        0       a7     1 .shstrtab
       0        0       a7     1         <internal>:(.shstrtab)
       0        0      1d8     1 .strtab
       0        0      1d8     1         <internal>:(.strtab)
