     VMA      LMA     Size Align Out     In      Symbol
       0        0 80200000     1 . = 0x80200000
80200000 80200000      426     4 .text
80200000 80200000        e     2         /tmp/kernel-9f2197.o:(.text.boot)
80200000 80200000        0     1                 
80200000 80200000        0     1                 
80200000 80200000        0     1                 $x.1
80200000 80200000        0     1                 
80200000 80200000        e     1                 boot
8020000e 8020000e        0     1                 
8020000e 8020000e        0     1                 
80200010 80200010      1f0     4         /tmp/kernel-9f2197.o:(.text)
80200010 80200010        0     1                 
80200010 80200010        0     1                 
80200010 80200010        0     1                 $x.0
80200010 80200010        0     1                 
80200010 80200010        6     1                 sbi_call
80200014 80200014        0     1                 
80200016 80200016        0     1                 
80200016 80200016        0     1                 
80200016 80200016        0     1                 
80200016 80200016       14     1                 putchar
80200028 80200028        0     1                 
8020002a 8020002a        0     1                 
8020002a 8020002a        0     1                 
8020002a 8020002a        0     1                 
8020002a 8020002a       4e     1                 alloc_pages
80200030 80200030        0     1                 
80200038 80200038        0     1                 
80200038 80200038        0     1                 
8020003c 8020003c        0     1                 
80200040 80200040        0     1                 
80200040 80200040        0     1                 
80200048 80200048        0     1                 
8020004c 8020004c        0     1                 
80200050 80200050        0     1                 
80200066 80200066        0     1                 
80200066 80200066        0     1                 .LBB2_2
80200068 80200068        0     1                 .LBB2_3
80200068 80200068        0     1                 
8020006e 8020006e        0     1                 
8020006e 8020006e        0     1                 
80200074 80200074        0     1                 
80200074 80200074        0     1                 
80200078 80200078        0     1                 
80200078 80200078        0     1                 
80200078 80200078        0     1                 
80200078 80200078        0     1                 
80200078 80200078        0     1                 
80200078 80200078       d0     1                 kernel_main
80200084 80200084        0     1                 
8020009a 8020009a        0     1                 
8020009a 8020009a        0     1                 
802000a2 802000a2        0     1                 
802000a2 802000a2        0     1                 
802000a4 802000a4        0     1                 
802000a6 802000a6        0     1                 
802000ae 802000ae        0     1                 
802000b2 802000b2        0     1                 
802000b6 802000b6        0     1                 
802000cc 802000cc        0     1                 
802000cc 802000cc        0     1                 .LBB3_2
802000ce 802000ce        0     1                 .LBB3_3
802000ce 802000ce        0     1                 
802000d6 802000d6        0     1                 
802000d6 802000d6        0     1                 
802000da 802000da        0     1                 
802000da 802000da        0     1                 
802000dc 802000dc        0     1                 
802000e2 802000e2        0     1                 
802000e6 802000e6        0     1                 
802000e6 802000e6        0     1                 
802000fc 802000fc        0     1                 
802000fc 802000fc        0     1                 .LBB3_5
802000fe 802000fe        0     1                 .LBB3_6
802000fe 802000fe        0     1                 
80200106 80200106        0     1                 
80200106 80200106        0     1                 
80200118 80200118        0     1                 
80200118 80200118        0     1                 
80200124 80200124        0     1                 
80200124 80200124        0     1                 
80200130 80200130        0     1                 
80200130 80200130        0     1                 
80200146 80200146        0     1                 
80200146 80200146        0     1                 .LBB3_7
80200148 80200148        0     1                 
80200148 80200148        0     1                 
80200148 80200148        0     1                 
80200148 80200148        0     1                 
80200148 80200148        0     1                 
80200148 80200148       28     1                 handle_trap
8020014c 8020014c        0     1                 
8020014c 8020014c        0     1                 
80200150 80200150        0     1                 
80200150 80200150        0     1                 
80200154 80200154        0     1                 
80200154 80200154        0     1                 
80200158 80200158        0     1                 
80200158 80200158        0     1                 
8020015c 8020015c        0     1                 
8020016e 8020016e        0     1                 
8020016e 8020016e        0     1                 .LBB5_1
80200170 80200170        0     1                 
80200170 80200170        0     1                 
80200170 80200170        0     1                 
80200170 80200170        0     1                 
80200170 80200170        0     1                 
80200170 80200170       90     1                 kernel_entry
80200200 80200200        0     1                 
80200200 80200200        0     1                 
80200200 80200200      226     2         /tmp/common-e11b3c.o:(.text)
80200200 80200200        0     1                 
80200200 80200200        0     1                 
80200200 80200200        0     1                 $x.0
80200200 80200200        0     1                 
80200200 80200200      1a2     1                 printf
8020022e 8020022e        0     1                 
8020025a 8020025a        0     1                 .LBB0_1
8020025a 8020025a        0     1                 
8020025e 8020025e        0     1                 .LBB0_2
8020025e 8020025e        0     1                 
80200260 80200260        0     1                 .LBB0_3
80200260 80200260        0     1                 
80200264 80200264        0     1                 
8020026c 8020026c        0     1                 .LBB0_5
8020026c 8020026c        0     1                 
8020026e 8020026e        0     1                 
8020026e 8020026e        0     1                 
80200270 80200270        0     1                 
80200272 80200272        0     1                 .LBB0_6
80200272 80200272        0     1                 
80200276 80200276        0     1                 
80200278 80200278        0     1                 
80200284 80200284        0     1                 
80200284 80200284        0     1                 
80200290 80200290        0     1                 
80200290 80200290        0     1                 
80200294 80200294        0     1                 
80200294 80200294        0     1                 
80200296 80200296        0     1                 
8020029c 8020029c        0     1                 .LBB0_11
8020029c 8020029c        0     1                 
8020029c 8020029c        0     1                 
802002a4 802002a4        0     1                 
802002a4 802002a4        0     1                 
802002ae 802002ae        0     1                 
802002ae 802002ae        0     1                 
802002b2 802002b2        0     1                 
802002b2 802002b2        0     1                 
802002b4 802002b4        0     1                 
802002b8 802002b8        0     1                 
802002ba 802002ba        0     1                 
802002ba 802002ba        0     1                 
802002c0 802002c0        0     1                 
802002c0 802002c0        0     1                 
802002c2 802002c2        0     1                 
802002c6 802002c6        0     1                 
802002c8 802002c8        0     1                 
802002c8 802002c8        0     1                 
802002ce 802002ce        0     1                 
802002ce 802002ce        0     1                 
802002d0 802002d0        0     1                 
802002d4 802002d4        0     1                 
802002d6 802002d6        0     1                 
802002d6 802002d6        0     1                 
802002dc 802002dc        0     1                 
802002dc 802002dc        0     1                 
802002de 802002de        0     1                 
802002e2 802002e2        0     1                 
802002e4 802002e4        0     1                 
802002e4 802002e4        0     1                 
802002ea 802002ea        0     1                 
802002ea 802002ea        0     1                 
802002ec 802002ec        0     1                 
802002f0 802002f0        0     1                 
802002f2 802002f2        0     1                 
802002f2 802002f2        0     1                 
802002f8 802002f8        0     1                 
802002f8 802002f8        0     1                 
802002fa 802002fa        0     1                 
802002fe 802002fe        0     1                 
80200300 80200300        0     1                 
80200300 80200300        0     1                 
80200306 80200306        0     1                 
80200306 80200306        0     1                 
80200308 80200308        0     1                 
8020030c 8020030c        0     1                 
8020030e 8020030e        0     1                 
8020030e 8020030e        0     1                 
80200310 80200310        0     1                 
80200310 80200310        0     1                 
80200312 80200312        0     1                 
80200316 80200316        0     1                 
80200316 80200316        0     1                 
80200318 80200318        0     1                 
80200318 80200318        0     1                 
8020031a 8020031a        0     1                 
8020031c 8020031c        0     1                 .LBB0_14
8020031c 8020031c        0     1                 
8020031c 8020031c        0     1                 
80200326 80200326        0     1                 
80200326 80200326        0     1                 
8020032a 8020032a        0     1                 
80200330 80200330        0     1                 
80200330 80200330        0     1                 .LBB0_16
80200330 80200330        0     1                 
80200336 80200336        0     1                 
80200336 80200336        0     1                 
8020033a 8020033a        0     1                 
8020033c 8020033c        0     1                 
80200340 80200340        0     1                 .LBB0_17
80200340 80200340        0     1                 
80200340 80200340        0     1                 
80200346 80200346        0     1                 
80200346 80200346        0     1                 
8020034a 8020034a        0     1                 
8020034a 8020034a        0     1                 
8020034c 8020034c        0     1                 
80200350 80200350        0     1                 .LBB0_18
80200350 80200350        0     1                 
80200352 80200352        0     1                 
80200352 80200352        0     1                 .LBB0_19
80200352 80200352        0     1                 
80200356 80200356        0     1                 
8020035a 8020035a        0     1                 
8020035e 8020035e        0     1                 .LBB0_20
8020035e 8020035e        0     1                 
8020035e 8020035e        0     1                 
80200360 80200360        0     1                 
80200360 80200360        0     1                 
80200364 80200364        0     1                 
80200368 80200368        0     1                 
8020036e 8020036e        0     1                 
8020036e 8020036e        0     1                 
80200372 80200372        0     1                 
80200378 80200378        0     1                 
80200378 80200378        0     1                 
8020037e 8020037e        0     1                 .LBB0_21
8020037e 8020037e        0     1                 
8020037e 8020037e        0     1                 
80200384 80200384        0     1                 .LBB0_22
80200384 80200384        0     1                 
80200384 80200384        0     1                 
80200388 80200388        0     1                 
8020039e 8020039e        0     1                 
802003a2 802003a2        0     1                 
802003a2 802003a2        0     1                 
802003a2 802003a2        0     1                 
802003a2 802003a2        0     1                 
802003a2 802003a2        0     1                 
802003a2 802003a2       16     1                 memset
802003a6 802003a6        0     1                 
802003a6 802003a6        0     1                 
802003a8 802003a8        0     1                 
802003a8 802003a8        0     1                 .LBB1_2
802003a8 802003a8        0     1                 
802003ac 802003ac        0     1                 
802003ac 802003ac        0     1                 
802003b0 802003b0        0     1                 
802003b2 802003b2        0     1                 
802003b2 802003b2        0     1                 
802003b6 802003b6        0     1                 .LBB1_3
802003b6 802003b6        0     1                 
802003b6 802003b6        0     1                 
802003b8 802003b8        0     1                 
802003b8 802003b8        0     1                 
802003b8 802003b8        0     1                 
802003b8 802003b8        0     1                 
802003b8 802003b8        0     1                 
802003b8 802003b8       1c     1                 memcpy
802003bc 802003bc        0     1                 
802003bc 802003bc        0     1                 
802003be 802003be        0     1                 
802003be 802003be        0     1                 .LBB2_2
802003be 802003be        0     1                 
802003c2 802003c2        0     1                 
802003c4 802003c4        0     1                 
802003c8 802003c8        0     1                 
802003c8 802003c8        0     1                 
802003cc 802003cc        0     1                 
802003ce 802003ce        0     1                 
802003ce 802003ce        0     1                 
802003d2 802003d2        0     1                 .LBB2_3
802003d2 802003d2        0     1                 
802003d2 802003d2        0     1                 
802003d4 802003d4        0     1                 
802003d4 802003d4        0     1                 
802003d4 802003d4        0     1                 
802003d4 802003d4        0     1                 
802003d4 802003d4        0     1                 
802003d4 802003d4       24     1                 strcpy
802003da 802003da        0     1                 
802003de 802003de        0     1                 
802003de 802003de        0     1                 
802003e0 802003e0        0     1                 
802003e0 802003e0        0     1                 .LBB3_2
802003e0 802003e0        0     1                 
802003e4 802003e4        0     1                 
802003e8 802003e8        0     1                 
802003ec 802003ec        0     1                 
802003ec 802003ec        0     1                 
802003ee 802003ee        0     1                 
802003ee 802003ee        0     1                 
802003f0 802003f0        0     1                 
802003f2 802003f2        0     1                 .LBB3_3
802003f2 802003f2        0     1                 
802003f2 802003f2        0     1                 
802003f6 802003f6        0     1                 
802003f8 802003f8        0     1                 
802003f8 802003f8        0     1                 
802003f8 802003f8        0     1                 
802003f8 802003f8        0     1                 
802003f8 802003f8        0     1                 
802003f8 802003f8       2e     1                 strcmp
802003fc 802003fc        0     1                 
802003fe 802003fe        0     1                 
80200400 80200400        0     1                 
80200400 80200400        0     1                 .LBB4_2
80200400 80200400        0     1                 
80200408 80200408        0     1                 
8020040c 8020040c        0     1                 
8020040c 8020040c        0     1                 
80200410 80200410        0     1                 
80200412 80200412        0     1                 
80200414 80200414        0     1                 
80200416 80200416        0     1                 .LBB4_4
80200416 80200416        0     1                 
8020041c 8020041c        0     1                 .LBB4_5
8020041c 8020041c        0     1                 
8020041c 8020041c        0     1                 
8020041e 8020041e        0     1                 .LBB4_6
8020041e 8020041e        0     1                 
8020041e 8020041e        0     1                 
80200422 80200422        0     1                 
80200422 80200422        0     1                 
80200424 80200424        0     1                 
80200426 80200426        0     1                 
80200426 80200426        0     1                 
80200428 80200428       d2     4 .rodata
80200428 80200428       d2     1         <internal>:(.rodata.str1.1)
802004fc 802004fc        4     4 .sdata
802004fc 802004fc        4     4         /tmp/kernel-9f2197.o:(.sdata)
802004fc 802004fc        4     1                 alloc_pages.next_paddr
802004fc 802004fc        0     1                 $d.2
80200500 80200500        0     4 .bss
80200500 80200500        0     1         __bss = .
80200500 80200500        0     1         __bss_end = .
80200500 80200500        0     1 . = ALIGN ( 4 )
80200500 80200500    20000     1 . += 128 * 1024
80220500 80220500        0     1 __stack_top = .
80220500 80220500      b00     1 . = ALIGN ( 4096 )
80221000 80221000        0     1 __free_ram = .
80221000 80221000  4000000     1 . += 64 * 1024 * 1024
84221000 84221000        0     1 __free_ram_end = .
       0        0      467     1 .debug_loc
       0        0      17c     1         /tmp/kernel-9f2197.o:(.debug_loc)
       0        0        0     1                 
       0        0        0     1                 $d.4
      1b       1b        0     1                 
      36       36        0     1                 
      51       51        0     1                 
      6e       6e        0     1                 
      89       89        0     1                 
      a4       a4        0     1                 
      bf       bf        0     1                 
      da       da        0     1                 
      f5       f5        0     1                 
     110      110        0     1                 
     12b      12b        0     1                 
     146      146        0     1                 
     161      161        0     1                 
     17c      17c      2eb     1         /tmp/common-e11b3c.o:(.debug_loc)
     17c      17c        0     1                 
     17c      17c        0     1                 $d.2
     19a      19a        0     1                 
     1b8      1b8        0     1                 
     1d6      1d6        0     1                 
     217      217        0     1                 
     294      294        0     1                 
     2a7      2a7        0     1                 
     307      307        0     1                 
     332      332        0     1                 
     366      366        0     1                 
     37b      37b        0     1                 
     38e      38e        0     1                 
     3c2      3c2        0     1                 
     3d7      3d7        0     1                 
     3f5      3f5        0     1                 
     41e      41e        0     1                 
     454      454        0     1                 
       0        0      2e4     1 .debug_abbrev
       0        0      1bc     1         /tmp/kernel-9f2197.o:(.debug_abbrev)
       0        0        0     1                 $d.5
     1bc      1bc      128     1         /tmp/common-e11b3c.o:(.debug_abbrev)
     1bc      1bc        0     1                 $d.3
       0        0      a09     1 .debug_info
       0        0      6de     1         /tmp/kernel-9f2197.o:(.debug_info)
       0        0        0     1                 $d.6
     6de      6de      32b     1         /tmp/common-e11b3c.o:(.debug_info)
     6de      6de        0     1                 $d.4
       0        0       38     1 .debug_ranges
       0        0       20     1         /tmp/kernel-9f2197.o:(.debug_ranges)
       0        0        0     1                 
       0        0        0     1                 $d.7
      20       20       18     1         /tmp/common-e11b3c.o:(.debug_ranges)
      20       20        0     1                 
      20       20        0     1                 $d.5
       0        0      265     1 .debug_str
       0        0      265     1         <internal>:(.debug_str)
       0        0       42     1 .comment
       0        0       42     1         <internal>:(.comment)
       0        0       2b     1 .riscv.attributes
       0        0       2b     1         <internal>:(.riscv.attributes)
       0        0      128     4 .debug_frame
       0        0       a4     4         /tmp/kernel-9f2197.o:(.debug_frame)
       0        0        0     1                 
       0        0        0     1                 $d.11
      a4       a4       84     4         /tmp/common-e11b3c.o:(.debug_frame)
      a4       a4        0     1                 
      a4       a4        0     1                 $d.9
       0        0      57f     1 .debug_line
       0        0      1b4     1         /tmp/kernel-9f2197.o:(.debug_line)
       0        0        0     1                 .Lline_table_start0
       0        0        0     1                 $d.12
     1b4      1b4      3cb     1         /tmp/common-e11b3c.o:(.debug_line)
     1b4      1b4        0     1                 .Lline_table_start0
     1b4      1b4        0     1                 $d.10
       0        0     1dc0     4 .symtab
       0        0     1dc0     4         <internal>:(.symtab)
       0        0       a7     1 .shstrtab
       0        0       a7     1         <internal>:(.shstrtab)
       0        0      146     1 .strtab
       0        0      146     1         <internal>:(.strtab)
