     VMA      LMA     Size Align Out     In      Symbol
       0        0 80200000     1 . = 0x80200000
80200000        0        0     1 __kernel_base = .
80200000 80200000      a94     4 .text
80200000 80200000        e     2         /tmp/kernel-feeff2.o:(.text.boot)
80200000 80200000        0     1                 
80200000 80200000        0     1                 
80200000 80200000        0     1                 $x.1
80200000 80200000        0     1                 
80200000 80200000        e     1                 boot
8020000e 8020000e        0     1                 
8020000e 8020000e        0     1                 
80200010 80200010      85e     4         /tmp/kernel-feeff2.o:(.text)
80200010 80200010        0     1                 
80200010 80200010        0     1                 
80200010 80200010        0     1                 $x.0
80200010 80200010        0     1                 
80200010 80200010      1d2     1                 yield
8020001c 8020001c        0     1                 
80200020 80200020        0     1                 
80200020 80200020        0     1                 
8020002e 8020002e        0     1                 
80200042 80200042        0     1                 
80200042 80200042        0     1                 
80200046 80200046        0     1                 
80200046 80200046        0     1                 
80200048 80200048        0     1                 
80200048 80200048        0     1                 
8020004c 8020004c        0     1                 
8020004c 8020004c        0     1                 
8020004e 8020004e        0     1                 
80200052 80200052        0     1                 .LBB0_2
80200052 80200052        0     1                 
80200052 80200052        0     1                 
80200056 80200056        0     1                 
80200062 80200062        0     1                 
8020006e 8020006e        0     1                 
80200072 80200072        0     1                 
8020007c 8020007c        0     1                 
8020007c 8020007c        0     1                 
8020007e 8020007e        0     1                 
80200082 80200082        0     1                 .LBB0_4
80200082 80200082        0     1                 
80200082 80200082        0     1                 
80200086 80200086        0     1                 
80200092 80200092        0     1                 
802000aa 802000aa        0     1                 
802000ae 802000ae        0     1                 
802000ae 802000ae        0     1                 
802000b0 802000b0        0     1                 
802000b4 802000b4        0     1                 .LBB0_6
802000b4 802000b4        0     1                 
802000b4 802000b4        0     1                 
802000b8 802000b8        0     1                 
802000c4 802000c4        0     1                 
802000d0 802000d0        0     1                 
802000d4 802000d4        0     1                 
802000de 802000de        0     1                 
802000de 802000de        0     1                 
802000e0 802000e0        0     1                 
802000e4 802000e4        0     1                 .LBB0_8
802000e4 802000e4        0     1                 
802000e4 802000e4        0     1                 
802000e8 802000e8        0     1                 
802000f4 802000f4        0     1                 
8020010c 8020010c        0     1                 
80200110 80200110        0     1                 
80200110 80200110        0     1                 
80200112 80200112        0     1                 
80200116 80200116        0     1                 .LBB0_10
80200116 80200116        0     1                 
80200116 80200116        0     1                 
8020011a 8020011a        0     1                 
80200126 80200126        0     1                 
80200132 80200132        0     1                 
80200136 80200136        0     1                 
80200140 80200140        0     1                 
80200140 80200140        0     1                 
80200142 80200142        0     1                 
80200146 80200146        0     1                 .LBB0_12
80200146 80200146        0     1                 
80200146 80200146        0     1                 
8020014a 8020014a        0     1                 
80200156 80200156        0     1                 
8020016e 8020016e        0     1                 
80200172 80200172        0     1                 
80200172 80200172        0     1                 
80200174 80200174        0     1                 
80200178 80200178        0     1                 .LBB0_14
80200178 80200178        0     1                 
80200178 80200178        0     1                 
8020017a 8020017a        0     1                 
80200186 80200186        0     1                 
80200192 80200192        0     1                 
80200196 80200196        0     1                 
802001a0 802001a0        0     1                 
802001a0 802001a0        0     1                 
802001a2 802001a2        0     1                 
802001a6 802001a6        0     1                 .LBB0_16
802001a6 802001a6        0     1                 
802001a6 802001a6        0     1                 
802001a8 802001a8        0     1                 .LBB0_17
802001a8 802001a8        0     1                 
802001a8 802001a8        0     1                 
802001ac 802001ac        0     1                 
802001ae 802001ae        0     1                 
802001b4 802001b4        0     1                 
802001ba 802001ba        0     1                 
802001bc 802001bc        0     1                 
802001cc 802001cc        0     1                 
802001d4 802001d4        0     1                 
802001d4 802001d4        0     1                 
802001d6 802001d6        0     1                 
802001d6 802001d6        0     1                 
802001da 802001da        0     1                 
802001de 802001de        0     1                 
802001e0 802001e0        0     1                 .LBB0_19
802001e0 802001e0        0     1                 
802001e0 802001e0        0     1                 
802001e2 802001e2        0     1                 
802001e2 802001e2        0     1                 
802001e2 802001e2        0     1                 
802001e2 802001e2        0     1                 
802001e2 802001e2        0     1                 
802001e2 802001e2       46     1                 switch_context
80200228 80200228        0     1                 
80200228 80200228        0     1                 
80200228 80200228        0     1                 
80200228 80200228       14     1                 user_entry
80200230 80200230        0     1                 
8020023c 8020023c        0     1                 
8020023c 8020023c        0     1                 
8020023c 8020023c        0     1                 
8020023c 8020023c       3a     1                 proc_a_entry
80200242 80200242        0     1                 
8020024c 8020024c        0     1                 
8020024c 8020024c        0     1                 
80200254 80200254        0     1                 .LBB3_1
80200254 80200254        0     1                 
80200254 80200254        0     1                 
8020026a 8020026a        0     1                 
8020026a 8020026a        0     1                 
8020026c 8020026c        0     1                 
8020026c 8020026c        0     1                 
8020026e 8020026e        0     1                 
8020026e 8020026e        0     1                 .LBB3_2
8020026e 8020026e        0     1                 
80200270 80200270        0     1                 
80200270 80200270        0     1                 
80200272 80200272        0     1                 
80200272 80200272        0     1                 
80200276 80200276        0     1                 
80200276 80200276        0     1                 
80200276 80200276        0     1                 
80200276 80200276        0     1                 
80200276 80200276        0     1                 
80200276 80200276        0     1                 
80200276 80200276       14     1                 putchar
80200288 80200288        0     1                 
80200288 80200288        0     1                 
8020028a 8020028a        0     1                 
8020028a 8020028a        0     1                 
8020028a 8020028a        0     1                 
8020028a 8020028a       10     1                 delay
80200292 80200292        0     1                 .LBB5_1
80200292 80200292        0     1                 
80200292 80200292        0     1                 
80200294 80200294        0     1                 
80200294 80200294        0     1                 
80200296 80200296        0     1                 
80200296 80200296        0     1                 
80200298 80200298        0     1                 
80200298 80200298        0     1                 
8020029a 8020029a        0     1                 
8020029a 8020029a        0     1                 
8020029a 8020029a        0     1                 
8020029a 8020029a        0     1                 
8020029a 8020029a        0     1                 
8020029a 8020029a       3a     1                 proc_b_entry
802002a0 802002a0        0     1                 
802002aa 802002aa        0     1                 
802002aa 802002aa        0     1                 
802002b2 802002b2        0     1                 .LBB6_1
802002b2 802002b2        0     1                 
802002b2 802002b2        0     1                 
802002c8 802002c8        0     1                 
802002c8 802002c8        0     1                 
802002ca 802002ca        0     1                 
802002ca 802002ca        0     1                 
802002cc 802002cc        0     1                 
802002cc 802002cc        0     1                 .LBB6_2
802002cc 802002cc        0     1                 
802002ce 802002ce        0     1                 
802002ce 802002ce        0     1                 
802002d0 802002d0        0     1                 
802002d0 802002d0        0     1                 
802002d4 802002d4        0     1                 
802002d4 802002d4        0     1                 
802002d4 802002d4        0     1                 
802002d4 802002d4        0     1                 
802002d4 802002d4        0     1                 
802002d4 802002d4        0     1                 
802002d4 802002d4      224     1                 create_process
802002f0 802002f0        0     1                 
802002fc 802002fc        0     1                 
802002fc 802002fc        0     1                 
802002fe 802002fe        0     1                 
802002fe 802002fe        0     1                 
80200300 80200300        0     1                 
80200300 80200300        0     1                 
80200306 80200306        0     1                 
80200308 80200308        0     1                 
80200308 80200308        0     1                 
80200316 80200316        0     1                 
80200318 80200318        0     1                 
80200318 80200318        0     1                 
8020031e 8020031e        0     1                 
80200320 80200320        0     1                 
80200320 80200320        0     1                 
8020032e 8020032e        0     1                 
80200330 80200330        0     1                 
80200330 80200330        0     1                 
80200336 80200336        0     1                 
80200338 80200338        0     1                 
80200338 80200338        0     1                 
80200346 80200346        0     1                 
80200348 80200348        0     1                 
80200348 80200348        0     1                 
8020034e 8020034e        0     1                 
80200350 80200350        0     1                 
80200350 80200350        0     1                 
80200366 80200366        0     1                 
80200366 80200366        0     1                 .LBB7_9
80200368 80200368        0     1                 .LBB7_10
80200368 80200368        0     1                 
80200368 80200368        0     1                 
8020036c 8020036c        0     1                 .LBB7_11
8020036c 8020036c        0     1                 
80200370 80200370        0     1                 .LBB7_12
80200370 80200370        0     1                 
80200374 80200374        0     1                 .LBB7_13
80200374 80200374        0     1                 
80200378 80200378        0     1                 .LBB7_14
80200378 80200378        0     1                 
8020037c 8020037c        0     1                 .LBB7_15
8020037c 8020037c        0     1                 
80200380 80200380        0     1                 .LBB7_16
80200380 80200380        0     1                 
80200384 80200384        0     1                 .LBB7_17
80200384 80200384        0     1                 
80200386 80200386        0     1                 .LBB7_18
80200386 80200386        0     1                 
80200386 80200386        0     1                 
80200394 80200394        0     1                 
8020039a 8020039a        0     1                 
8020039e 8020039e        0     1                 
802003a2 802003a2        0     1                 
802003a6 802003a6        0     1                 
802003aa 802003aa        0     1                 
802003ae 802003ae        0     1                 
802003b2 802003b2        0     1                 
802003b6 802003b6        0     1                 
802003ba 802003ba        0     1                 
802003be 802003be        0     1                 
802003c2 802003c2        0     1                 
802003c6 802003c6        0     1                 
802003ce 802003ce        0     1                 
802003d2 802003d2        0     1                 
802003d2 802003d2        0     1                 
802003d6 802003d6        0     1                 
802003d6 802003d6        0     1                 
802003de 802003de        0     1                 
802003de 802003de        0     1                 
802003e6 802003e6        0     1                 
802003e6 802003e6        0     1                 
802003e8 802003e8        0     1                 
802003f0 802003f0        0     1                 
802003f8 802003f8        0     1                 
8020040e 8020040e        0     1                 
8020040e 8020040e        0     1                 .LBB7_20
80200410 80200410        0     1                 .LBB7_21
80200410 80200410        0     1                 
80200410 80200410        0     1                 
80200412 80200412        0     1                 
80200414 80200414        0     1                 
8020041e 8020041e        0     1                 
8020041e 8020041e        0     1                 
8020042a 8020042a        0     1                 
8020042a 8020042a        0     1                 
80200432 80200432        0     1                 
80200432 80200432        0     1                 .LBB7_23
80200432 80200432        0     1                 
8020043c 8020043c        0     1                 
8020043c 8020043c        0     1                 
8020043e 8020043e        0     1                 
80200442 80200442        0     1                 .LBB7_24
80200442 80200442        0     1                 
80200442 80200442        0     1                 
80200446 80200446        0     1                 
80200460 80200460        0     1                 
80200460 80200460        0     1                 .LBB7_26
80200460 80200460        0     1                 
80200464 80200464        0     1                 
80200468 80200468        0     1                 
80200468 80200468        0     1                 
8020046c 8020046c        0     1                 
80200474 80200474        0     1                 
80200474 80200474        0     1                 
80200476 80200476        0     1                 
80200476 80200476        0     1                 
8020047e 8020047e        0     1                 
80200482 80200482        0     1                 .LBB7_27
80200482 80200482        0     1                 
80200482 80200482        0     1                 
80200486 80200486        0     1                 
80200486 80200486        0     1                 
8020048e 8020048e        0     1                 
80200492 80200492        0     1                 
8020049a 8020049a        0     1                 
8020049a 8020049a        0     1                 
8020049c 8020049c        0     1                 
8020049c 8020049c        0     1                 
802004a0 802004a0        0     1                 
802004a0 802004a0        0     1                 
802004a4 802004a4        0     1                 .LBB7_30
802004a4 802004a4        0     1                 
802004b0 802004b0        0     1                 
802004b0 802004b0        0     1                 
802004b2 802004b2        0     1                 
802004b8 802004b8        0     1                 
802004bc 802004bc        0     1                 
802004be 802004be        0     1                 
802004ca 802004ca        0     1                 
802004ca 802004ca        0     1                 
802004d0 802004d0        0     1                 
802004d4 802004d4        0     1                 
802004dc 802004dc        0     1                 
802004e0 802004e0        0     1                 .LBB7_31
802004e0 802004e0        0     1                 
802004e0 802004e0        0     1                 
802004f6 802004f6        0     1                 
802004f6 802004f6        0     1                 .LBB7_32
802004f8 802004f8        0     1                 
802004f8 802004f8        0     1                 
802004f8 802004f8        0     1                 
802004f8 802004f8        0     1                 
802004f8 802004f8        0     1                 
802004f8 802004f8        0     1                 
802004f8 802004f8       4e     1                 alloc_pages
802004fe 802004fe        0     1                 
80200506 80200506        0     1                 
80200506 80200506        0     1                 
8020050a 8020050a        0     1                 
8020050e 8020050e        0     1                 
8020050e 8020050e        0     1                 
80200516 80200516        0     1                 
8020051a 8020051a        0     1                 
8020051e 8020051e        0     1                 
80200534 80200534        0     1                 
80200534 80200534        0     1                 .LBB8_2
80200536 80200536        0     1                 .LBB8_3
80200536 80200536        0     1                 
8020053c 8020053c        0     1                 
8020053c 8020053c        0     1                 
80200542 80200542        0     1                 
80200542 80200542        0     1                 
80200546 80200546        0     1                 
80200546 80200546        0     1                 
80200546 80200546        0     1                 
80200546 80200546        0     1                 
80200546 80200546        0     1                 
80200546 80200546       d8     1                 map_page
80200556 80200556        0     1                 
80200556 80200556        0     1                 
8020055a 8020055a        0     1                 
8020055e 8020055e        0     1                 
8020056e 8020056e        0     1                 
80200570 80200570        0     1                 
80200572 80200572        0     1                 
80200572 80200572        0     1                 .LBB9_2
80200574 80200574        0     1                 .LBB9_3
80200574 80200574        0     1                 
80200574 80200574        0     1                 
80200578 80200578        0     1                 
8020057a 8020057a        0     1                 
8020057c 8020057c        0     1                 
80200580 80200580        0     1                 
8020058e 8020058e        0     1                 
80200592 80200592        0     1                 
80200594 80200594        0     1                 
80200594 80200594        0     1                 .LBB9_5
80200596 80200596        0     1                 .LBB9_6
80200596 80200596        0     1                 
80200596 80200596        0     1                 
802005a2 802005a2        0     1                 
802005a2 802005a2        0     1                 
802005a6 802005a6        0     1                 
802005a8 802005a8        0     1                 
802005a8 802005a8        0     1                 
802005b0 802005b0        0     1                 
802005b0 802005b0        0     1                 
802005b2 802005b2        0     1                 
802005b4 802005b4        0     1                 
802005bc 802005bc        0     1                 
802005c0 802005c0        0     1                 
802005c4 802005c4        0     1                 
802005d8 802005d8        0     1                 
802005da 802005da        0     1                 
802005da 802005da        0     1                 .LBB9_9
802005dc 802005dc        0     1                 .LBB9_10
802005dc 802005dc        0     1                 
802005dc 802005dc        0     1                 
802005de 802005de        0     1                 
802005de 802005de        0     1                 
802005e6 802005e6        0     1                 
802005e8 802005e8        0     1                 
802005e8 802005e8        0     1                 
802005ec 802005ec        0     1                 
802005ec 802005ec        0     1                 
802005f2 802005f2        0     1                 
802005f4 802005f4        0     1                 
802005f6 802005f6        0     1                 .LBB9_11
802005f6 802005f6        0     1                 
802005f6 802005f6        0     1                 
802005fa 802005fa        0     1                 
802005fa 802005fa        0     1                 
802005fc 802005fc        0     1                 
80200602 80200602        0     1                 
80200604 80200604        0     1                 
80200604 80200604        0     1                 
80200608 80200608        0     1                 
8020060c 8020060c        0     1                 
8020060c 8020060c        0     1                 
8020061a 8020061a        0     1                 
8020061e 8020061e        0     1                 
8020061e 8020061e        0     1                 
8020061e 8020061e        0     1                 
8020061e 8020061e        0     1                 
8020061e 8020061e        0     1                 
8020061e 8020061e        6     1                 sbi_call
80200622 80200622        0     1                 
80200622 80200622        0     1                 
80200624 80200624        0     1                 
80200624 80200624        0     1                 
80200624 80200624        0     1                 
80200624 80200624       16     1                 getchar
80200638 80200638        0     1                 
80200638 80200638        0     1                 
8020063a 8020063a        0     1                 
8020063a 8020063a        0     1                 
8020063a 8020063a        0     1                 
8020063a 8020063a        0     1                 
8020063a 8020063a       6c     1                 kernel_main
8020063e 8020063e        0     1                 
80200654 80200654        0     1                 
80200654 80200654        0     1                 
8020065c 8020065c        0     1                 
80200660 80200660        0     1                 
80200660 80200660        0     1                 
80200662 80200662        0     1                 
80200666 80200666        0     1                 
80200666 80200666        0     1                 
8020066e 8020066e        0     1                 
80200672 80200672        0     1                 
8020067a 8020067a        0     1                 
8020068c 8020068c        0     1                 
8020068c 8020068c        0     1                 
8020068e 8020068e        0     1                 
8020068e 8020068e        0     1                 
802006a4 802006a4        0     1                 
802006a4 802006a4        0     1                 .LBB12_1
802006a6 802006a6        0     1                 
802006a6 802006a6        0     1                 
802006a8 802006a8        0     1                 
802006a8 802006a8        0     1                 
802006a8 802006a8        0     1                 
802006a8 802006a8       94     1                 kernel_entry
8020073c 8020073c        0     1                 
8020073c 8020073c        0     1                 
8020073c 8020073c        0     1                 
8020073c 8020073c        0     1                 
8020073c 8020073c        0     1                 
8020073c 8020073c       f0     1                 handle_syscall
80200742 80200742        0     1                 
80200760 80200760        0     1                 
80200764 80200764        0     1                 
80200766 80200766        0     1                 
8020076a 8020076a        0     1                 
8020076c 8020076c        0     1                 
80200770 80200770        0     1                 
80200770 80200770        0     1                 
80200772 80200772        0     1                 
80200772 80200772        0     1                 
80200786 80200786        0     1                 
80200786 80200786        0     1                 
8020078a 8020078a        0     1                 
8020078a 8020078a        0     1                 .LBB15_4
8020078a 8020078a        0     1                 
8020078c 8020078c        0     1                 
8020078c 8020078c        0     1                 
802007a0 802007a0        0     1                 
802007a0 802007a0        0     1                 
802007a4 802007a4        0     1                 .LBB15_5
802007a4 802007a4        0     1                 
802007a4 802007a4        0     1                 
802007ba 802007ba        0     1                 
802007c0 802007c0        0     1                 .LBB15_6
802007c0 802007c0        0     1                 
802007c0 802007c0        0     1                 
802007c8 802007c8        0     1                 
802007c8 802007c8        0     1                 
802007ca 802007ca        0     1                 
802007d4 802007d4        0     1                 
802007d4 802007d4        0     1                 
802007da 802007da        0     1                 
802007dc 802007dc        0     1                 
802007de 802007de        0     1                 
802007de 802007de        0     1                 
802007f4 802007f4        0     1                 
802007f4 802007f4        0     1                 .LBB15_7
802007f6 802007f6        0     1                 .LBB15_8
802007f6 802007f6        0     1                 
802007f6 802007f6        0     1                 
802007fa 802007fa        0     1                 
802007fa 802007fa        0     1                 
8020080c 8020080c        0     1                 .LBB15_9
8020080c 8020080c        0     1                 
8020080c 8020080c        0     1                 
80200810 80200810        0     1                 
80200814 80200814        0     1                 .LBB15_10
80200814 80200814        0     1                 
80200814 80200814        0     1                 
80200818 80200818        0     1                 
8020082a 8020082a        0     1                 
8020082a 8020082a        0     1                 .LBB15_11
8020082c 8020082c        0     1                 
8020082c 8020082c        0     1                 
8020082c 8020082c        0     1                 
8020082c 8020082c        0     1                 
8020082c 8020082c        0     1                 
8020082c 8020082c       42     1                 handle_trap
80200832 80200832        0     1                 
80200832 80200832        0     1                 
80200836 80200836        0     1                 
80200836 80200836        0     1                 
8020083a 8020083a        0     1                 
8020083a 8020083a        0     1                 
8020083c 8020083c        0     1                 
8020083c 8020083c        0     1                 
80200840 80200840        0     1                 
80200840 80200840        0     1                 
80200844 80200844        0     1                 
80200844 80200844        0     1                 
80200846 80200846        0     1                 
80200846 80200846        0     1                 
80200848 80200848        0     1                 
80200848 80200848        0     1                 
80200850 80200850        0     1                 
80200850 80200850        0     1                 
80200854 80200854        0     1                 .LBB16_2
80200854 80200854        0     1                 
80200854 80200854        0     1                 
80200858 80200858        0     1                 
8020086c 8020086c        0     1                 
8020086c 8020086c        0     1                 .LBB16_3
8020086e 8020086e        0     1                 
8020086e 8020086e        0     1                 
8020086e 8020086e      226     2         /tmp/common-e8608e.o:(.text)
8020086e 8020086e        0     1                 
8020086e 8020086e        0     1                 
8020086e 8020086e        0     1                 $x.0
8020086e 8020086e        0     1                 
8020086e 8020086e      1a2     1                 printf
8020089c 8020089c        0     1                 
802008c8 802008c8        0     1                 .LBB0_1
802008c8 802008c8        0     1                 
802008cc 802008cc        0     1                 .LBB0_2
802008cc 802008cc        0     1                 
802008ce 802008ce        0     1                 .LBB0_3
802008ce 802008ce        0     1                 
802008d2 802008d2        0     1                 
802008da 802008da        0     1                 .LBB0_5
802008da 802008da        0     1                 
802008dc 802008dc        0     1                 
802008dc 802008dc        0     1                 
802008de 802008de        0     1                 
802008e0 802008e0        0     1                 .LBB0_6
802008e0 802008e0        0     1                 
802008e4 802008e4        0     1                 
802008e6 802008e6        0     1                 
802008f2 802008f2        0     1                 
802008f2 802008f2        0     1                 
802008fe 802008fe        0     1                 
802008fe 802008fe        0     1                 
80200902 80200902        0     1                 
80200902 80200902        0     1                 
80200904 80200904        0     1                 
8020090a 8020090a        0     1                 .LBB0_11
8020090a 8020090a        0     1                 
8020090a 8020090a        0     1                 
80200912 80200912        0     1                 
80200912 80200912        0     1                 
8020091c 8020091c        0     1                 
8020091c 8020091c        0     1                 
80200920 80200920        0     1                 
80200920 80200920        0     1                 
80200922 80200922        0     1                 
80200926 80200926        0     1                 
80200928 80200928        0     1                 
80200928 80200928        0     1                 
8020092e 8020092e        0     1                 
8020092e 8020092e        0     1                 
80200930 80200930        0     1                 
80200934 80200934        0     1                 
80200936 80200936        0     1                 
80200936 80200936        0     1                 
8020093c 8020093c        0     1                 
8020093c 8020093c        0     1                 
8020093e 8020093e        0     1                 
80200942 80200942        0     1                 
80200944 80200944        0     1                 
80200944 80200944        0     1                 
8020094a 8020094a        0     1                 
8020094a 8020094a        0     1                 
8020094c 8020094c        0     1                 
80200950 80200950        0     1                 
80200952 80200952        0     1                 
80200952 80200952        0     1                 
80200958 80200958        0     1                 
80200958 80200958        0     1                 
8020095a 8020095a        0     1                 
8020095e 8020095e        0     1                 
80200960 80200960        0     1                 
80200960 80200960        0     1                 
80200966 80200966        0     1                 
80200966 80200966        0     1                 
80200968 80200968        0     1                 
8020096c 8020096c        0     1                 
8020096e 8020096e        0     1                 
8020096e 8020096e        0     1                 
80200974 80200974        0     1                 
80200974 80200974        0     1                 
80200976 80200976        0     1                 
8020097a 8020097a        0     1                 
8020097c 8020097c        0     1                 
8020097c 8020097c        0     1                 
8020097e 8020097e        0     1                 
8020097e 8020097e        0     1                 
80200980 80200980        0     1                 
80200984 80200984        0     1                 
80200984 80200984        0     1                 
80200986 80200986        0     1                 
80200986 80200986        0     1                 
80200988 80200988        0     1                 
8020098a 8020098a        0     1                 .LBB0_14
8020098a 8020098a        0     1                 
8020098a 8020098a        0     1                 
80200994 80200994        0     1                 
80200994 80200994        0     1                 
80200998 80200998        0     1                 
8020099e 8020099e        0     1                 
8020099e 8020099e        0     1                 .LBB0_16
8020099e 8020099e        0     1                 
802009a4 802009a4        0     1                 
802009a4 802009a4        0     1                 
802009a8 802009a8        0     1                 
802009aa 802009aa        0     1                 
802009ae 802009ae        0     1                 .LBB0_17
802009ae 802009ae        0     1                 
802009ae 802009ae        0     1                 
802009b4 802009b4        0     1                 
802009b4 802009b4        0     1                 
802009b8 802009b8        0     1                 
802009b8 802009b8        0     1                 
802009ba 802009ba        0     1                 
802009be 802009be        0     1                 .LBB0_18
802009be 802009be        0     1                 
802009c0 802009c0        0     1                 
802009c0 802009c0        0     1                 .LBB0_19
802009c0 802009c0        0     1                 
802009c4 802009c4        0     1                 
802009c8 802009c8        0     1                 
802009cc 802009cc        0     1                 .LBB0_20
802009cc 802009cc        0     1                 
802009cc 802009cc        0     1                 
802009ce 802009ce        0     1                 
802009ce 802009ce        0     1                 
802009d2 802009d2        0     1                 
802009d6 802009d6        0     1                 
802009dc 802009dc        0     1                 
802009dc 802009dc        0     1                 
802009e0 802009e0        0     1                 
802009e6 802009e6        0     1                 
802009e6 802009e6        0     1                 
802009ec 802009ec        0     1                 .LBB0_21
802009ec 802009ec        0     1                 
802009ec 802009ec        0     1                 
802009f2 802009f2        0     1                 .LBB0_22
802009f2 802009f2        0     1                 
802009f2 802009f2        0     1                 
802009f6 802009f6        0     1                 
80200a0c 80200a0c        0     1                 
80200a10 80200a10        0     1                 
80200a10 80200a10        0     1                 
80200a10 80200a10        0     1                 
80200a10 80200a10        0     1                 
80200a10 80200a10        0     1                 
80200a10 80200a10       16     1                 memset
80200a14 80200a14        0     1                 
80200a14 80200a14        0     1                 
80200a16 80200a16        0     1                 
80200a16 80200a16        0     1                 .LBB1_2
80200a16 80200a16        0     1                 
80200a1a 80200a1a        0     1                 
80200a1a 80200a1a        0     1                 
80200a1e 80200a1e        0     1                 
80200a20 80200a20        0     1                 
80200a20 80200a20        0     1                 
80200a24 80200a24        0     1                 .LBB1_3
80200a24 80200a24        0     1                 
80200a24 80200a24        0     1                 
80200a26 80200a26        0     1                 
80200a26 80200a26        0     1                 
80200a26 80200a26        0     1                 
80200a26 80200a26        0     1                 
80200a26 80200a26        0     1                 
80200a26 80200a26       1c     1                 memcpy
80200a2a 80200a2a        0     1                 
80200a2a 80200a2a        0     1                 
80200a2c 80200a2c        0     1                 
80200a2c 80200a2c        0     1                 .LBB2_2
80200a2c 80200a2c        0     1                 
80200a30 80200a30        0     1                 
80200a32 80200a32        0     1                 
80200a36 80200a36        0     1                 
80200a36 80200a36        0     1                 
80200a3a 80200a3a        0     1                 
80200a3c 80200a3c        0     1                 
80200a3c 80200a3c        0     1                 
80200a40 80200a40        0     1                 .LBB2_3
80200a40 80200a40        0     1                 
80200a40 80200a40        0     1                 
80200a42 80200a42        0     1                 
80200a42 80200a42        0     1                 
80200a42 80200a42        0     1                 
80200a42 80200a42        0     1                 
80200a42 80200a42        0     1                 
80200a42 80200a42       24     1                 strcpy
80200a48 80200a48        0     1                 
80200a4c 80200a4c        0     1                 
80200a4c 80200a4c        0     1                 
80200a4e 80200a4e        0     1                 
80200a4e 80200a4e        0     1                 .LBB3_2
80200a4e 80200a4e        0     1                 
80200a52 80200a52        0     1                 
80200a56 80200a56        0     1                 
80200a5a 80200a5a        0     1                 
80200a5a 80200a5a        0     1                 
80200a5c 80200a5c        0     1                 
80200a5c 80200a5c        0     1                 
80200a5e 80200a5e        0     1                 
80200a60 80200a60        0     1                 .LBB3_3
80200a60 80200a60        0     1                 
80200a60 80200a60        0     1                 
80200a64 80200a64        0     1                 
80200a66 80200a66        0     1                 
80200a66 80200a66        0     1                 
80200a66 80200a66        0     1                 
80200a66 80200a66        0     1                 
80200a66 80200a66        0     1                 
80200a66 80200a66       2e     1                 strcmp
80200a6a 80200a6a        0     1                 
80200a6c 80200a6c        0     1                 
80200a6e 80200a6e        0     1                 
80200a6e 80200a6e        0     1                 .LBB4_2
80200a6e 80200a6e        0     1                 
80200a76 80200a76        0     1                 
80200a7a 80200a7a        0     1                 
80200a7a 80200a7a        0     1                 
80200a7e 80200a7e        0     1                 
80200a80 80200a80        0     1                 
80200a82 80200a82        0     1                 
80200a84 80200a84        0     1                 .LBB4_4
80200a84 80200a84        0     1                 
80200a8a 80200a8a        0     1                 .LBB4_5
80200a8a 80200a8a        0     1                 
80200a8a 80200a8a        0     1                 
80200a8c 80200a8c        0     1                 .LBB4_6
80200a8c 80200a8c        0     1                 
80200a8c 80200a8c        0     1                 
80200a90 80200a90        0     1                 
80200a90 80200a90        0     1                 
80200a92 80200a92        0     1                 
80200a94 80200a94        0     1                 
80200a94 80200a94        0     1                 
80200a94 80200a94      186     4 .rodata
80200a94 80200a94      186     1         <internal>:(.rodata.str1.1)
80200c1c 80200c1c    103b0     4 .data
80200c1c 80200c1c    103b0     1         shell.bin.o:(.data)
80200c1c 80200c1c        0     1                 _binary_shell_bin_start
80210fcc 80210fcc        0     1                 _binary_shell_bin_end
80210fcc 80210fcc        4     4 .sdata
80210fcc 80210fcc        4     4         /tmp/kernel-feeff2.o:(.sdata)
80210fcc 80210fcc        4     1                 alloc_pages.next_paddr
80210fcc 80210fcc        0     1                 $d.5
80210fd0 80210fd0    10090     4 .bss
80210fd0 80210fd0        0     1         __bss = .
80210fd0 80210fd0       10     4         /tmp/kernel-feeff2.o:(.sbss)
80210fd0 80210fd0        0     1                 $d.2
80210fd0 80210fd0        4     1                 idle_proc
80210fd4 80210fd4        4     1                 current_proc
80210fd8 80210fd8        4     1                 proc_a
80210fdc 80210fdc        4     1                 proc_b
80210fe0 80210fe0    10080     4         /tmp/kernel-feeff2.o:(.bss)
80210fe0 80210fe0        0     1                 $d.3
80210fe0 80210fe0    10080     1                 procs
80221060 80221060        0     1         __bss_end = .
80221060 80221060        0     1 . = ALIGN ( 4 )
80221060 80221060    20000     1 . += 128 * 1024
80241060 80241060        0     1 __stack_top = .
80241060 80241060      fa0     1 . = ALIGN ( 4096 )
80242000 80242000        0     1 __free_ram = .
80242000 80242000  4000000     1 . += 64 * 1024 * 1024
84242000 84242000        0     1 __free_ram_end = .
       0        0      ca0     1 .debug_loc
       0        0      9b5     1         /tmp/kernel-feeff2.o:(.debug_loc)
       0        0        0     1                 
       0        0        0     1                 $d.6
      68       68        0     1                 
      ed       ed        0     1                 
     113      113        0     1                 
     12e      12e        0     1                 
     14c      14c        0     1                 
     169      169        0     1                 
     1a8      1a8        0     1                 
     1c3      1c3        0     1                 
     1e0      1e0        0     1                 
     21f      21f        0     1                 
     23d      23d        0     1                 
     25a      25a        0     1                 
     299      299        0     1                 
     2ca      2ca        0     1                 
     2fb      2fb        0     1                 
     3e8      3e8        0     1                 
     40f      40f        0     1                 
     46b      46b        0     1                 
     486      486        0     1                 
     4a2      4a2        0     1                 
     4c8      4c8        0     1                 
     4e3      4e3        0     1                 
     515      515        0     1                 
     53b      53b        0     1                 
     56b      56b        0     1                 
     586      586        0     1                 
     5ae      5ae        0     1                 
     5d4      5d4        0     1                 
     5ef      5ef        0     1                 
     60a      60a        0     1                 
     63b      63b        0     1                 
     661      661        0     1                 
     6a8      6a8        0     1                 
     6ef      6ef        0     1                 
     70a      70a        0     1                 
     725      725        0     1                 
     740      740        0     1                 
     75b      75b        0     1                 
     776      776        0     1                 
     79e      79e        0     1                 
     7bb      7bb        0     1                 
     7d8      7d8        0     1                 
     7f3      7f3        0     1                 
     83a      83a        0     1                 
     87a      87a        0     1                 
     8a4      8a4        0     1                 
     8ca      8ca        0     1                 
     8e5      8e5        0     1                 
     902      902        0     1                 
     928      928        0     1                 
     94e      94e        0     1                 
     974      974        0     1                 
     98f      98f        0     1                 
     9b5      9b5      2eb     1         /tmp/common-e8608e.o:(.debug_loc)
     9b5      9b5        0     1                 
     9b5      9b5        0     1                 $d.2
     9d3      9d3        0     1                 
     9f1      9f1        0     1                 
     a0f      a0f        0     1                 
     a50      a50        0     1                 
     acd      acd        0     1                 
     ae0      ae0        0     1                 
     b40      b40        0     1                 
     b6b      b6b        0     1                 
     b9f      b9f        0     1                 
     bb4      bb4        0     1                 
     bc7      bc7        0     1                 
     bfb      bfb        0     1                 
     c10      c10        0     1                 
     c2e      c2e        0     1                 
     c57      c57        0     1                 
     c8d      c8d        0     1                 
       0        0      3fb     1 .debug_abbrev
       0        0      2d3     1         /tmp/kernel-feeff2.o:(.debug_abbrev)
       0        0        0     1                 $d.7
     2d3      2d3      128     1         /tmp/common-e8608e.o:(.debug_abbrev)
     2d3      2d3        0     1                 $d.3
       0        0     1260     1 .debug_info
       0        0      f35     1         /tmp/kernel-feeff2.o:(.debug_info)
       0        0        0     1                 $d.8
     f35      f35      32b     1         /tmp/common-e8608e.o:(.debug_info)
     f35      f35        0     1                 $d.4
       0        0      100     1 .debug_ranges
       0        0       e8     1         /tmp/kernel-feeff2.o:(.debug_ranges)
       0        0        0     1                 
       0        0        0     1                 $d.9
      18       18        0     1                 
      30       30        0     1                 
      48       48        0     1                 
      60       60        0     1                 
      80       80        0     1                 
      98       98        0     1                 
      b0       b0        0     1                 
      c8       c8        0     1                 
      e8       e8       18     1         /tmp/common-e8608e.o:(.debug_ranges)
      e8       e8        0     1                 
      e8       e8        0     1                 $d.5
       0        0      398     1 .debug_str
       0        0      398     1         <internal>:(.debug_str)
       0        0       42     1 .comment
       0        0       42     1         <internal>:(.comment)
       0        0       2b     1 .riscv.attributes
       0        0       2b     1         <internal>:(.riscv.attributes)
       0        0      208     4 .debug_frame
       0        0      184     4         /tmp/kernel-feeff2.o:(.debug_frame)
       0        0        0     1                 
       0        0        0     1                 $d.13
     184      184       84     4         /tmp/common-e8608e.o:(.debug_frame)
     184      184        0     1                 
     184      184        0     1                 $d.9
       0        0      ccb     1 .debug_line
       0        0      8fe     1         /tmp/kernel-feeff2.o:(.debug_line)
       0        0        0     1                 .Lline_table_start0
       0        0        0     1                 $d.14
     8fe      8fe      3cd     1         /tmp/common-e8608e.o:(.debug_line)
     8fe      8fe        0     1                 .Lline_table_start0
     8fe      8fe        0     1                 $d.10
       0        0     3db0     4 .symtab
       0        0     3db0     4         <internal>:(.symtab)
       0        0       ad     1 .shstrtab
       0        0       ad     1         <internal>:(.shstrtab)
       0        0      23f     1 .strtab
       0        0      23f     1         <internal>:(.strtab)
