     VMA      LMA     Size Align Out     In      Symbol
       0        0 80200000     1 . = 0x80200000
80200000        0        0     1 __kernel_base = .
80200000 80200000      eec     4 .text
80200000 80200000        e     2         /tmp/kernel-946264.o:(.text.boot)
80200000 80200000        0     1                 
80200000 80200000        0     1                 
80200000 80200000        0     1                 $x.1
80200000 80200000        0     1                 
80200000 80200000        e     1                 boot
8020000e 8020000e        0     1                 
8020000e 8020000e        0     1                 
80200010 80200010      cb2     4         /tmp/kernel-946264.o:(.text)
80200010 80200010        0     1                 
80200010 80200010        0     1                 
80200010 80200010        0     1                 $x.0
80200010 80200010        0     1                 
80200010 80200010       1a     1                 virtq_is_busy
80200016 80200016        0     1                 
80200018 80200018        0     1                 
8020001a 8020001a        0     1                 
8020001e 8020001e        0     1                 
80200022 80200022        0     1                 
80200028 80200028        0     1                 
8020002a 8020002a        0     1                 
8020002a 8020002a        0     1                 
8020002a 8020002a        0     1                 
8020002a 8020002a       78     1                 virtq_init
80200032 80200032        0     1                 
80200032 80200032        0     1                 
8020003a 8020003a        0     1                 
8020003a 8020003a        0     1                 
8020003c 8020003c        0     1                 
8020003e 8020003e        0     1                 
80200040 80200040        0     1                 
80200048 80200048        0     1                 
8020004c 8020004c        0     1                 
80200050 80200050        0     1                 
80200068 80200068        0     1                 
80200068 80200068        0     1                 .LBB1_2
8020006a 8020006a        0     1                 .LBB1_3
8020006a 8020006a        0     1                 
80200074 80200074        0     1                 
80200074 80200074        0     1                 
80200076 80200076        0     1                 
8020007a 8020007a        0     1                 
80200080 80200080        0     1                 
80200082 80200082        0     1                 
8020008a 8020008a        0     1                 
8020008a 8020008a        0     1                 
8020008e 8020008e        0     1                 
8020008e 8020008e        0     1                 
80200090 80200090        0     1                 
80200094 80200094        0     1                 
80200094 80200094        0     1                 
80200096 80200096        0     1                 
8020009c 8020009c        0     1                 
8020009c 8020009c        0     1                 
8020009e 8020009e        0     1                 
8020009e 8020009e        0     1                 
802000a2 802000a2        0     1                 
802000a2 802000a2        0     1                 
802000a2 802000a2        0     1                 
802000a2 802000a2        0     1                 
802000a2 802000a2        0     1                 
802000a2 802000a2       52     1                 alloc_pages
802000a8 802000a8        0     1                 
802000b0 802000b0        0     1                 
802000b0 802000b0        0     1                 
802000b4 802000b4        0     1                 
802000b8 802000b8        0     1                 
802000b8 802000b8        0     1                 
802000c0 802000c0        0     1                 
802000c4 802000c4        0     1                 
802000c8 802000c8        0     1                 
802000e0 802000e0        0     1                 
802000e0 802000e0        0     1                 .LBB2_2
802000e2 802000e2        0     1                 .LBB2_3
802000e2 802000e2        0     1                 
802000ea 802000ea        0     1                 
802000ea 802000ea        0     1                 
802000f0 802000f0        0     1                 
802000f0 802000f0        0     1                 
802000f4 802000f4        0     1                 
802000f4 802000f4        0     1                 
802000f4 802000f4        0     1                 
802000f4 802000f4        0     1                 
802000f4 802000f4        0     1                 
802000f4 802000f4        a     1                 virtio_reg_write32
802000fa 802000fa        0     1                 
802000fa 802000fa        0     1                 
802000fc 802000fc        0     1                 
802000fe 802000fe        0     1                 
802000fe 802000fe        0     1                 
802000fe 802000fe        0     1                 
802000fe 802000fe      186     1                 virtio_blk_init
8020010e 8020010e        0     1                 
8020010e 8020010e        0     1                 
80200118 80200118        0     1                 
8020011c 8020011c        0     1                 
8020011c 8020011c        0     1                 
80200120 80200120        0     1                 
80200124 80200124        0     1                 
80200128 80200128        0     1                 
80200128 80200128        0     1                 
8020012c 8020012c        0     1                 
80200130 80200130        0     1                 
80200130 80200130        0     1                 
80200134 80200134        0     1                 
80200134 80200134        0     1                 
80200136 80200136        0     1                 
8020013a 8020013a        0     1                 
8020013a 8020013a        0     1                 
8020013c 8020013c        0     1                 
8020013c 8020013c        0     1                 
8020013e 8020013e        0     1                 
80200142 80200142        0     1                 
80200142 80200142        0     1                 
80200146 80200146        0     1                 
80200146 80200146        0     1                 
8020014a 8020014a        0     1                 
8020014a 8020014a        0     1                 
80200152 80200152        0     1                 
80200152 80200152        0     1                 
80200154 80200154        0     1                 
80200156 80200156        0     1                 
8020015e 8020015e        0     1                 
80200162 80200162        0     1                 
80200166 80200166        0     1                 
8020017e 8020017e        0     1                 
8020017e 8020017e        0     1                 .LBB4_5
80200180 80200180        0     1                 .LBB4_6
80200180 80200180        0     1                 
80200180 80200180        0     1                 
80200198 80200198        0     1                 
80200198 80200198        0     1                 .LBB4_7
8020019a 8020019a        0     1                 .LBB4_8
8020019a 8020019a        0     1                 
802001b2 802001b2        0     1                 
802001b2 802001b2        0     1                 .LBB4_9
802001b4 802001b4        0     1                 .LBB4_10
802001b4 802001b4        0     1                 
802001cc 802001cc        0     1                 
802001cc 802001cc        0     1                 .LBB4_11
802001ce 802001ce        0     1                 .LBB4_12
802001ce 802001ce        0     1                 
802001ce 802001ce        0     1                 
802001d8 802001d8        0     1                 
802001d8 802001d8        0     1                 
802001dc 802001dc        0     1                 
802001e4 802001e4        0     1                 
802001e6 802001e6        0     1                 
802001ee 802001ee        0     1                 
802001ee 802001ee        0     1                 
802001f4 802001f4        0     1                 
802001f4 802001f4        0     1                 
802001f6 802001f6        0     1                 
802001fa 802001fa        0     1                 
802001fa 802001fa        0     1                 
802001fc 802001fc        0     1                 
802001fc 802001fc        0     1                 
80200206 80200206        0     1                 
80200206 80200206        0     1                 
80200208 80200208        0     1                 
80200208 80200208        0     1                 
80200210 80200210        0     1                 
8020021c 8020021c        0     1                 
80200228 80200228        0     1                 
80200234 80200234        0     1                 
80200234 80200234        0     1                 
80200238 80200238        0     1                 
80200238 80200238        0     1                 
8020023e 8020023e        0     1                 
80200242 80200242        0     1                 
80200242 80200242        0     1                 
8020025a 8020025a        0     1                 
8020025a 8020025a        0     1                 .LBB4_14
8020025c 8020025c        0     1                 .LBB4_15
8020025c 8020025c        0     1                 
80200266 80200266        0     1                 
80200266 80200266        0     1                 
8020026e 8020026e        0     1                 
8020027a 8020027a        0     1                 
8020027a 8020027a        0     1                 
80200280 80200280        0     1                 
80200284 80200284        0     1                 
80200284 80200284        0     1                 
80200284 80200284        0     1                 
80200284 80200284        0     1                 
80200284 80200284        0     1                 
80200284 80200284        a     1                 virtio_reg_read32
8020028a 8020028a        0     1                 
8020028a 8020028a        0     1                 
8020028c 8020028c        0     1                 
8020028e 8020028e        0     1                 
8020028e 8020028e        0     1                 
8020028e 8020028e        0     1                 
8020028e 8020028e        e     1                 virtio_reg_fetch_and_or32
80200294 80200294        0     1                 
80200294 80200294        0     1                 
80200296 80200296        0     1                 
80200298 80200298        0     1                 
80200298 80200298        0     1                 
8020029a 8020029a        0     1                 
8020029c 8020029c        0     1                 
8020029c 8020029c        0     1                 
8020029c 8020029c        0     1                 
8020029c 8020029c        c     1                 virtio_reg_read64
802002a0 802002a0        0     1                 
802002a2 802002a2        0     1                 
802002a2 802002a2        0     1                 
802002a6 802002a6        0     1                 
802002a8 802002a8        0     1                 
802002a8 802002a8        0     1                 
802002a8 802002a8        0     1                 
802002a8 802002a8       36     1                 virtq_kick
802002b2 802002b2        0     1                 
802002b8 802002b8        0     1                 
802002ba 802002ba        0     1                 
802002bc 802002bc        0     1                 
802002c0 802002c0        0     1                 
802002c6 802002c6        0     1                 
802002ca 802002ca        0     1                 
802002cc 802002cc        0     1                 
802002cc 802002cc        0     1                 
802002d0 802002d0        0     1                 
802002d0 802002d0        0     1                 
802002d2 802002d2        0     1                 
802002dc 802002dc        0     1                 
802002de 802002de        0     1                 
802002de 802002de        0     1                 
802002de 802002de        0     1                 
802002de 802002de      184     1                 read_write_disk
802002e8 802002e8        0     1                 
802002f4 802002f4        0     1                 
80200300 80200300        0     1                 
8020030a 8020030a        0     1                 
8020030c 8020030c        0     1                 
8020030e 8020030e        0     1                 
80200310 80200310        0     1                 
80200310 80200310        0     1                 
80200318 80200318        0     1                 
80200346 80200346        0     1                 
8020034a 8020034a        0     1                 
8020034a 8020034a        0     1                 
8020035a 8020035a        0     1                 
8020035c 8020035c        0     1                 
8020035e 8020035e        0     1                 
80200368 80200368        0     1                 
80200368 80200368        0     1                 
8020036c 8020036c        0     1                 .LBB9_3
8020036c 8020036c        0     1                 
8020036c 8020036c        0     1                 
80200370 80200370        0     1                 
80200376 80200376        0     1                 
80200376 80200376        0     1                 
8020037e 8020037e        0     1                 
80200384 80200384        0     1                 .LBB9_4
80200384 80200384        0     1                 
80200384 80200384        0     1                 
80200386 80200386        0     1                 .LBB9_5
80200386 80200386        0     1                 
8020038e 8020038e        0     1                 
8020038e 8020038e        0     1                 
80200390 80200390        0     1                 
8020039e 8020039e        0     1                 
802003a6 802003a6        0     1                 
802003ac 802003ac        0     1                 
802003ae 802003ae        0     1                 
802003b2 802003b2        0     1                 
802003bc 802003bc        0     1                 
802003be 802003be        0     1                 
802003c4 802003c4        0     1                 
802003c8 802003c8        0     1                 
802003cc 802003cc        0     1                 
802003d2 802003d2        0     1                 
802003d2 802003d2        0     1                 
802003d8 802003d8        0     1                 
802003d8 802003d8        0     1                 
802003da 802003da        0     1                 
802003e2 802003e2        0     1                 
802003e2 802003e2        0     1                 
802003e4 802003e4        0     1                 
802003e4 802003e4        0     1                 
802003e6 802003e6        0     1                 
802003ea 802003ea        0     1                 
802003f0 802003f0        0     1                 
802003f4 802003f4        0     1                 
802003fa 802003fa        0     1                 
802003fa 802003fa        0     1                 
802003fc 802003fc        0     1                 
8020040e 8020040e        0     1                 
8020040e 8020040e        0     1                 .LBB9_6
8020040e 8020040e        0     1                 
80200412 80200412        0     1                 
80200416 80200416        0     1                 
8020041e 8020041e        0     1                 
80200422 80200422        0     1                 
80200424 80200424        0     1                 
80200426 80200426        0     1                 
80200432 80200432        0     1                 
80200432 80200432        0     1                 
80200434 80200434        0     1                 
80200436 80200436        0     1                 
8020043c 8020043c        0     1                 .LBB9_9
8020043c 8020043c        0     1                 
8020043c 8020043c        0     1                 
8020043e 8020043e        0     1                 
80200442 80200442        0     1                 
80200444 80200444        0     1                 
80200446 80200446        0     1                 
8020044a 8020044a        0     1                 .LBB9_11
8020044a 8020044a        0     1                 
8020044a 8020044a        0     1                 
8020044e 8020044e        0     1                 
80200458 80200458        0     1                 
80200458 80200458        0     1                 
8020045a 8020045a        0     1                 
8020045c 8020045c        0     1                 
80200462 80200462        0     1                 
80200462 80200462        0     1                 
80200462 80200462        0     1                 
80200462 80200462        0     1                 
80200462 80200462        0     1                 
80200462 80200462        0     1                 
80200462 80200462      1d2     1                 yield
8020046e 8020046e        0     1                 
80200472 80200472        0     1                 
80200472 80200472        0     1                 
80200480 80200480        0     1                 
80200494 80200494        0     1                 
80200494 80200494        0     1                 
80200498 80200498        0     1                 
80200498 80200498        0     1                 
8020049a 8020049a        0     1                 
8020049a 8020049a        0     1                 
8020049e 8020049e        0     1                 
8020049e 8020049e        0     1                 
802004a0 802004a0        0     1                 
802004a4 802004a4        0     1                 .LBB10_2
802004a4 802004a4        0     1                 
802004a4 802004a4        0     1                 
802004a8 802004a8        0     1                 
802004b4 802004b4        0     1                 
802004c0 802004c0        0     1                 
802004c4 802004c4        0     1                 
802004ce 802004ce        0     1                 
802004ce 802004ce        0     1                 
802004d0 802004d0        0     1                 
802004d4 802004d4        0     1                 .LBB10_4
802004d4 802004d4        0     1                 
802004d4 802004d4        0     1                 
802004d8 802004d8        0     1                 
802004e4 802004e4        0     1                 
802004fc 802004fc        0     1                 
80200500 80200500        0     1                 
80200500 80200500        0     1                 
80200502 80200502        0     1                 
80200506 80200506        0     1                 .LBB10_6
80200506 80200506        0     1                 
80200506 80200506        0     1                 
8020050a 8020050a        0     1                 
80200516 80200516        0     1                 
80200522 80200522        0     1                 
80200526 80200526        0     1                 
80200530 80200530        0     1                 
80200530 80200530        0     1                 
80200532 80200532        0     1                 
80200536 80200536        0     1                 .LBB10_8
80200536 80200536        0     1                 
80200536 80200536        0     1                 
8020053a 8020053a        0     1                 
80200546 80200546        0     1                 
8020055e 8020055e        0     1                 
80200562 80200562        0     1                 
80200562 80200562        0     1                 
80200564 80200564        0     1                 
80200568 80200568        0     1                 .LBB10_10
80200568 80200568        0     1                 
80200568 80200568        0     1                 
8020056c 8020056c        0     1                 
80200578 80200578        0     1                 
80200584 80200584        0     1                 
80200588 80200588        0     1                 
80200592 80200592        0     1                 
80200592 80200592        0     1                 
80200594 80200594        0     1                 
80200598 80200598        0     1                 .LBB10_12
80200598 80200598        0     1                 
80200598 80200598        0     1                 
8020059c 8020059c        0     1                 
802005a8 802005a8        0     1                 
802005c0 802005c0        0     1                 
802005c4 802005c4        0     1                 
802005c4 802005c4        0     1                 
802005c6 802005c6        0     1                 
802005ca 802005ca        0     1                 .LBB10_14
802005ca 802005ca        0     1                 
802005ca 802005ca        0     1                 
802005cc 802005cc        0     1                 
802005d8 802005d8        0     1                 
802005e4 802005e4        0     1                 
802005e8 802005e8        0     1                 
802005f2 802005f2        0     1                 
802005f2 802005f2        0     1                 
802005f4 802005f4        0     1                 
802005f8 802005f8        0     1                 .LBB10_16
802005f8 802005f8        0     1                 
802005f8 802005f8        0     1                 
802005fa 802005fa        0     1                 .LBB10_17
802005fa 802005fa        0     1                 
802005fa 802005fa        0     1                 
802005fe 802005fe        0     1                 
80200600 80200600        0     1                 
80200606 80200606        0     1                 
8020060c 8020060c        0     1                 
8020060e 8020060e        0     1                 
8020061e 8020061e        0     1                 
80200626 80200626        0     1                 
80200626 80200626        0     1                 
80200628 80200628        0     1                 
80200628 80200628        0     1                 
8020062c 8020062c        0     1                 
80200630 80200630        0     1                 
80200632 80200632        0     1                 .LBB10_19
80200632 80200632        0     1                 
80200632 80200632        0     1                 
80200634 80200634        0     1                 
80200634 80200634        0     1                 
80200634 80200634        0     1                 
80200634 80200634        0     1                 
80200634 80200634        0     1                 
80200634 80200634       46     1                 switch_context
8020067a 8020067a        0     1                 
8020067a 8020067a        0     1                 
8020067a 8020067a        0     1                 
8020067a 8020067a       14     1                 user_entry
80200682 80200682        0     1                 
8020068e 8020068e        0     1                 
8020068e 8020068e        0     1                 
8020068e 8020068e        0     1                 
8020068e 8020068e       3a     1                 proc_a_entry
80200694 80200694        0     1                 
8020069e 8020069e        0     1                 
8020069e 8020069e        0     1                 
802006a6 802006a6        0     1                 .LBB13_1
802006a6 802006a6        0     1                 
802006a6 802006a6        0     1                 
802006bc 802006bc        0     1                 
802006bc 802006bc        0     1                 
802006be 802006be        0     1                 
802006be 802006be        0     1                 
802006c0 802006c0        0     1                 
802006c0 802006c0        0     1                 .LBB13_2
802006c0 802006c0        0     1                 
802006c2 802006c2        0     1                 
802006c2 802006c2        0     1                 
802006c4 802006c4        0     1                 
802006c4 802006c4        0     1                 
802006c8 802006c8        0     1                 
802006c8 802006c8        0     1                 
802006c8 802006c8        0     1                 
802006c8 802006c8        0     1                 
802006c8 802006c8        0     1                 
802006c8 802006c8        0     1                 
802006c8 802006c8       14     1                 putchar
802006da 802006da        0     1                 
802006da 802006da        0     1                 
802006dc 802006dc        0     1                 
802006dc 802006dc        0     1                 
802006dc 802006dc        0     1                 
802006dc 802006dc       10     1                 delay
802006e4 802006e4        0     1                 .LBB15_1
802006e4 802006e4        0     1                 
802006e4 802006e4        0     1                 
802006e6 802006e6        0     1                 
802006e6 802006e6        0     1                 
802006e8 802006e8        0     1                 
802006e8 802006e8        0     1                 
802006ea 802006ea        0     1                 
802006ea 802006ea        0     1                 
802006ec 802006ec        0     1                 
802006ec 802006ec        0     1                 
802006ec 802006ec        0     1                 
802006ec 802006ec        0     1                 
802006ec 802006ec        0     1                 
802006ec 802006ec       3a     1                 proc_b_entry
802006f2 802006f2        0     1                 
802006fc 802006fc        0     1                 
802006fc 802006fc        0     1                 
80200704 80200704        0     1                 .LBB16_1
80200704 80200704        0     1                 
80200704 80200704        0     1                 
8020071a 8020071a        0     1                 
8020071a 8020071a        0     1                 
8020071c 8020071c        0     1                 
8020071c 8020071c        0     1                 
8020071e 8020071e        0     1                 
8020071e 8020071e        0     1                 .LBB16_2
8020071e 8020071e        0     1                 
80200720 80200720        0     1                 
80200720 80200720        0     1                 
80200722 80200722        0     1                 
80200722 80200722        0     1                 
80200726 80200726        0     1                 
80200726 80200726        0     1                 
80200726 80200726        0     1                 
80200726 80200726        0     1                 
80200726 80200726        0     1                 
80200726 80200726        0     1                 
80200726 80200726      284     1                 create_process
80200742 80200742        0     1                 
8020074e 8020074e        0     1                 
8020074e 8020074e        0     1                 
80200750 80200750        0     1                 
80200750 80200750        0     1                 
80200752 80200752        0     1                 
80200752 80200752        0     1                 
80200758 80200758        0     1                 
8020075a 8020075a        0     1                 
8020075a 8020075a        0     1                 
80200768 80200768        0     1                 
8020076a 8020076a        0     1                 
8020076a 8020076a        0     1                 
80200770 80200770        0     1                 
80200772 80200772        0     1                 
80200772 80200772        0     1                 
80200780 80200780        0     1                 
80200782 80200782        0     1                 
80200782 80200782        0     1                 
80200788 80200788        0     1                 
8020078a 8020078a        0     1                 
8020078a 8020078a        0     1                 
80200798 80200798        0     1                 
8020079a 8020079a        0     1                 
8020079a 8020079a        0     1                 
802007a0 802007a0        0     1                 
802007a2 802007a2        0     1                 
802007a2 802007a2        0     1                 
802007b8 802007b8        0     1                 
802007b8 802007b8        0     1                 .LBB17_9
802007ba 802007ba        0     1                 .LBB17_10
802007ba 802007ba        0     1                 
802007ba 802007ba        0     1                 
802007be 802007be        0     1                 .LBB17_11
802007be 802007be        0     1                 
802007c2 802007c2        0     1                 .LBB17_12
802007c2 802007c2        0     1                 
802007c6 802007c6        0     1                 .LBB17_13
802007c6 802007c6        0     1                 
802007ca 802007ca        0     1                 .LBB17_14
802007ca 802007ca        0     1                 
802007ce 802007ce        0     1                 .LBB17_15
802007ce 802007ce        0     1                 
802007d2 802007d2        0     1                 .LBB17_16
802007d2 802007d2        0     1                 
802007d6 802007d6        0     1                 .LBB17_17
802007d6 802007d6        0     1                 
802007d8 802007d8        0     1                 .LBB17_18
802007d8 802007d8        0     1                 
802007d8 802007d8        0     1                 
802007e6 802007e6        0     1                 
802007ec 802007ec        0     1                 
802007f0 802007f0        0     1                 
802007f4 802007f4        0     1                 
802007f8 802007f8        0     1                 
802007fc 802007fc        0     1                 
80200800 80200800        0     1                 
80200804 80200804        0     1                 
80200808 80200808        0     1                 
8020080c 8020080c        0     1                 
80200810 80200810        0     1                 
80200814 80200814        0     1                 
80200818 80200818        0     1                 
80200820 80200820        0     1                 
80200824 80200824        0     1                 
80200824 80200824        0     1                 
80200828 80200828        0     1                 
80200828 80200828        0     1                 
80200830 80200830        0     1                 
80200830 80200830        0     1                 
80200838 80200838        0     1                 
80200838 80200838        0     1                 
8020083a 8020083a        0     1                 
80200842 80200842        0     1                 
8020084a 8020084a        0     1                 
80200860 80200860        0     1                 
80200860 80200860        0     1                 .LBB17_20
80200862 80200862        0     1                 .LBB17_21
80200862 80200862        0     1                 
80200862 80200862        0     1                 
80200864 80200864        0     1                 
80200866 80200866        0     1                 
80200870 80200870        0     1                 
80200870 80200870        0     1                 
8020087c 8020087c        0     1                 
8020087c 8020087c        0     1                 
80200884 80200884        0     1                 
80200884 80200884        0     1                 .LBB17_23
80200884 80200884        0     1                 
8020088e 8020088e        0     1                 
8020088e 8020088e        0     1                 
80200890 80200890        0     1                 
80200894 80200894        0     1                 .LBB17_24
80200894 80200894        0     1                 
80200894 80200894        0     1                 
80200898 80200898        0     1                 
8020089c 8020089c        0     1                 
8020089c 8020089c        0     1                 
8020089e 8020089e        0     1                 
8020089e 8020089e        0     1                 
802008a6 802008a6        0     1                 
802008a6 802008a6        0     1                 
802008a8 802008a8        0     1                 
802008aa 802008aa        0     1                 
802008b2 802008b2        0     1                 
802008b6 802008b6        0     1                 
802008ba 802008ba        0     1                 
802008d0 802008d0        0     1                 
802008d0 802008d0        0     1                 .LBB17_27
802008d2 802008d2        0     1                 .LBB17_28
802008d2 802008d2        0     1                 
802008da 802008da        0     1                 
802008da 802008da        0     1                 
802008dc 802008dc        0     1                 
802008e0 802008e0        0     1                 
802008e2 802008e2        0     1                 
802008e6 802008e6        0     1                 .LBB17_29
802008e6 802008e6        0     1                 
802008e6 802008e6        0     1                 
802008ea 802008ea        0     1                 
802008ea 802008ea        0     1                 
802008f2 802008f2        0     1                 
802008f4 802008f4        0     1                 
802008f4 802008f4        0     1                 
802008f8 802008f8        0     1                 
802008f8 802008f8        0     1                 
80200912 80200912        0     1                 
80200912 80200912        0     1                 .LBB17_31
80200912 80200912        0     1                 
80200916 80200916        0     1                 
8020091a 8020091a        0     1                 
8020091a 8020091a        0     1                 
8020091e 8020091e        0     1                 
80200926 80200926        0     1                 
80200926 80200926        0     1                 
80200928 80200928        0     1                 
80200928 80200928        0     1                 
80200930 80200930        0     1                 
80200934 80200934        0     1                 .LBB17_32
80200934 80200934        0     1                 
80200934 80200934        0     1                 
80200938 80200938        0     1                 
80200938 80200938        0     1                 
80200940 80200940        0     1                 
80200944 80200944        0     1                 
8020094c 8020094c        0     1                 
8020094c 8020094c        0     1                 
8020094e 8020094e        0     1                 
8020094e 8020094e        0     1                 
80200952 80200952        0     1                 
80200952 80200952        0     1                 
80200956 80200956        0     1                 .LBB17_35
80200956 80200956        0     1                 
80200962 80200962        0     1                 
80200962 80200962        0     1                 
80200964 80200964        0     1                 
8020096a 8020096a        0     1                 
8020096e 8020096e        0     1                 
80200970 80200970        0     1                 
8020097c 8020097c        0     1                 
8020097c 8020097c        0     1                 
80200982 80200982        0     1                 
80200986 80200986        0     1                 
8020098e 8020098e        0     1                 
80200992 80200992        0     1                 .LBB17_36
80200992 80200992        0     1                 
80200992 80200992        0     1                 
802009a8 802009a8        0     1                 
802009a8 802009a8        0     1                 .LBB17_37
802009aa 802009aa        0     1                 
802009aa 802009aa        0     1                 
802009aa 802009aa        0     1                 
802009aa 802009aa        0     1                 
802009aa 802009aa        0     1                 
802009aa 802009aa        0     1                 
802009aa 802009aa       d8     1                 map_page
802009ba 802009ba        0     1                 
802009ba 802009ba        0     1                 
802009be 802009be        0     1                 
802009c2 802009c2        0     1                 
802009d2 802009d2        0     1                 
802009d4 802009d4        0     1                 
802009d6 802009d6        0     1                 
802009d6 802009d6        0     1                 .LBB18_2
802009d8 802009d8        0     1                 .LBB18_3
802009d8 802009d8        0     1                 
802009d8 802009d8        0     1                 
802009dc 802009dc        0     1                 
802009de 802009de        0     1                 
802009e0 802009e0        0     1                 
802009e4 802009e4        0     1                 
802009f2 802009f2        0     1                 
802009f6 802009f6        0     1                 
802009f8 802009f8        0     1                 
802009f8 802009f8        0     1                 .LBB18_5
802009fa 802009fa        0     1                 .LBB18_6
802009fa 802009fa        0     1                 
802009fa 802009fa        0     1                 
80200a06 80200a06        0     1                 
80200a06 80200a06        0     1                 
80200a0a 80200a0a        0     1                 
80200a0c 80200a0c        0     1                 
80200a0c 80200a0c        0     1                 
80200a14 80200a14        0     1                 
80200a14 80200a14        0     1                 
80200a16 80200a16        0     1                 
80200a18 80200a18        0     1                 
80200a20 80200a20        0     1                 
80200a24 80200a24        0     1                 
80200a28 80200a28        0     1                 
80200a3c 80200a3c        0     1                 
80200a3e 80200a3e        0     1                 
80200a3e 80200a3e        0     1                 .LBB18_9
80200a40 80200a40        0     1                 .LBB18_10
80200a40 80200a40        0     1                 
80200a40 80200a40        0     1                 
80200a42 80200a42        0     1                 
80200a42 80200a42        0     1                 
80200a4a 80200a4a        0     1                 
80200a4c 80200a4c        0     1                 
80200a4c 80200a4c        0     1                 
80200a50 80200a50        0     1                 
80200a50 80200a50        0     1                 
80200a56 80200a56        0     1                 
80200a58 80200a58        0     1                 
80200a5a 80200a5a        0     1                 .LBB18_11
80200a5a 80200a5a        0     1                 
80200a5a 80200a5a        0     1                 
80200a5e 80200a5e        0     1                 
80200a5e 80200a5e        0     1                 
80200a60 80200a60        0     1                 
80200a66 80200a66        0     1                 
80200a68 80200a68        0     1                 
80200a68 80200a68        0     1                 
80200a6c 80200a6c        0     1                 
80200a70 80200a70        0     1                 
80200a70 80200a70        0     1                 
80200a7e 80200a7e        0     1                 
80200a82 80200a82        0     1                 
80200a82 80200a82        0     1                 
80200a82 80200a82        0     1                 
80200a82 80200a82        0     1                 
80200a82 80200a82        0     1                 
80200a82 80200a82        6     1                 sbi_call
80200a86 80200a86        0     1                 
80200a86 80200a86        0     1                 
80200a88 80200a88        0     1                 
80200a88 80200a88        0     1                 
80200a88 80200a88        0     1                 
80200a88 80200a88       16     1                 getchar
80200a9c 80200a9c        0     1                 
80200a9c 80200a9c        0     1                 
80200a9e 80200a9e        0     1                 
80200a9e 80200a9e        0     1                 
80200a9e 80200a9e        0     1                 
80200a9e 80200a9e        0     1                 
80200a9e 80200a9e       5e     1                 kernel_main
80200aa6 80200aa6        0     1                 
80200abc 80200abc        0     1                 
80200abc 80200abc        0     1                 
80200ac4 80200ac4        0     1                 
80200ac8 80200ac8        0     1                 
80200ac8 80200ac8        0     1                 
80200acc 80200acc        0     1                 
80200acc 80200acc        0     1                 
80200ad4 80200ad4        0     1                 
80200ad4 80200ad4        0     1                 
80200ae0 80200ae0        0     1                 
80200ae0 80200ae0        0     1                 
80200aec 80200aec        0     1                 
80200aec 80200aec        0     1                 
80200af6 80200af6        0     1                 
80200af6 80200af6        0     1                 .LBB21_1
80200af6 80200af6        0     1                 
80200afa 80200afa        0     1                 
80200afc 80200afc        0     1                 
80200afc 80200afc        0     1                 
80200afc 80200afc        0     1                 
80200afc 80200afc        0     1                 
80200afc 80200afc        0     1                 
80200afc 80200afc       94     1                 kernel_entry
80200b90 80200b90        0     1                 
80200b90 80200b90        0     1                 
80200b90 80200b90        0     1                 
80200b90 80200b90        0     1                 
80200b90 80200b90        0     1                 
80200b90 80200b90       f0     1                 handle_syscall
80200b96 80200b96        0     1                 
80200bb4 80200bb4        0     1                 
80200bb8 80200bb8        0     1                 
80200bba 80200bba        0     1                 
80200bbe 80200bbe        0     1                 
80200bc0 80200bc0        0     1                 
80200bc4 80200bc4        0     1                 
80200bc4 80200bc4        0     1                 
80200bc6 80200bc6        0     1                 
80200bc6 80200bc6        0     1                 
80200bda 80200bda        0     1                 
80200bda 80200bda        0     1                 
80200bde 80200bde        0     1                 
80200bde 80200bde        0     1                 .LBB24_4
80200bde 80200bde        0     1                 
80200be0 80200be0        0     1                 
80200be0 80200be0        0     1                 
80200bf4 80200bf4        0     1                 
80200bf4 80200bf4        0     1                 
80200bf8 80200bf8        0     1                 .LBB24_5
80200bf8 80200bf8        0     1                 
80200bf8 80200bf8        0     1                 
80200c0e 80200c0e        0     1                 
80200c14 80200c14        0     1                 .LBB24_6
80200c14 80200c14        0     1                 
80200c14 80200c14        0     1                 
80200c1c 80200c1c        0     1                 
80200c1c 80200c1c        0     1                 
80200c1e 80200c1e        0     1                 
80200c28 80200c28        0     1                 
80200c28 80200c28        0     1                 
80200c2e 80200c2e        0     1                 
80200c30 80200c30        0     1                 
80200c32 80200c32        0     1                 
80200c32 80200c32        0     1                 
80200c48 80200c48        0     1                 
80200c48 80200c48        0     1                 .LBB24_7
80200c4a 80200c4a        0     1                 .LBB24_8
80200c4a 80200c4a        0     1                 
80200c4a 80200c4a        0     1                 
80200c4e 80200c4e        0     1                 
80200c4e 80200c4e        0     1                 
80200c60 80200c60        0     1                 .LBB24_9
80200c60 80200c60        0     1                 
80200c60 80200c60        0     1                 
80200c64 80200c64        0     1                 
80200c68 80200c68        0     1                 .LBB24_10
80200c68 80200c68        0     1                 
80200c68 80200c68        0     1                 
80200c6c 80200c6c        0     1                 
80200c7e 80200c7e        0     1                 
80200c7e 80200c7e        0     1                 .LBB24_11
80200c80 80200c80        0     1                 
80200c80 80200c80        0     1                 
80200c80 80200c80        0     1                 
80200c80 80200c80        0     1                 
80200c80 80200c80        0     1                 
80200c80 80200c80       42     1                 handle_trap
80200c86 80200c86        0     1                 
80200c86 80200c86        0     1                 
80200c8a 80200c8a        0     1                 
80200c8a 80200c8a        0     1                 
80200c8e 80200c8e        0     1                 
80200c8e 80200c8e        0     1                 
80200c90 80200c90        0     1                 
80200c90 80200c90        0     1                 
80200c94 80200c94        0     1                 
80200c94 80200c94        0     1                 
80200c98 80200c98        0     1                 
80200c98 80200c98        0     1                 
80200c9a 80200c9a        0     1                 
80200c9a 80200c9a        0     1                 
80200c9c 80200c9c        0     1                 
80200c9c 80200c9c        0     1                 
80200ca4 80200ca4        0     1                 
80200ca4 80200ca4        0     1                 
80200ca8 80200ca8        0     1                 .LBB25_2
80200ca8 80200ca8        0     1                 
80200ca8 80200ca8        0     1                 
80200cac 80200cac        0     1                 
80200cc0 80200cc0        0     1                 
80200cc0 80200cc0        0     1                 .LBB25_3
80200cc2 80200cc2        0     1                 
80200cc2 80200cc2        0     1                 
80200cc2 80200cc2      22a     2         /tmp/common-36f4c8.o:(.text)
80200cc2 80200cc2        0     1                 
80200cc2 80200cc2        0     1                 
80200cc2 80200cc2        0     1                 $x.0
80200cc2 80200cc2        0     1                 
80200cc2 80200cc2      1a6     1                 printf
80200cf0 80200cf0        0     1                 
80200d18 80200d18        0     1                 .LBB0_1
80200d18 80200d18        0     1                 
80200d1c 80200d1c        0     1                 .LBB0_2
80200d1c 80200d1c        0     1                 
80200d1e 80200d1e        0     1                 .LBB0_3
80200d1e 80200d1e        0     1                 
80200d22 80200d22        0     1                 
80200d2a 80200d2a        0     1                 .LBB0_5
80200d2a 80200d2a        0     1                 
80200d2c 80200d2c        0     1                 
80200d2c 80200d2c        0     1                 
80200d2e 80200d2e        0     1                 
80200d30 80200d30        0     1                 .LBB0_6
80200d30 80200d30        0     1                 
80200d34 80200d34        0     1                 
80200d36 80200d36        0     1                 
80200d46 80200d46        0     1                 
80200d46 80200d46        0     1                 
80200d52 80200d52        0     1                 
80200d52 80200d52        0     1                 
80200d56 80200d56        0     1                 
80200d56 80200d56        0     1                 
80200d58 80200d58        0     1                 
80200d5e 80200d5e        0     1                 .LBB0_11
80200d5e 80200d5e        0     1                 
80200d5e 80200d5e        0     1                 
80200d66 80200d66        0     1                 
80200d66 80200d66        0     1                 
80200d70 80200d70        0     1                 
80200d70 80200d70        0     1                 
80200d74 80200d74        0     1                 
80200d74 80200d74        0     1                 
80200d76 80200d76        0     1                 
80200d7a 80200d7a        0     1                 
80200d7c 80200d7c        0     1                 
80200d7c 80200d7c        0     1                 
80200d82 80200d82        0     1                 
80200d82 80200d82        0     1                 
80200d84 80200d84        0     1                 
80200d88 80200d88        0     1                 
80200d8a 80200d8a        0     1                 
80200d8a 80200d8a        0     1                 
80200d90 80200d90        0     1                 
80200d90 80200d90        0     1                 
80200d92 80200d92        0     1                 
80200d96 80200d96        0     1                 
80200d98 80200d98        0     1                 
80200d98 80200d98        0     1                 
80200d9e 80200d9e        0     1                 
80200d9e 80200d9e        0     1                 
80200da0 80200da0        0     1                 
80200da4 80200da4        0     1                 
80200da6 80200da6        0     1                 
80200da6 80200da6        0     1                 
80200dac 80200dac        0     1                 
80200dac 80200dac        0     1                 
80200dae 80200dae        0     1                 
80200db2 80200db2        0     1                 
80200db4 80200db4        0     1                 
80200db4 80200db4        0     1                 
80200dba 80200dba        0     1                 
80200dba 80200dba        0     1                 
80200dbc 80200dbc        0     1                 
80200dc0 80200dc0        0     1                 
80200dc2 80200dc2        0     1                 
80200dc2 80200dc2        0     1                 
80200dc8 80200dc8        0     1                 
80200dc8 80200dc8        0     1                 
80200dca 80200dca        0     1                 
80200dce 80200dce        0     1                 
80200dd0 80200dd0        0     1                 
80200dd0 80200dd0        0     1                 
80200dd2 80200dd2        0     1                 
80200dd2 80200dd2        0     1                 
80200dd4 80200dd4        0     1                 
80200dd8 80200dd8        0     1                 
80200dd8 80200dd8        0     1                 
80200dda 80200dda        0     1                 
80200dda 80200dda        0     1                 
80200ddc 80200ddc        0     1                 
80200dde 80200dde        0     1                 .LBB0_14
80200dde 80200dde        0     1                 
80200dde 80200dde        0     1                 
80200de8 80200de8        0     1                 
80200de8 80200de8        0     1                 
80200dec 80200dec        0     1                 
80200df2 80200df2        0     1                 
80200df2 80200df2        0     1                 .LBB0_16
80200df2 80200df2        0     1                 
80200df8 80200df8        0     1                 
80200df8 80200df8        0     1                 
80200dfc 80200dfc        0     1                 
80200dfe 80200dfe        0     1                 
80200e02 80200e02        0     1                 .LBB0_17
80200e02 80200e02        0     1                 
80200e02 80200e02        0     1                 
80200e08 80200e08        0     1                 
80200e08 80200e08        0     1                 
80200e0c 80200e0c        0     1                 
80200e0c 80200e0c        0     1                 
80200e0e 80200e0e        0     1                 
80200e12 80200e12        0     1                 .LBB0_18
80200e12 80200e12        0     1                 
80200e14 80200e14        0     1                 
80200e14 80200e14        0     1                 .LBB0_19
80200e14 80200e14        0     1                 
80200e18 80200e18        0     1                 
80200e1c 80200e1c        0     1                 
80200e20 80200e20        0     1                 .LBB0_20
80200e20 80200e20        0     1                 
80200e20 80200e20        0     1                 
80200e22 80200e22        0     1                 
80200e22 80200e22        0     1                 
80200e26 80200e26        0     1                 
80200e2a 80200e2a        0     1                 
80200e30 80200e30        0     1                 
80200e30 80200e30        0     1                 
80200e38 80200e38        0     1                 
80200e3e 80200e3e        0     1                 
80200e3e 80200e3e        0     1                 
80200e44 80200e44        0     1                 .LBB0_21
80200e44 80200e44        0     1                 
80200e44 80200e44        0     1                 
80200e4a 80200e4a        0     1                 .LBB0_22
80200e4a 80200e4a        0     1                 
80200e4a 80200e4a        0     1                 
80200e4e 80200e4e        0     1                 
80200e64 80200e64        0     1                 
80200e68 80200e68        0     1                 
80200e68 80200e68        0     1                 
80200e68 80200e68        0     1                 
80200e68 80200e68        0     1                 
80200e68 80200e68        0     1                 
80200e68 80200e68       16     1                 memset
80200e6c 80200e6c        0     1                 
80200e6c 80200e6c        0     1                 
80200e6e 80200e6e        0     1                 
80200e6e 80200e6e        0     1                 .LBB1_2
80200e6e 80200e6e        0     1                 
80200e72 80200e72        0     1                 
80200e72 80200e72        0     1                 
80200e76 80200e76        0     1                 
80200e78 80200e78        0     1                 
80200e78 80200e78        0     1                 
80200e7c 80200e7c        0     1                 .LBB1_3
80200e7c 80200e7c        0     1                 
80200e7c 80200e7c        0     1                 
80200e7e 80200e7e        0     1                 
80200e7e 80200e7e        0     1                 
80200e7e 80200e7e        0     1                 
80200e7e 80200e7e        0     1                 
80200e7e 80200e7e        0     1                 
80200e7e 80200e7e       1c     1                 memcpy
80200e82 80200e82        0     1                 
80200e82 80200e82        0     1                 
80200e84 80200e84        0     1                 
80200e84 80200e84        0     1                 .LBB2_2
80200e84 80200e84        0     1                 
80200e88 80200e88        0     1                 
80200e8a 80200e8a        0     1                 
80200e8e 80200e8e        0     1                 
80200e8e 80200e8e        0     1                 
80200e92 80200e92        0     1                 
80200e94 80200e94        0     1                 
80200e94 80200e94        0     1                 
80200e98 80200e98        0     1                 .LBB2_3
80200e98 80200e98        0     1                 
80200e98 80200e98        0     1                 
80200e9a 80200e9a        0     1                 
80200e9a 80200e9a        0     1                 
80200e9a 80200e9a        0     1                 
80200e9a 80200e9a        0     1                 
80200e9a 80200e9a        0     1                 
80200e9a 80200e9a       24     1                 strcpy
80200ea0 80200ea0        0     1                 
80200ea4 80200ea4        0     1                 
80200ea4 80200ea4        0     1                 
80200ea6 80200ea6        0     1                 
80200ea6 80200ea6        0     1                 .LBB3_2
80200ea6 80200ea6        0     1                 
80200eaa 80200eaa        0     1                 
80200eae 80200eae        0     1                 
80200eb2 80200eb2        0     1                 
80200eb2 80200eb2        0     1                 
80200eb4 80200eb4        0     1                 
80200eb4 80200eb4        0     1                 
80200eb6 80200eb6        0     1                 
80200eb8 80200eb8        0     1                 .LBB3_3
80200eb8 80200eb8        0     1                 
80200eb8 80200eb8        0     1                 
80200ebc 80200ebc        0     1                 
80200ebe 80200ebe        0     1                 
80200ebe 80200ebe        0     1                 
80200ebe 80200ebe        0     1                 
80200ebe 80200ebe        0     1                 
80200ebe 80200ebe        0     1                 
80200ebe 80200ebe       2e     1                 strcmp
80200ec2 80200ec2        0     1                 
80200ec4 80200ec4        0     1                 
80200ec6 80200ec6        0     1                 
80200ec6 80200ec6        0     1                 .LBB4_2
80200ec6 80200ec6        0     1                 
80200ece 80200ece        0     1                 
80200ed2 80200ed2        0     1                 
80200ed2 80200ed2        0     1                 
80200ed6 80200ed6        0     1                 
80200ed8 80200ed8        0     1                 
80200eda 80200eda        0     1                 
80200edc 80200edc        0     1                 .LBB4_4
80200edc 80200edc        0     1                 
80200ee2 80200ee2        0     1                 .LBB4_5
80200ee2 80200ee2        0     1                 
80200ee2 80200ee2        0     1                 
80200ee4 80200ee4        0     1                 .LBB4_6
80200ee4 80200ee4        0     1                 
80200ee4 80200ee4        0     1                 
80200ee8 80200ee8        0     1                 
80200ee8 80200ee8        0     1                 
80200eea 80200eea        0     1                 
80200eec 80200eec        0     1                 
80200eec 80200eec        0     1                 
80200eec 80200eec      295     4 .rodata
80200eec 80200eec      295     1         <internal>:(.rodata.str1.1)
80201184 80201184    103b0     4 .data
80201184 80201184    103b0     1         shell.bin.o:(.data)
80201184 80201184        0     1                 _binary_shell_bin_start
80211534 80211534        0     1                 _binary_shell_bin_end
80211534 80211534        4     4 .sdata
80211534 80211534        4     4         /tmp/kernel-946264.o:(.sdata)
80211534 80211534        4     1                 alloc_pages.next_paddr
80211534 80211534        0     1                 $d.5
80211538 80211538    100a8     8 .bss
80211538 80211538        0     1         __bss = .
80211538 80211538       28     8         /tmp/kernel-946264.o:(.sbss)
80211538 80211538        0     1                 $d.3
80211538 80211538        4     1                 blk_request_vq
80211540 80211540        8     1                 blk_capacity
80211548 80211548        4     1                 blk_req_paddr
8021154c 8021154c        4     1                 blk_req
80211550 80211550        4     1                 idle_proc
80211554 80211554        4     1                 current_proc
80211558 80211558        4     1                 proc_a
8021155c 8021155c        4     1                 proc_b
80211560 80211560    10080     4         /tmp/kernel-946264.o:(.bss)
80211560 80211560        0     1                 $d.4
80211560 80211560    10080     1                 procs
802215e0 802215e0        0     1         __bss_end = .
802215e0 802215e0        0     1 . = ALIGN ( 4 )
802215e0 802215e0    20000     1 . += 128 * 1024
802415e0 802415e0        0     1 __stack_top = .
802415e0 802415e0      a20     1 . = ALIGN ( 4096 )
80242000 80242000        0     1 __free_ram = .
80242000 80242000  4000000     1 . += 64 * 1024 * 1024
84242000 84242000        0     1 __free_ram_end = .
       0        0     1092     1 .debug_loc
       0        0      da7     1         /tmp/kernel-946264.o:(.debug_loc)
       0        0        0     1                 
       0        0        0     1                 $d.6
      1b       1b        0     1                 
      41       41        0     1                 
      5c       5c        0     1                 
      78       78        0     1                 
      93       93        0     1                 
      ae       ae        0     1                 
      c9       c9        0     1                 
      e4       e4        0     1                 
      ff       ff        0     1                 
     127      127        0     1                 
     14f      14f        0     1                 
     175      175        0     1                 
     190      190        0     1                 
     1ab      1ab        0     1                 
     1c6      1c6        0     1                 
     1e1      1e1        0     1                 
     1fc      1fc        0     1                 
     217      217        0     1                 
     232      232        0     1                 
     24d      24d        0     1                 
     268      268        0     1                 
     283      283        0     1                 
     2d5      2d5        0     1                 
     2fb      2fb        0     1                 
     34d      34d        0     1                 
     368      368        0     1                 
     383      383        0     1                 
     3a0      3a0        0     1                 
     408      408        0     1                 
     48d      48d        0     1                 
     4b3      4b3        0     1                 
     4ce      4ce        0     1                 
     4ec      4ec        0     1                 
     509      509        0     1                 
     548      548        0     1                 
     563      563        0     1                 
     580      580        0     1                 
     5bf      5bf        0     1                 
     5dd      5dd        0     1                 
     5fa      5fa        0     1                 
     639      639        0     1                 
     66a      66a        0     1                 
     69b      69b        0     1                 
     788      788        0     1                 
     7af      7af        0     1                 
     80b      80b        0     1                 
     826      826        0     1                 
     842      842        0     1                 
     868      868        0     1                 
     883      883        0     1                 
     89e      89e        0     1                 
     8b9      8b9        0     1                 
     8d4      8d4        0     1                 
     8f0      8f0        0     1                 
     90b      90b        0     1                 
     93d      93d        0     1                 
     963      963        0     1                 
     993      993        0     1                 
     9ae      9ae        0     1                 
     9d6      9d6        0     1                 
     9fc      9fc        0     1                 
     a2d      a2d        0     1                 
     a53      a53        0     1                 
     a9a      a9a        0     1                 
     ae1      ae1        0     1                 
     afc      afc        0     1                 
     b17      b17        0     1                 
     b32      b32        0     1                 
     b4d      b4d        0     1                 
     b68      b68        0     1                 
     b90      b90        0     1                 
     bad      bad        0     1                 
     bca      bca        0     1                 
     be5      be5        0     1                 
     c2c      c2c        0     1                 
     c6c      c6c        0     1                 
     c96      c96        0     1                 
     cbc      cbc        0     1                 
     cd7      cd7        0     1                 
     cf4      cf4        0     1                 
     d1a      d1a        0     1                 
     d40      d40        0     1                 
     d66      d66        0     1                 
     d81      d81        0     1                 
     da7      da7      2eb     1         /tmp/common-36f4c8.o:(.debug_loc)
     da7      da7        0     1                 
     da7      da7        0     1                 $d.2
     dc5      dc5        0     1                 
     de3      de3        0     1                 
     e01      e01        0     1                 
     e42      e42        0     1                 
     ebf      ebf        0     1                 
     ed2      ed2        0     1                 
     f32      f32        0     1                 
     f5d      f5d        0     1                 
     f91      f91        0     1                 
     fa6      fa6        0     1                 
     fb9      fb9        0     1                 
     fed      fed        0     1                 
    1002     1002        0     1                 
    1020     1020        0     1                 
    1049     1049        0     1                 
    107f     107f        0     1                 
       0        0      46a     1 .debug_abbrev
       0        0      342     1         /tmp/kernel-946264.o:(.debug_abbrev)
       0        0        0     1                 $d.7
     342      342      128     1         /tmp/common-36f4c8.o:(.debug_abbrev)
     342      342        0     1                 $d.3
       0        0     1b8b     1 .debug_info
       0        0     1860     1         /tmp/kernel-946264.o:(.debug_info)
       0        0        0     1                 $d.8
    1860     1860      32b     1         /tmp/common-36f4c8.o:(.debug_info)
    1860     1860        0     1                 $d.4
       0        0      148     1 .debug_ranges
       0        0      130     1         /tmp/kernel-946264.o:(.debug_ranges)
       0        0        0     1                 
       0        0        0     1                 $d.9
      18       18        0     1                 
      30       30        0     1                 
      48       48        0     1                 
      60       60        0     1                 
      78       78        0     1                 
      90       90        0     1                 
      a8       a8        0     1                 
      c8       c8        0     1                 
      e0       e0        0     1                 
      f8       f8        0     1                 
     110      110        0     1                 
     130      130       18     1         /tmp/common-36f4c8.o:(.debug_ranges)
     130      130        0     1                 
     130      130        0     1                 $d.5
       0        0      572     1 .debug_str
       0        0      572     1         <internal>:(.debug_str)
       0        0       42     1 .comment
       0        0       42     1         <internal>:(.comment)
       0        0       2b     1 .riscv.attributes
       0        0       2b     1         <internal>:(.riscv.attributes)
       0        0      2c0     4 .debug_frame
       0        0      23c     4         /tmp/kernel-946264.o:(.debug_frame)
       0        0        0     1                 
       0        0        0     1                 $d.13
     23c      23c       84     4         /tmp/common-36f4c8.o:(.debug_frame)
     23c      23c        0     1                 
     23c      23c        0     1                 $d.9
       0        0     12a5     1 .debug_line
       0        0      ed9     1         /tmp/kernel-946264.o:(.debug_line)
       0        0        0     1                 .Lline_table_start0
       0        0        0     1                 $d.14
     ed9      ed9      3cc     1         /tmp/common-36f4c8.o:(.debug_line)
     ed9      ed9        0     1                 .Lline_table_start0
     ed9      ed9        0     1                 $d.10
       0        0     5540     4 .symtab
       0        0     5540     4         <internal>:(.symtab)
       0        0       ad     1 .shstrtab
       0        0       ad     1         <internal>:(.shstrtab)
       0        0      306     1 .strtab
       0        0      306     1         <internal>:(.strtab)
