     VMA      LMA     Size Align Out     In      Symbol
       0        0  1000000     1 . = 0x1000000
 1000000  1000000      48a     4 .text
 1000000  1000000       1a     2         /tmp/user-836404.o:(.text.start)
 1000000  1000000        0     1                 
 1000000  1000000        0     1                 
 1000000  1000000        0     1                 
 1000000  1000000        0     1                 
 1000000  1000000       1a     1                 start
 100001a  100001a        0     1                 
 100001a  100001a        0     1                 
 100001c  100001c      19c     4         /tmp/shell-3783a8.o:(.text)
 100001c  100001c        0     1                 
 100001c  100001c        0     1                 
 100001c  100001c        0     1                 
 100001c  100001c      19c     1                 main
 100001e  100001e        0     1                 
 100003e  100003e        0     1                 
 1000060  1000060        0     1                 
 1000068  1000068        0     1                 
 1000068  1000068        0     1                 
 1000072  1000072        0     1                 
 1000072  1000072        0     1                 
 100007a  100007a        0     1                 
 100007c  100007c        0     1                 
 1000088  1000088        0     1                 
 1000088  1000088        0     1                 
 100008a  100008a        0     1                 
 100008e  100008e        0     1                 
 1000092  1000092        0     1                 
 100009a  100009a        0     1                 
 100009c  100009c        0     1                 
 10000a4  10000a4        0     1                 
 10000a6  10000a6        0     1                 
 10000b2  10000b2        0     1                 
 10000b2  10000b2        0     1                 
 10000b6  10000b6        0     1                 
 10000ba  10000ba        0     1                 
 10000ca  10000ca        0     1                 
 10000ca  10000ca        0     1                 
 10000cc  10000cc        0     1                 
 10000d2  10000d2        0     1                 
 10000d2  10000d2        0     1                 
 10000e4  10000e4        0     1                 
 10000e4  10000e4        0     1                 
 10000e6  10000e6        0     1                 
 10000f8  10000f8        0     1                 
 10000f8  10000f8        0     1                 
 10000fa  10000fa        0     1                 
 100010c  100010c        0     1                 
 100010c  100010c        0     1                 
 100010e  100010e        0     1                 
 1000120  1000120        0     1                 
 1000120  1000120        0     1                 
 1000122  1000122        0     1                 
 100012e  100012e        0     1                 
 100013e  100013e        0     1                 
 100013e  100013e        0     1                 
 1000140  1000140        0     1                 
 1000140  1000140        0     1                 
 1000158  1000158        0     1                 
 1000158  1000158        0     1                 
 100015a  100015a        0     1                 
 100015e  100015e        0     1                 
 1000168  1000168        0     1                 
 1000168  1000168        0     1                 
 1000170  1000170        0     1                 
 1000172  1000172        0     1                 
 100018c  100018c        0     1                 
 100018c  100018c        0     1                 
 10001b0  10001b0        0     1                 
 10001b8  10001b8        0     1                 
 10001b8  10001b8        0     1                 
 10001b8  10001b8        0     1                 
 10001b8  10001b8       48     4         /tmp/user-836404.o:(.text)
 10001b8  10001b8        0     1                 
 10001b8  10001b8        0     1                 
 10001b8  10001b8        0     1                 
 10001b8  10001b8       10     1                 syscall
 10001ba  10001ba        0     1                 
 10001c6  10001c6        0     1                 
 10001c8  10001c8        0     1                 
 10001c8  10001c8        0     1                 
 10001c8  10001c8        0     1                 
 10001c8  10001c8        0     1                 
 10001c8  10001c8        0     1                 
 10001c8  10001c8        0     1                 
 10001c8  10001c8        e     1                 exit
 10001d4  10001d4        0     1                 
 10001d4  10001d4        0     1                 
 10001d6  10001d6        0     1                 
 10001d6  10001d6        0     1                 
 10001d6  10001d6        0     1                 
 10001d6  10001d6        0     1                 
 10001d6  10001d6        0     1                 
 10001d6  10001d6        0     1                 
 10001d6  10001d6        8     1                 readfile
 10001dc  10001dc        0     1                 
 10001dc  10001dc        0     1                 
 10001de  10001de        0     1                 
 10001de  10001de        0     1                 
 10001de  10001de        0     1                 
 10001de  10001de        0     1                 
 10001de  10001de        0     1                 
 10001de  10001de        0     1                 
 10001de  10001de        8     1                 writefile
 10001e4  10001e4        0     1                 
 10001e4  10001e4        0     1                 
 10001e6  10001e6        0     1                 
 10001e6  10001e6        0     1                 
 10001e6  10001e6        0     1                 
 10001e6  10001e6        0     1                 
 10001e6  10001e6        0     1                 
 10001e6  10001e6        0     1                 
 10001e6  10001e6        c     1                 putchar
 10001f0  10001f0        0     1                 
 10001f0  10001f0        0     1                 
 10001f2  10001f2        0     1                 
 10001f2  10001f2        0     1                 
 10001f2  10001f2        0     1                 
 10001f2  10001f2        0     1                 
 10001f2  10001f2        0     1                 
 10001f2  10001f2        0     1                 
 10001f2  10001f2        e     1                 getchar
 10001fe  10001fe        0     1                 
 10001fe  10001fe        0     1                 
 1000200  1000200        0     1                 
 1000200  1000200        0     1                 
 1000200  1000200      28a     4         /tmp/common-f88c29.o:(.text)
 1000200  1000200        0     1                 
 1000200  1000200        0     1                 
 1000200  1000200        0     1                 
 1000200  1000200      200     1                 printf
 1000202  1000202        0     1                 
 100021c  100021c        0     1                 
 100022e  100022e        0     1                 
 100025a  100025a        0     1                 
 100025e  100025e        0     1                 
 1000260  1000260        0     1                 
 1000264  1000264        0     1                 
 100026c  100026c        0     1                 
 1000274  1000274        0     1                 
 1000274  1000274        0     1                 
 1000276  1000276        0     1                 
 1000278  1000278        0     1                 
 100027c  100027c        0     1                 
 100027e  100027e        0     1                 
 100028a  100028a        0     1                 
 1000296  1000296        0     1                 
 100029a  100029a        0     1                 
 100029c  100029c        0     1                 
 10002a2  10002a2        0     1                 
 10002aa  10002aa        0     1                 
 10002aa  10002aa        0     1                 
 10002b4  10002b4        0     1                 
 10002b4  10002b4        0     1                 
 10002b8  10002b8        0     1                 
 10002be  10002be        0     1                 
 10002c6  10002c6        0     1                 
 10002c6  10002c6        0     1                 
 10002ca  10002ca        0     1                 
 10002cc  10002cc        0     1                 
 10002d2  10002d2        0     1                 
 10002da  10002da        0     1                 
 10002da  10002da        0     1                 
 10002de  10002de        0     1                 
 10002e0  10002e0        0     1                 
 10002e6  10002e6        0     1                 
 10002ee  10002ee        0     1                 
 10002ee  10002ee        0     1                 
 10002f2  10002f2        0     1                 
 10002f4  10002f4        0     1                 
 10002fa  10002fa        0     1                 
 1000302  1000302        0     1                 
 1000302  1000302        0     1                 
 1000306  1000306        0     1                 
 1000308  1000308        0     1                 
 100030e  100030e        0     1                 
 1000316  1000316        0     1                 
 1000316  1000316        0     1                 
 100031a  100031a        0     1                 
 100031c  100031c        0     1                 
 1000322  1000322        0     1                 
 100032a  100032a        0     1                 
 100032a  100032a        0     1                 
 100032e  100032e        0     1                 
 1000330  1000330        0     1                 
 1000336  1000336        0     1                 
 100033e  100033e        0     1                 
 100033e  100033e        0     1                 
 1000342  1000342        0     1                 
 1000348  1000348        0     1                 
 1000348  1000348        0     1                 
 1000350  1000350        0     1                 
 1000350  1000350        0     1                 
 1000352  1000352        0     1                 
 1000354  1000354        0     1                 
 1000354  1000354        0     1                 
 100035e  100035e        0     1                 
 1000362  1000362        0     1                 
 100036a  100036a        0     1                 
 1000376  1000376        0     1                 
 1000376  1000376        0     1                 
 100037a  100037a        0     1                 
 1000380  1000380        0     1                 
 1000380  1000380        0     1                 
 100038c  100038c        0     1                 
 100038c  100038c        0     1                 
 1000390  1000390        0     1                 
 1000392  1000392        0     1                 
 1000396  1000396        0     1                 
 1000398  1000398        0     1                 
 100039c  100039c        0     1                 
 10003a0  10003a0        0     1                 
 10003a4  10003a4        0     1                 
 10003a8  10003a8        0     1                 
 10003aa  10003aa        0     1                 
 10003ae  10003ae        0     1                 
 10003b2  10003b2        0     1                 
 10003be  10003be        0     1                 
 10003be  10003be        0     1                 
 10003c6  10003c6        0     1                 
 10003cc  10003cc        0     1                 
 10003d0  10003d0        0     1                 
 10003d6  10003d6        0     1                 
 10003e2  10003e2        0     1                 
 10003e2  10003e2        0     1                 
 1000400  1000400        0     1                 
 1000400  1000400        0     1                 
 1000400  1000400        0     1                 
 1000400  1000400        0     1                 
 1000400  1000400        0     1                 
 1000400  1000400        0     1                 
 1000400  1000400       14     1                 memset
 1000402  1000402        0     1                 
 1000404  1000404        0     1                 
 1000406  1000406        0     1                 
 100040a  100040a        0     1                 
 100040e  100040e        0     1                 
 1000410  1000410        0     1                 
 1000412  1000412        0     1                 
 1000414  1000414        0     1                 
 1000414  1000414        0     1                 
 1000414  1000414        0     1                 
 1000414  1000414        0     1                 
 1000414  1000414        0     1                 
 1000414  1000414        0     1                 
 1000414  1000414       1a     1                 memcpy
 1000416  1000416        0     1                 
 1000418  1000418        0     1                 
 100041c  100041c        0     1                 
 100041e  100041e        0     1                 
 1000420  1000420        0     1                 
 1000424  1000424        0     1                 
 1000428  1000428        0     1                 
 100042a  100042a        0     1                 
 100042c  100042c        0     1                 
 100042e  100042e        0     1                 
 100042e  100042e        0     1                 
 100042e  100042e        0     1                 
 100042e  100042e        0     1                 
 100042e  100042e        0     1                 
 100042e  100042e        0     1                 
 100042e  100042e       24     1                 strcpy
 1000434  1000434        0     1                 
 1000438  1000438        0     1                 
 100043a  100043a        0     1                 
 100043e  100043e        0     1                 
 1000442  1000442        0     1                 
 1000446  1000446        0     1                 
 1000448  1000448        0     1                 
 100044a  100044a        0     1                 
 100044c  100044c        0     1                 
 1000450  1000450        0     1                 
 1000452  1000452        0     1                 
 1000452  1000452        0     1                 
 1000452  1000452        0     1                 
 1000452  1000452        0     1                 
 1000452  1000452        0     1                 
 1000452  1000452        0     1                 
 1000452  1000452       38     1                 strcmp
 1000456  1000456        0     1                 
 1000458  1000458        0     1                 
 100045a  100045a        0     1                 
 100045e  100045e        0     1                 
 100046c  100046c        0     1                 
 1000470  1000470        0     1                 
 1000474  1000474        0     1                 
 1000476  1000476        0     1                 
 100047a  100047a        0     1                 
 100047c  100047c        0     1                 
 1000480  1000480        0     1                 
 1000484  1000484        0     1                 
 1000488  1000488        0     1                 
 100048a  100048a        0     1                 
 100048a  100048a        0     1                 
 100048c  100048c       b4     4 .rodata
 100048c  100048c       b4     1         <internal>:(.rodata)
 1000540  1000540    10000     4 .bss
 1000540  1000540        0     1         . = ALIGN ( 16 )
 1000540  1000540    10000     1         . += 64 * 1024
 1010540  1010540        0     1         __stack_top = .
 1010540  1010540        0     1         
       0        0      368     1 .debug_loclists
       0        0       3b     1         /tmp/shell-3783a8.o:(.debug_loclists)
       c        c        0     1                 
      3b       3b       e3     1         /tmp/user-836404.o:(.debug_loclists)
      47       47        0     1                 
     11e      11e      24a     1         /tmp/common-f88c29.o:(.debug_loclists)
     12a      12a        0     1                 
       0        0      341     1 .debug_abbrev
       0        0      103     1         /tmp/shell-3783a8.o:(.debug_abbrev)
     103      103      139     1         /tmp/user-836404.o:(.debug_abbrev)
     23c      23c      105     1         /tmp/common-f88c29.o:(.debug_abbrev)
       0        0      62f     1 .debug_info
       0        0      16b     1         /tmp/shell-3783a8.o:(.debug_info)
     16b      16b      2a3     1         /tmp/user-836404.o:(.debug_info)
     40e      40e      221     1         /tmp/common-f88c29.o:(.debug_info)
       0        0       50     1 .debug_rnglists
       0        0       19     1         /tmp/shell-3783a8.o:(.debug_rnglists)
       c        c        0     1                 
      19       19       1c     1         /tmp/user-836404.o:(.debug_rnglists)
      25       25        0     1                 
      35       35       1b     1         /tmp/common-f88c29.o:(.debug_rnglists)
      41       41        0     1                 
       0        0      154     1 .debug_str_offsets
       0        0       58     1         /tmp/shell-3783a8.o:(.debug_str_offsets)
       8        8        0     1                 
      58       58       68     1         /tmp/user-836404.o:(.debug_str_offsets)
      60       60        0     1                 
      c0       c0       94     1         /tmp/common-f88c29.o:(.debug_str_offsets)
      c8       c8        0     1                 
       0        0      1ab     1 .debug_str
       0        0      1ab     1         <internal>:(.debug_str)
       0        0       d0     1 .debug_addr
       0        0       50     1         /tmp/shell-3783a8.o:(.debug_addr)
       8        8        0     1                 
      50       50       24     1         /tmp/user-836404.o:(.debug_addr)
      58       58        0     1                 
      74       74       5c     1         /tmp/common-f88c29.o:(.debug_addr)
      7c       7c        0     1                 
       0        0       42     1 .comment
       0        0       42     1         <internal>:(.comment)
       0        0       2b     1 .riscv.attributes
       0        0       2b     1         /tmp/shell-3783a8.o:(.riscv.attributes)
       0        0      144     4 .debug_frame
       0        0       3c     4         /tmp/shell-3783a8.o:(.debug_frame)
       0        0        0     1                 
      3c       3c       84     4         /tmp/user-836404.o:(.debug_frame)
      3c       3c        0     1                 
      c0       c0       84     4         /tmp/common-f88c29.o:(.debug_frame)
      c0       c0        0     1                 
       0        0      705     1 .debug_line
       0        0      19a     1         /tmp/shell-3783a8.o:(.debug_line)
       0        0        0     1                 .Lline_table_start0
     19a      19a       fc     1         /tmp/user-836404.o:(.debug_line)
     19a      19a        0     1                 .Lline_table_start0
     296      296      46f     1         /tmp/common-f88c29.o:(.debug_line)
     296      296        0     1                 .Lline_table_start0
       0        0       4b     1 .debug_line_str
       0        0       4b     1         <internal>:(.debug_line_str)
       0        0     1870     4 .symtab
       0        0     1870     4         <internal>:(.symtab)
       0        0       d6     1 .shstrtab
       0        0       d6     1         <internal>:(.shstrtab)
       0        0       bf     1 .strtab
       0        0       bf     1         <internal>:(.strtab)
