     VMA      LMA     Size Align Out     In      Symbol
       0        0  1000000     1 . = 0x1000000
 1000000  1000000      3a8     2 .text
 1000000  1000000        e     2         /tmp/user-eacd53.o:(.text.start)
 1000000  1000000        0     1                 
 1000000  1000000        0     1                 
 1000000  1000000        0     1                 $x.1
 1000000  1000000        0     1                 
 1000000  1000000        e     1                 start
 100000e  100000e        0     1                 
 100000e  100000e        0     1                 
 100000e  100000e      128     2         /tmp/shell-e9833b.o:(.text)
 100000e  100000e        0     1                 
 100000e  100000e        0     1                 
 100000e  100000e        0     1                 $x.0
 100000e  100000e        0     1                 
 100000e  100000e      128     1                 main
 1000046  1000046        0     1                 .LBB0_1
 1000046  1000046        0     1                 
 1000048  1000048        0     1                 
 1000048  1000048        0     1                 
 100004c  100004c        0     1                 
 100004c  100004c        0     1                 
 100004e  100004e        0     1                 
 1000050  1000050        0     1                 
 1000054  1000054        0     1                 
 1000056  1000056        0     1                 
 1000056  1000056        0     1                 
 100005c  100005c        0     1                 
 100005c  100005c        0     1                 .LBB0_2
 100005c  100005c        0     1                 
 1000060  1000060        0     1                 
 1000064  1000064        0     1                 
 1000068  1000068        0     1                 
 1000068  1000068        0     1                 
 100006a  100006a        0     1                 
 100006c  100006c        0     1                 
 1000070  1000070        0     1                 
 1000072  1000072        0     1                 
 1000072  1000072        0     1                 
 1000076  1000076        0     1                 
 1000076  1000076        0     1                 
 1000078  1000078        0     1                 
 100007c  100007c        0     1                 .LBB0_5
 100007c  100007c        0     1                 
 100007c  100007c        0     1                 
 1000086  1000086        0     1                 
 1000086  1000086        0     1                 
 100008a  100008a        0     1                 
 100008a  100008a        0     1                 
 1000096  1000096        0     1                 
 1000096  1000096        0     1                 
 1000098  1000098        0     1                 
 1000098  1000098        0     1                 
 10000a4  10000a4        0     1                 
 10000a4  10000a4        0     1                 
 10000a6  10000a6        0     1                 
 10000b2  10000b2        0     1                 
 10000b2  10000b2        0     1                 
 10000b4  10000b4        0     1                 
 10000c0  10000c0        0     1                 
 10000c0  10000c0        0     1                 
 10000c2  10000c2        0     1                 
 10000ce  10000ce        0     1                 .LBB0_10
 10000ce  10000ce        0     1                 
 10000d8  10000d8        0     1                 
 10000d8  10000d8        0     1                 
 10000da  10000da        0     1                 .LBB0_11
 10000da  10000da        0     1                 
 10000da  10000da        0     1                 
 10000ec  10000ec        0     1                 
 10000ec  10000ec        0     1                 
 10000ee  10000ee        0     1                 
 10000ee  10000ee        0     1                 
 10000f2  10000f2        0     1                 
 10000fc  10000fc        0     1                 .LBB0_12
 10000fc  10000fc        0     1                 
 10000fc  10000fc        0     1                 
 10000fe  10000fe        0     1                 
 1000100  1000100        0     1                 .LBB0_13
 1000100  1000100        0     1                 
 1000114  1000114        0     1                 .LBB0_14
 1000114  1000114        0     1                 
 1000114  1000114        0     1                 
 1000130  1000130        0     1                 
 1000134  1000134        0     1                 .LBB0_15
 1000134  1000134        0     1                 
 1000136  1000136        0     1                 
 1000136  1000136        0     1                 
 1000136  1000136        0     1                 
 1000136  1000136       48     2         /tmp/user-eacd53.o:(.text)
 1000136  1000136        0     1                 
 1000136  1000136        0     1                 
 1000136  1000136        0     1                 $x.0
 1000136  1000136        0     1                 
 1000136  1000136       10     1                 syscall
 1000138  1000138        0     1                 
 1000144  1000144        0     1                 
 1000146  1000146        0     1                 
 1000146  1000146        0     1                 
 1000146  1000146        0     1                 
 1000146  1000146        0     1                 
 1000146  1000146        e     1                 exit
 1000152  1000152        0     1                 .LBB2_1
 1000152  1000152        0     1                 
 1000154  1000154        0     1                 
 1000154  1000154        0     1                 
 1000154  1000154        0     1                 
 1000154  1000154        0     1                 
 1000154  1000154        0     1                 
 1000154  1000154        8     1                 readfile
 100015a  100015a        0     1                 
 100015a  100015a        0     1                 
 100015c  100015c        0     1                 
 100015c  100015c        0     1                 
 100015c  100015c        0     1                 
 100015c  100015c        8     1                 writefile
 1000162  1000162        0     1                 
 1000162  1000162        0     1                 
 1000164  1000164        0     1                 
 1000164  1000164        0     1                 
 1000164  1000164        0     1                 
 1000164  1000164        c     1                 putchar
 100016e  100016e        0     1                 
 100016e  100016e        0     1                 
 1000170  1000170        0     1                 
 1000170  1000170        0     1                 
 1000170  1000170        0     1                 
 1000170  1000170        e     1                 getchar
 100017c  100017c        0     1                 
 100017c  100017c        0     1                 
 100017e  100017e        0     1                 
 100017e  100017e      22a     2         /tmp/common-f593ee.o:(.text)
 100017e  100017e        0     1                 
 100017e  100017e        0     1                 
 100017e  100017e        0     1                 $x.0
 100017e  100017e        0     1                 
 100017e  100017e      1a6     1                 printf
 10001ac  10001ac        0     1                 
 10001d4  10001d4        0     1                 .LBB0_1
 10001d4  10001d4        0     1                 
 10001d8  10001d8        0     1                 .LBB0_2
 10001d8  10001d8        0     1                 
 10001da  10001da        0     1                 .LBB0_3
 10001da  10001da        0     1                 
 10001de  10001de        0     1                 
 10001e6  10001e6        0     1                 .LBB0_5
 10001e6  10001e6        0     1                 
 10001e8  10001e8        0     1                 
 10001e8  10001e8        0     1                 
 10001ea  10001ea        0     1                 
 10001ec  10001ec        0     1                 .LBB0_6
 10001ec  10001ec        0     1                 
 10001f0  10001f0        0     1                 
 10001f2  10001f2        0     1                 
 1000202  1000202        0     1                 
 1000202  1000202        0     1                 
 100020e  100020e        0     1                 
 100020e  100020e        0     1                 
 1000212  1000212        0     1                 
 1000212  1000212        0     1                 
 1000214  1000214        0     1                 
 100021a  100021a        0     1                 .LBB0_11
 100021a  100021a        0     1                 
 100021a  100021a        0     1                 
 1000222  1000222        0     1                 
 1000222  1000222        0     1                 
 100022c  100022c        0     1                 
 100022c  100022c        0     1                 
 1000230  1000230        0     1                 
 1000230  1000230        0     1                 
 1000232  1000232        0     1                 
 1000236  1000236        0     1                 
 1000238  1000238        0     1                 
 1000238  1000238        0     1                 
 100023e  100023e        0     1                 
 100023e  100023e        0     1                 
 1000240  1000240        0     1                 
 1000244  1000244        0     1                 
 1000246  1000246        0     1                 
 1000246  1000246        0     1                 
 100024c  100024c        0     1                 
 100024c  100024c        0     1                 
 100024e  100024e        0     1                 
 1000252  1000252        0     1                 
 1000254  1000254        0     1                 
 1000254  1000254        0     1                 
 100025a  100025a        0     1                 
 100025a  100025a        0     1                 
 100025c  100025c        0     1                 
 1000260  1000260        0     1                 
 1000262  1000262        0     1                 
 1000262  1000262        0     1                 
 1000268  1000268        0     1                 
 1000268  1000268        0     1                 
 100026a  100026a        0     1                 
 100026e  100026e        0     1                 
 1000270  1000270        0     1                 
 1000270  1000270        0     1                 
 1000276  1000276        0     1                 
 1000276  1000276        0     1                 
 1000278  1000278        0     1                 
 100027c  100027c        0     1                 
 100027e  100027e        0     1                 
 100027e  100027e        0     1                 
 1000284  1000284        0     1                 
 1000284  1000284        0     1                 
 1000286  1000286        0     1                 
 100028a  100028a        0     1                 
 100028c  100028c        0     1                 
 100028c  100028c        0     1                 
 100028e  100028e        0     1                 
 100028e  100028e        0     1                 
 1000290  1000290        0     1                 
 1000294  1000294        0     1                 
 1000294  1000294        0     1                 
 1000296  1000296        0     1                 
 1000296  1000296        0     1                 
 1000298  1000298        0     1                 
 100029a  100029a        0     1                 .LBB0_14
 100029a  100029a        0     1                 
 100029a  100029a        0     1                 
 10002a4  10002a4        0     1                 
 10002a4  10002a4        0     1                 
 10002a8  10002a8        0     1                 
 10002ae  10002ae        0     1                 
 10002ae  10002ae        0     1                 .LBB0_16
 10002ae  10002ae        0     1                 
 10002b4  10002b4        0     1                 
 10002b4  10002b4        0     1                 
 10002b8  10002b8        0     1                 
 10002ba  10002ba        0     1                 
 10002be  10002be        0     1                 .LBB0_17
 10002be  10002be        0     1                 
 10002be  10002be        0     1                 
 10002c4  10002c4        0     1                 
 10002c4  10002c4        0     1                 
 10002c8  10002c8        0     1                 
 10002c8  10002c8        0     1                 
 10002ca  10002ca        0     1                 
 10002ce  10002ce        0     1                 .LBB0_18
 10002ce  10002ce        0     1                 
 10002d0  10002d0        0     1                 
 10002d0  10002d0        0     1                 .LBB0_19
 10002d0  10002d0        0     1                 
 10002d4  10002d4        0     1                 
 10002d8  10002d8        0     1                 
 10002dc  10002dc        0     1                 .LBB0_20
 10002dc  10002dc        0     1                 
 10002dc  10002dc        0     1                 
 10002de  10002de        0     1                 
 10002de  10002de        0     1                 
 10002e2  10002e2        0     1                 
 10002e6  10002e6        0     1                 
 10002ec  10002ec        0     1                 
 10002ec  10002ec        0     1                 
 10002f4  10002f4        0     1                 
 10002fa  10002fa        0     1                 
 10002fa  10002fa        0     1                 
 1000300  1000300        0     1                 .LBB0_21
 1000300  1000300        0     1                 
 1000300  1000300        0     1                 
 1000306  1000306        0     1                 .LBB0_22
 1000306  1000306        0     1                 
 1000306  1000306        0     1                 
 100030a  100030a        0     1                 
 1000320  1000320        0     1                 
 1000324  1000324        0     1                 
 1000324  1000324        0     1                 
 1000324  1000324        0     1                 
 1000324  1000324        0     1                 
 1000324  1000324        0     1                 
 1000324  1000324       16     1                 memset
 1000328  1000328        0     1                 
 1000328  1000328        0     1                 
 100032a  100032a        0     1                 
 100032a  100032a        0     1                 .LBB1_2
 100032a  100032a        0     1                 
 100032e  100032e        0     1                 
 100032e  100032e        0     1                 
 1000332  1000332        0     1                 
 1000334  1000334        0     1                 
 1000334  1000334        0     1                 
 1000338  1000338        0     1                 .LBB1_3
 1000338  1000338        0     1                 
 1000338  1000338        0     1                 
 100033a  100033a        0     1                 
 100033a  100033a        0     1                 
 100033a  100033a        0     1                 
 100033a  100033a        0     1                 
 100033a  100033a        0     1                 
 100033a  100033a       1c     1                 memcpy
 100033e  100033e        0     1                 
 100033e  100033e        0     1                 
 1000340  1000340        0     1                 
 1000340  1000340        0     1                 .LBB2_2
 1000340  1000340        0     1                 
 1000344  1000344        0     1                 
 1000346  1000346        0     1                 
 100034a  100034a        0     1                 
 100034a  100034a        0     1                 
 100034e  100034e        0     1                 
 1000350  1000350        0     1                 
 1000350  1000350        0     1                 
 1000354  1000354        0     1                 .LBB2_3
 1000354  1000354        0     1                 
 1000354  1000354        0     1                 
 1000356  1000356        0     1                 
 1000356  1000356        0     1                 
 1000356  1000356        0     1                 
 1000356  1000356        0     1                 
 1000356  1000356        0     1                 
 1000356  1000356       24     1                 strcpy
 100035c  100035c        0     1                 
 1000360  1000360        0     1                 
 1000360  1000360        0     1                 
 1000362  1000362        0     1                 
 1000362  1000362        0     1                 .LBB3_2
 1000362  1000362        0     1                 
 1000366  1000366        0     1                 
 100036a  100036a        0     1                 
 100036e  100036e        0     1                 
 100036e  100036e        0     1                 
 1000370  1000370        0     1                 
 1000370  1000370        0     1                 
 1000372  1000372        0     1                 
 1000374  1000374        0     1                 .LBB3_3
 1000374  1000374        0     1                 
 1000374  1000374        0     1                 
 1000378  1000378        0     1                 
 100037a  100037a        0     1                 
 100037a  100037a        0     1                 
 100037a  100037a        0     1                 
 100037a  100037a        0     1                 
 100037a  100037a        0     1                 
 100037a  100037a       2e     1                 strcmp
 100037e  100037e        0     1                 
 1000380  1000380        0     1                 
 1000382  1000382        0     1                 
 1000382  1000382        0     1                 .LBB4_2
 1000382  1000382        0     1                 
 100038a  100038a        0     1                 
 100038e  100038e        0     1                 
 100038e  100038e        0     1                 
 1000392  1000392        0     1                 
 1000394  1000394        0     1                 
 1000396  1000396        0     1                 
 1000398  1000398        0     1                 .LBB4_4
 1000398  1000398        0     1                 
 100039e  100039e        0     1                 .LBB4_5
 100039e  100039e        0     1                 
 100039e  100039e        0     1                 
 10003a0  10003a0        0     1                 .LBB4_6
 10003a0  10003a0        0     1                 
 10003a0  10003a0        0     1                 
 10003a4  10003a4        0     1                 
 10003a4  10003a4        0     1                 
 10003a6  10003a6        0     1                 
 10003a8  10003a8        0     1                 
 10003a8  10003a8        0     1                 
 10003a8  10003a8       b4     4 .rodata
 10003a8  10003a8       b4     1         <internal>:(.rodata.str1.1)
 100045c  100045c    10004     4 .bss
 100045c  100045c        4     1         . = ALIGN ( 16 )
 1000460  1000460    10000     1         . += 64 * 1024
 1010460  1010460        0     1         __stack_top = .
 1010460  1010460        0     1         
       0        0      543     1 .debug_loc
       0        0       7c     1         /tmp/shell-e9833b.o:(.debug_loc)
       0        0        0     1                 
       0        0        0     1                 $d.2
      4b       4b        0     1                 
      69       69        0     1                 
      7c       7c      1dc     1         /tmp/user-eacd53.o:(.debug_loc)
      7c       7c        0     1                 
      7c       7c        0     1                 $d.2
      ad       ad        0     1                 
      d3       d3        0     1                 
      f9       f9        0     1                 
     11f      11f        0     1                 
     145      145        0     1                 
     16b      16b        0     1                 
     191      191        0     1                 
     1c2      1c2        0     1                 
     1df      1df        0     1                 
     1fa      1fa        0     1                 
     215      215        0     1                 
     230      230        0     1                 
     258      258      2eb     1         /tmp/common-f593ee.o:(.debug_loc)
     258      258        0     1                 
     258      258        0     1                 $d.2
     276      276        0     1                 
     294      294        0     1                 
     2b2      2b2        0     1                 
     2f3      2f3        0     1                 
     370      370        0     1                 
     383      383        0     1                 
     3e3      3e3        0     1                 
     40e      40e        0     1                 
     442      442        0     1                 
     457      457        0     1                 
     46a      46a        0     1                 
     49e      49e        0     1                 
     4b3      4b3        0     1                 
     4d1      4d1        0     1                 
     4fa      4fa        0     1                 
     530      530        0     1                 
       0        0      35f     1 .debug_abbrev
       0        0      103     1         /tmp/shell-e9833b.o:(.debug_abbrev)
       0        0        0     1                 $d.3
     103      103      134     1         /tmp/user-eacd53.o:(.debug_abbrev)
     103      103        0     1                 $d.3
     237      237      128     1         /tmp/common-f593ee.o:(.debug_abbrev)
     237      237        0     1                 $d.3
       0        0      97b     1 .debug_info
       0        0      31e     1         /tmp/shell-e9833b.o:(.debug_info)
       0        0        0     1                 $d.4
     31e      31e      332     1         /tmp/user-eacd53.o:(.debug_info)
     31e      31e        0     1                 $d.4
     650      650      32b     1         /tmp/common-f593ee.o:(.debug_info)
     650      650        0     1                 $d.4
       0        0      1ae     1 .debug_str
       0        0      1ae     1         <internal>:(.debug_str)
       0        0       42     1 .comment
       0        0       42     1         <internal>:(.comment)
       0        0       2b     1 .riscv.attributes
       0        0       2b     1         <internal>:(.riscv.attributes)
       0        0      140     4 .debug_frame
       0        0       38     4         /tmp/shell-e9833b.o:(.debug_frame)
       0        0        0     1                 
       0        0        0     1                 $d.8
      38       38       84     4         /tmp/user-eacd53.o:(.debug_frame)
      38       38        0     1                 
      38       38        0     1                 $d.9
      bc       bc       84     4         /tmp/common-f593ee.o:(.debug_frame)
      bc       bc        0     1                 
      bc       bc        0     1                 $d.9
       0        0      5de     1 .debug_line
       0        0      169     1         /tmp/shell-e9833b.o:(.debug_line)
       0        0        0     1                 .Lline_table_start0
       0        0        0     1                 $d.9
     169      169       a9     1         /tmp/user-eacd53.o:(.debug_line)
     169      169        0     1                 .Lline_table_start0
     169      169        0     1                 $d.10
     212      212      3cc     1         /tmp/common-f593ee.o:(.debug_line)
     212      212        0     1                 .Lline_table_start0
     212      212        0     1                 $d.10
       0        0       38     1 .debug_ranges
       0        0       20     1         /tmp/user-eacd53.o:(.debug_ranges)
       0        0        0     1                 
       0        0        0     1                 $d.5
      20       20       18     1         /tmp/common-f593ee.o:(.debug_ranges)
      20       20        0     1                 
      20       20        0     1                 $d.5
       0        0     1d60     4 .symtab
       0        0     1d60     4         <internal>:(.symtab)
       0        0       a0     1 .shstrtab
       0        0       a0     1         <internal>:(.shstrtab)
       0        0      125     1 .strtab
       0        0      125     1         <internal>:(.strtab)
