     VMA      LMA     Size Align Out     In      Symbol
       0        0  1000000     1 . = 0x1000000
 1000000  1000000      246     2 .text
 1000000  1000000        e     2         /tmp/user-e1cf64.o:(.text.start)
 1000000  1000000        0     1                 
 1000000  1000000        0     1                 
 1000000  1000000        0     1                 $x.1
 1000000  1000000        0     1                 
 1000000  1000000        e     1                 start
 100000e  100000e        0     1                 
 100000e  100000e        0     1                 
 100000e  100000e        e     2         /tmp/shell-772b6c.o:(.text)
 100000e  100000e        0     1                 
 100000e  100000e        0     1                 
 100000e  100000e        0     1                 $x.0
 100000e  100000e        0     1                 
 100000e  100000e        e     1                 main
 1000018  1000018        0     1                 
 100001a  100001a        0     1                 .LBB0_1
 100001a  100001a        0     1                 
 100001c  100001c        0     1                 
 100001c  100001c        0     1                 
 100001c  100001c        4     2         /tmp/user-e1cf64.o:(.text)
 100001c  100001c        0     1                 
 100001c  100001c        0     1                 
 100001c  100001c        0     1                 .LBB0_1
 100001c  100001c        0     1                 $x.0
 100001c  100001c        0     1                 
 100001c  100001c        2     1                 exit
 100001e  100001e        0     1                 
 100001e  100001e        0     1                 
 100001e  100001e        0     1                 
 100001e  100001e        0     1                 
 100001e  100001e        0     1                 
 100001e  100001e        2     1                 putchar
 1000020  1000020        0     1                 
 1000020  1000020      226     2         /tmp/common-e4695b.o:(.text)
 1000020  1000020        0     1                 
 1000020  1000020        0     1                 
 1000020  1000020        0     1                 $x.0
 1000020  1000020        0     1                 
 1000020  1000020      1a2     1                 printf
 100004e  100004e        0     1                 
 100007a  100007a        0     1                 .LBB0_1
 100007a  100007a        0     1                 
 100007e  100007e        0     1                 .LBB0_2
 100007e  100007e        0     1                 
 1000080  1000080        0     1                 .LBB0_3
 1000080  1000080        0     1                 
 1000084  1000084        0     1                 
 100008c  100008c        0     1                 .LBB0_5
 100008c  100008c        0     1                 
 100008e  100008e        0     1                 
 100008e  100008e        0     1                 
 1000090  1000090        0     1                 
 1000092  1000092        0     1                 .LBB0_6
 1000092  1000092        0     1                 
 1000096  1000096        0     1                 
 1000098  1000098        0     1                 
 10000a4  10000a4        0     1                 
 10000a4  10000a4        0     1                 
 10000b0  10000b0        0     1                 
 10000b0  10000b0        0     1                 
 10000b4  10000b4        0     1                 
 10000b4  10000b4        0     1                 
 10000b6  10000b6        0     1                 
 10000bc  10000bc        0     1                 .LBB0_11
 10000bc  10000bc        0     1                 
 10000bc  10000bc        0     1                 
 10000c4  10000c4        0     1                 
 10000c4  10000c4        0     1                 
 10000ce  10000ce        0     1                 
 10000ce  10000ce        0     1                 
 10000d2  10000d2        0     1                 
 10000d2  10000d2        0     1                 
 10000d4  10000d4        0     1                 
 10000d8  10000d8        0     1                 
 10000da  10000da        0     1                 
 10000da  10000da        0     1                 
 10000e0  10000e0        0     1                 
 10000e0  10000e0        0     1                 
 10000e2  10000e2        0     1                 
 10000e6  10000e6        0     1                 
 10000e8  10000e8        0     1                 
 10000e8  10000e8        0     1                 
 10000ee  10000ee        0     1                 
 10000ee  10000ee        0     1                 
 10000f0  10000f0        0     1                 
 10000f4  10000f4        0     1                 
 10000f6  10000f6        0     1                 
 10000f6  10000f6        0     1                 
 10000fc  10000fc        0     1                 
 10000fc  10000fc        0     1                 
 10000fe  10000fe        0     1                 
 1000102  1000102        0     1                 
 1000104  1000104        0     1                 
 1000104  1000104        0     1                 
 100010a  100010a        0     1                 
 100010a  100010a        0     1                 
 100010c  100010c        0     1                 
 1000110  1000110        0     1                 
 1000112  1000112        0     1                 
 1000112  1000112        0     1                 
 1000118  1000118        0     1                 
 1000118  1000118        0     1                 
 100011a  100011a        0     1                 
 100011e  100011e        0     1                 
 1000120  1000120        0     1                 
 1000120  1000120        0     1                 
 1000126  1000126        0     1                 
 1000126  1000126        0     1                 
 1000128  1000128        0     1                 
 100012c  100012c        0     1                 
 100012e  100012e        0     1                 
 100012e  100012e        0     1                 
 1000130  1000130        0     1                 
 1000130  1000130        0     1                 
 1000132  1000132        0     1                 
 1000136  1000136        0     1                 
 1000136  1000136        0     1                 
 1000138  1000138        0     1                 
 1000138  1000138        0     1                 
 100013a  100013a        0     1                 
 100013c  100013c        0     1                 .LBB0_14
 100013c  100013c        0     1                 
 100013c  100013c        0     1                 
 1000146  1000146        0     1                 
 1000146  1000146        0     1                 
 100014a  100014a        0     1                 
 1000150  1000150        0     1                 
 1000150  1000150        0     1                 .LBB0_16
 1000150  1000150        0     1                 
 1000156  1000156        0     1                 
 1000156  1000156        0     1                 
 100015a  100015a        0     1                 
 100015c  100015c        0     1                 
 1000160  1000160        0     1                 .LBB0_17
 1000160  1000160        0     1                 
 1000160  1000160        0     1                 
 1000166  1000166        0     1                 
 1000166  1000166        0     1                 
 100016a  100016a        0     1                 
 100016a  100016a        0     1                 
 100016c  100016c        0     1                 
 1000170  1000170        0     1                 .LBB0_18
 1000170  1000170        0     1                 
 1000172  1000172        0     1                 
 1000172  1000172        0     1                 .LBB0_19
 1000172  1000172        0     1                 
 1000176  1000176        0     1                 
 100017a  100017a        0     1                 
 100017e  100017e        0     1                 .LBB0_20
 100017e  100017e        0     1                 
 100017e  100017e        0     1                 
 1000180  1000180        0     1                 
 1000180  1000180        0     1                 
 1000184  1000184        0     1                 
 1000188  1000188        0     1                 
 100018e  100018e        0     1                 
 100018e  100018e        0     1                 
 1000192  1000192        0     1                 
 1000198  1000198        0     1                 
 1000198  1000198        0     1                 
 100019e  100019e        0     1                 .LBB0_21
 100019e  100019e        0     1                 
 100019e  100019e        0     1                 
 10001a4  10001a4        0     1                 .LBB0_22
 10001a4  10001a4        0     1                 
 10001a4  10001a4        0     1                 
 10001a8  10001a8        0     1                 
 10001be  10001be        0     1                 
 10001c2  10001c2        0     1                 
 10001c2  10001c2        0     1                 
 10001c2  10001c2        0     1                 
 10001c2  10001c2        0     1                 
 10001c2  10001c2        0     1                 
 10001c2  10001c2       16     1                 memset
 10001c6  10001c6        0     1                 
 10001c6  10001c6        0     1                 
 10001c8  10001c8        0     1                 
 10001c8  10001c8        0     1                 .LBB1_2
 10001c8  10001c8        0     1                 
 10001cc  10001cc        0     1                 
 10001cc  10001cc        0     1                 
 10001d0  10001d0        0     1                 
 10001d2  10001d2        0     1                 
 10001d2  10001d2        0     1                 
 10001d6  10001d6        0     1                 .LBB1_3
 10001d6  10001d6        0     1                 
 10001d6  10001d6        0     1                 
 10001d8  10001d8        0     1                 
 10001d8  10001d8        0     1                 
 10001d8  10001d8        0     1                 
 10001d8  10001d8        0     1                 
 10001d8  10001d8        0     1                 
 10001d8  10001d8       1c     1                 memcpy
 10001dc  10001dc        0     1                 
 10001dc  10001dc        0     1                 
 10001de  10001de        0     1                 
 10001de  10001de        0     1                 .LBB2_2
 10001de  10001de        0     1                 
 10001e2  10001e2        0     1                 
 10001e4  10001e4        0     1                 
 10001e8  10001e8        0     1                 
 10001e8  10001e8        0     1                 
 10001ec  10001ec        0     1                 
 10001ee  10001ee        0     1                 
 10001ee  10001ee        0     1                 
 10001f2  10001f2        0     1                 .LBB2_3
 10001f2  10001f2        0     1                 
 10001f2  10001f2        0     1                 
 10001f4  10001f4        0     1                 
 10001f4  10001f4        0     1                 
 10001f4  10001f4        0     1                 
 10001f4  10001f4        0     1                 
 10001f4  10001f4        0     1                 
 10001f4  10001f4       24     1                 strcpy
 10001fa  10001fa        0     1                 
 10001fe  10001fe        0     1                 
 10001fe  10001fe        0     1                 
 1000200  1000200        0     1                 
 1000200  1000200        0     1                 .LBB3_2
 1000200  1000200        0     1                 
 1000204  1000204        0     1                 
 1000208  1000208        0     1                 
 100020c  100020c        0     1                 
 100020c  100020c        0     1                 
 100020e  100020e        0     1                 
 100020e  100020e        0     1                 
 1000210  1000210        0     1                 
 1000212  1000212        0     1                 .LBB3_3
 1000212  1000212        0     1                 
 1000212  1000212        0     1                 
 1000216  1000216        0     1                 
 1000218  1000218        0     1                 
 1000218  1000218        0     1                 
 1000218  1000218        0     1                 
 1000218  1000218        0     1                 
 1000218  1000218        0     1                 
 1000218  1000218       2e     1                 strcmp
 100021c  100021c        0     1                 
 100021e  100021e        0     1                 
 1000220  1000220        0     1                 
 1000220  1000220        0     1                 .LBB4_2
 1000220  1000220        0     1                 
 1000228  1000228        0     1                 
 100022c  100022c        0     1                 
 100022c  100022c        0     1                 
 1000230  1000230        0     1                 
 1000232  1000232        0     1                 
 1000234  1000234        0     1                 
 1000236  1000236        0     1                 .LBB4_4
 1000236  1000236        0     1                 
 100023c  100023c        0     1                 .LBB4_5
 100023c  100023c        0     1                 
 100023c  100023c        0     1                 
 100023e  100023e        0     1                 .LBB4_6
 100023e  100023e        0     1                 
 100023e  100023e        0     1                 
 1000242  1000242        0     1                 
 1000242  1000242        0     1                 
 1000244  1000244        0     1                 
 1000246  1000246        0     1                 
 1000246  1000246        0     1                 
 1000248  1000248       11     4 .rodata
 1000248  1000248       11     1         <internal>:(.rodata.str1.1)
 100025c  100025c    10004     4 .bss
 100025c  100025c        4     1         . = ALIGN ( 16 )
 1000260  1000260    10000     1         . += 64 * 1024
 1010260  1010260        0     1         __stack_top = .
 1010260  1010260        0     1         
       0        0      1e6     1 .debug_abbrev
       0        0       45     1         /tmp/shell-772b6c.o:(.debug_abbrev)
       0        0        0     1                 $d.1
      45       45       79     1         /tmp/user-e1cf64.o:(.debug_abbrev)
      45       45        0     1                 $d.2
      be       be      128     1         /tmp/common-e4695b.o:(.debug_abbrev)
      be       be        0     1                 $d.3
       0        0      3e3     1 .debug_info
       0        0       49     1         /tmp/shell-772b6c.o:(.debug_info)
       0        0        0     1                 $d.2
      49       49       6f     1         /tmp/user-e1cf64.o:(.debug_info)
      49       49        0     1                 $d.3
      b8       b8      32b     1         /tmp/common-e4695b.o:(.debug_info)
      b8       b8        0     1                 $d.4
       0        0      14b     1 .debug_str
       0        0      14b     1         <internal>:(.debug_str)
       0        0       42     1 .comment
       0        0       42     1         <internal>:(.comment)
       0        0       2b     1 .riscv.attributes
       0        0       2b     1         <internal>:(.riscv.attributes)
       0        0       ec     4 .debug_frame
       0        0       24     4         /tmp/shell-772b6c.o:(.debug_frame)
       0        0        0     1                 
       0        0        0     1                 $d.6
      24       24       44     4         /tmp/user-e1cf64.o:(.debug_frame)
      24       24        0     1                 
      24       24        0     1                 $d.8
      68       68       84     4         /tmp/common-e4695b.o:(.debug_frame)
      68       68        0     1                 
      68       68        0     1                 $d.9
       0        0      46a     1 .debug_line
       0        0       48     1         /tmp/shell-772b6c.o:(.debug_line)
       0        0        0     1                 .Lline_table_start0
       0        0        0     1                 $d.7
      48       48       55     1         /tmp/user-e1cf64.o:(.debug_line)
      48       48        0     1                 .Lline_table_start0
      48       48        0     1                 $d.9
      9d       9d      3cd     1         /tmp/common-e4695b.o:(.debug_line)
      9d       9d        0     1                 .Lline_table_start0
      9d       9d        0     1                 $d.10
       0        0       30     1 .debug_ranges
       0        0       18     1         /tmp/user-e1cf64.o:(.debug_ranges)
       0        0        0     1                 
       0        0        0     1                 $d.4
      18       18       18     1         /tmp/common-e4695b.o:(.debug_ranges)
      18       18        0     1                 
      18       18        0     1                 $d.5
       0        0      2eb     1 .debug_loc
       0        0      2eb     1         /tmp/common-e4695b.o:(.debug_loc)
       0        0        0     1                 
       0        0        0     1                 $d.2
      1e       1e        0     1                 
      3c       3c        0     1                 
      5a       5a        0     1                 
      9b       9b        0     1                 
     118      118        0     1                 
     12b      12b        0     1                 
     18b      18b        0     1                 
     1b6      1b6        0     1                 
     1ea      1ea        0     1                 
     1ff      1ff        0     1                 
     212      212        0     1                 
     246      246        0     1                 
     25b      25b        0     1                 
     279      279        0     1                 
     2a2      2a2        0     1                 
     2d8      2d8        0     1                 
       0        0     14c0     4 .symtab
       0        0     14c0     4         <internal>:(.symtab)
       0        0       a0     1 .shstrtab
       0        0       a0     1         <internal>:(.shstrtab)
       0        0       f2     1 .strtab
       0        0       f2     1         <internal>:(.strtab)
