     VMA      LMA     Size Align Out     In      Symbol
       0        0  1000000     1 . = 0x1000000
 1000000  1000000      326     2 .text
 1000000  1000000        e     2         /tmp/user-13630f.o:(.text.start)
 1000000  1000000        0     1                 
 1000000  1000000        0     1                 
 1000000  1000000        0     1                 $x.1
 1000000  1000000        0     1                 
 1000000  1000000        e     1                 start
 100000e  100000e        0     1                 
 100000e  100000e        0     1                 
 100000e  100000e       b6     2         /tmp/shell-f8199a.o:(.text)
 100000e  100000e        0     1                 
 100000e  100000e        0     1                 
 100000e  100000e        0     1                 $x.0
 100000e  100000e        0     1                 
 100000e  100000e       b6     1                 main
 1000038  1000038        0     1                 .LBB0_1
 1000038  1000038        0     1                 
 100003a  100003a        0     1                 
 100003a  100003a        0     1                 
 100003e  100003e        0     1                 
 100003e  100003e        0     1                 
 1000040  1000040        0     1                 
 1000042  1000042        0     1                 
 1000046  1000046        0     1                 
 1000048  1000048        0     1                 
 1000048  1000048        0     1                 
 100004e  100004e        0     1                 
 100004e  100004e        0     1                 .LBB0_2
 100004e  100004e        0     1                 
 1000052  1000052        0     1                 
 1000056  1000056        0     1                 
 100005a  100005a        0     1                 
 100005a  100005a        0     1                 
 100005c  100005c        0     1                 
 100005e  100005e        0     1                 
 1000062  1000062        0     1                 
 1000064  1000064        0     1                 
 1000064  1000064        0     1                 
 1000068  1000068        0     1                 
 1000068  1000068        0     1                 
 100006a  100006a        0     1                 
 100006e  100006e        0     1                 .LBB0_5
 100006e  100006e        0     1                 
 100006e  100006e        0     1                 
 1000078  1000078        0     1                 
 1000078  1000078        0     1                 
 100007c  100007c        0     1                 
 100007c  100007c        0     1                 
 1000088  1000088        0     1                 
 1000088  1000088        0     1                 
 100008a  100008a        0     1                 
 100008a  100008a        0     1                 
 1000096  1000096        0     1                 
 1000096  1000096        0     1                 
 1000098  1000098        0     1                 
 10000a4  10000a4        0     1                 
 10000a4  10000a4        0     1                 
 10000a6  10000a6        0     1                 .LBB0_8
 10000a6  10000a6        0     1                 
 10000b0  10000b0        0     1                 .LBB0_9
 10000b0  10000b0        0     1                 
 10000b0  10000b0        0     1                 
 10000be  10000be        0     1                 
 10000c2  10000c2        0     1                 .LBB0_10
 10000c2  10000c2        0     1                 
 10000c4  10000c4        0     1                 
 10000c4  10000c4        0     1                 
 10000c4  10000c4        0     1                 
 10000c4  10000c4       38     2         /tmp/user-13630f.o:(.text)
 10000c4  10000c4        0     1                 
 10000c4  10000c4        0     1                 
 10000c4  10000c4        0     1                 $x.0
 10000c4  10000c4        0     1                 
 10000c4  10000c4       10     1                 syscall
 10000c6  10000c6        0     1                 
 10000d2  10000d2        0     1                 
 10000d4  10000d4        0     1                 
 10000d4  10000d4        0     1                 
 10000d4  10000d4        0     1                 
 10000d4  10000d4        0     1                 
 10000d4  10000d4        e     1                 exit
 10000e0  10000e0        0     1                 .LBB2_1
 10000e0  10000e0        0     1                 
 10000e2  10000e2        0     1                 
 10000e2  10000e2        0     1                 
 10000e2  10000e2        0     1                 
 10000e2  10000e2        0     1                 
 10000e2  10000e2        0     1                 
 10000e2  10000e2        c     1                 putchar
 10000ec  10000ec        0     1                 
 10000ec  10000ec        0     1                 
 10000ee  10000ee        0     1                 
 10000ee  10000ee        0     1                 
 10000ee  10000ee        0     1                 
 10000ee  10000ee        e     1                 getchar
 10000fa  10000fa        0     1                 
 10000fa  10000fa        0     1                 
 10000fc  10000fc        0     1                 
 10000fc  10000fc      22a     2         /tmp/common-977359.o:(.text)
 10000fc  10000fc        0     1                 
 10000fc  10000fc        0     1                 
 10000fc  10000fc        0     1                 $x.0
 10000fc  10000fc        0     1                 
 10000fc  10000fc      1a6     1                 printf
 100012a  100012a        0     1                 
 1000152  1000152        0     1                 .LBB0_1
 1000152  1000152        0     1                 
 1000156  1000156        0     1                 .LBB0_2
 1000156  1000156        0     1                 
 1000158  1000158        0     1                 .LBB0_3
 1000158  1000158        0     1                 
 100015c  100015c        0     1                 
 1000164  1000164        0     1                 .LBB0_5
 1000164  1000164        0     1                 
 1000166  1000166        0     1                 
 1000166  1000166        0     1                 
 1000168  1000168        0     1                 
 100016a  100016a        0     1                 .LBB0_6
 100016a  100016a        0     1                 
 100016e  100016e        0     1                 
 1000170  1000170        0     1                 
 1000180  1000180        0     1                 
 1000180  1000180        0     1                 
 100018c  100018c        0     1                 
 100018c  100018c        0     1                 
 1000190  1000190        0     1                 
 1000190  1000190        0     1                 
 1000192  1000192        0     1                 
 1000198  1000198        0     1                 .LBB0_11
 1000198  1000198        0     1                 
 1000198  1000198        0     1                 
 10001a0  10001a0        0     1                 
 10001a0  10001a0        0     1                 
 10001aa  10001aa        0     1                 
 10001aa  10001aa        0     1                 
 10001ae  10001ae        0     1                 
 10001ae  10001ae        0     1                 
 10001b0  10001b0        0     1                 
 10001b4  10001b4        0     1                 
 10001b6  10001b6        0     1                 
 10001b6  10001b6        0     1                 
 10001bc  10001bc        0     1                 
 10001bc  10001bc        0     1                 
 10001be  10001be        0     1                 
 10001c2  10001c2        0     1                 
 10001c4  10001c4        0     1                 
 10001c4  10001c4        0     1                 
 10001ca  10001ca        0     1                 
 10001ca  10001ca        0     1                 
 10001cc  10001cc        0     1                 
 10001d0  10001d0        0     1                 
 10001d2  10001d2        0     1                 
 10001d2  10001d2        0     1                 
 10001d8  10001d8        0     1                 
 10001d8  10001d8        0     1                 
 10001da  10001da        0     1                 
 10001de  10001de        0     1                 
 10001e0  10001e0        0     1                 
 10001e0  10001e0        0     1                 
 10001e6  10001e6        0     1                 
 10001e6  10001e6        0     1                 
 10001e8  10001e8        0     1                 
 10001ec  10001ec        0     1                 
 10001ee  10001ee        0     1                 
 10001ee  10001ee        0     1                 
 10001f4  10001f4        0     1                 
 10001f4  10001f4        0     1                 
 10001f6  10001f6        0     1                 
 10001fa  10001fa        0     1                 
 10001fc  10001fc        0     1                 
 10001fc  10001fc        0     1                 
 1000202  1000202        0     1                 
 1000202  1000202        0     1                 
 1000204  1000204        0     1                 
 1000208  1000208        0     1                 
 100020a  100020a        0     1                 
 100020a  100020a        0     1                 
 100020c  100020c        0     1                 
 100020c  100020c        0     1                 
 100020e  100020e        0     1                 
 1000212  1000212        0     1                 
 1000212  1000212        0     1                 
 1000214  1000214        0     1                 
 1000214  1000214        0     1                 
 1000216  1000216        0     1                 
 1000218  1000218        0     1                 .LBB0_14
 1000218  1000218        0     1                 
 1000218  1000218        0     1                 
 1000222  1000222        0     1                 
 1000222  1000222        0     1                 
 1000226  1000226        0     1                 
 100022c  100022c        0     1                 
 100022c  100022c        0     1                 .LBB0_16
 100022c  100022c        0     1                 
 1000232  1000232        0     1                 
 1000232  1000232        0     1                 
 1000236  1000236        0     1                 
 1000238  1000238        0     1                 
 100023c  100023c        0     1                 .LBB0_17
 100023c  100023c        0     1                 
 100023c  100023c        0     1                 
 1000242  1000242        0     1                 
 1000242  1000242        0     1                 
 1000246  1000246        0     1                 
 1000246  1000246        0     1                 
 1000248  1000248        0     1                 
 100024c  100024c        0     1                 .LBB0_18
 100024c  100024c        0     1                 
 100024e  100024e        0     1                 
 100024e  100024e        0     1                 .LBB0_19
 100024e  100024e        0     1                 
 1000252  1000252        0     1                 
 1000256  1000256        0     1                 
 100025a  100025a        0     1                 .LBB0_20
 100025a  100025a        0     1                 
 100025a  100025a        0     1                 
 100025c  100025c        0     1                 
 100025c  100025c        0     1                 
 1000260  1000260        0     1                 
 1000264  1000264        0     1                 
 100026a  100026a        0     1                 
 100026a  100026a        0     1                 
 1000272  1000272        0     1                 
 1000278  1000278        0     1                 
 1000278  1000278        0     1                 
 100027e  100027e        0     1                 .LBB0_21
 100027e  100027e        0     1                 
 100027e  100027e        0     1                 
 1000284  1000284        0     1                 .LBB0_22
 1000284  1000284        0     1                 
 1000284  1000284        0     1                 
 1000288  1000288        0     1                 
 100029e  100029e        0     1                 
 10002a2  10002a2        0     1                 
 10002a2  10002a2        0     1                 
 10002a2  10002a2        0     1                 
 10002a2  10002a2        0     1                 
 10002a2  10002a2        0     1                 
 10002a2  10002a2       16     1                 memset
 10002a6  10002a6        0     1                 
 10002a6  10002a6        0     1                 
 10002a8  10002a8        0     1                 
 10002a8  10002a8        0     1                 .LBB1_2
 10002a8  10002a8        0     1                 
 10002ac  10002ac        0     1                 
 10002ac  10002ac        0     1                 
 10002b0  10002b0        0     1                 
 10002b2  10002b2        0     1                 
 10002b2  10002b2        0     1                 
 10002b6  10002b6        0     1                 .LBB1_3
 10002b6  10002b6        0     1                 
 10002b6  10002b6        0     1                 
 10002b8  10002b8        0     1                 
 10002b8  10002b8        0     1                 
 10002b8  10002b8        0     1                 
 10002b8  10002b8        0     1                 
 10002b8  10002b8        0     1                 
 10002b8  10002b8       1c     1                 memcpy
 10002bc  10002bc        0     1                 
 10002bc  10002bc        0     1                 
 10002be  10002be        0     1                 
 10002be  10002be        0     1                 .LBB2_2
 10002be  10002be        0     1                 
 10002c2  10002c2        0     1                 
 10002c4  10002c4        0     1                 
 10002c8  10002c8        0     1                 
 10002c8  10002c8        0     1                 
 10002cc  10002cc        0     1                 
 10002ce  10002ce        0     1                 
 10002ce  10002ce        0     1                 
 10002d2  10002d2        0     1                 .LBB2_3
 10002d2  10002d2        0     1                 
 10002d2  10002d2        0     1                 
 10002d4  10002d4        0     1                 
 10002d4  10002d4        0     1                 
 10002d4  10002d4        0     1                 
 10002d4  10002d4        0     1                 
 10002d4  10002d4        0     1                 
 10002d4  10002d4       24     1                 strcpy
 10002da  10002da        0     1                 
 10002de  10002de        0     1                 
 10002de  10002de        0     1                 
 10002e0  10002e0        0     1                 
 10002e0  10002e0        0     1                 .LBB3_2
 10002e0  10002e0        0     1                 
 10002e4  10002e4        0     1                 
 10002e8  10002e8        0     1                 
 10002ec  10002ec        0     1                 
 10002ec  10002ec        0     1                 
 10002ee  10002ee        0     1                 
 10002ee  10002ee        0     1                 
 10002f0  10002f0        0     1                 
 10002f2  10002f2        0     1                 .LBB3_3
 10002f2  10002f2        0     1                 
 10002f2  10002f2        0     1                 
 10002f6  10002f6        0     1                 
 10002f8  10002f8        0     1                 
 10002f8  10002f8        0     1                 
 10002f8  10002f8        0     1                 
 10002f8  10002f8        0     1                 
 10002f8  10002f8        0     1                 
 10002f8  10002f8       2e     1                 strcmp
 10002fc  10002fc        0     1                 
 10002fe  10002fe        0     1                 
 1000300  1000300        0     1                 
 1000300  1000300        0     1                 .LBB4_2
 1000300  1000300        0     1                 
 1000308  1000308        0     1                 
 100030c  100030c        0     1                 
 100030c  100030c        0     1                 
 1000310  1000310        0     1                 
 1000312  1000312        0     1                 
 1000314  1000314        0     1                 
 1000316  1000316        0     1                 .LBB4_4
 1000316  1000316        0     1                 
 100031c  100031c        0     1                 .LBB4_5
 100031c  100031c        0     1                 
 100031c  100031c        0     1                 
 100031e  100031e        0     1                 .LBB4_6
 100031e  100031e        0     1                 
 100031e  100031e        0     1                 
 1000322  1000322        0     1                 
 1000322  1000322        0     1                 
 1000324  1000324        0     1                 
 1000326  1000326        0     1                 
 1000326  1000326        0     1                 
 1000328  1000328       80     4 .rodata
 1000328  1000328       80     1         <internal>:(.rodata.str1.1)
 10003a8  10003a8    10008     4 .bss
 10003a8  10003a8        8     1         . = ALIGN ( 16 )
 10003b0  10003b0    10000     1         . += 64 * 1024
 10103b0  10103b0        0     1         __stack_top = .
 10103b0  10103b0        0     1         
       0        0      4f7     1 .debug_loc
       0        0       66     1         /tmp/shell-f8199a.o:(.debug_loc)
       0        0        0     1                 
       0        0        0     1                 $d.2
      48       48        0     1                 
      66       66      1a6     1         /tmp/user-13630f.o:(.debug_loc)
      66       66        0     1                 
      66       66        0     1                 $d.2
      97       97        0     1                 
      bd       bd        0     1                 
      e3       e3        0     1                 
     109      109        0     1                 
     12f      12f        0     1                 
     155      155        0     1                 
     17b      17b        0     1                 
     1ac      1ac        0     1                 
     1c9      1c9        0     1                 
     1e4      1e4        0     1                 
     20c      20c      2eb     1         /tmp/common-977359.o:(.debug_loc)
     20c      20c        0     1                 
     20c      20c        0     1                 $d.2
     22a      22a        0     1                 
     248      248        0     1                 
     266      266        0     1                 
     2a7      2a7        0     1                 
     324      324        0     1                 
     337      337        0     1                 
     397      397        0     1                 
     3c2      3c2        0     1                 
     3f6      3f6        0     1                 
     40b      40b        0     1                 
     41e      41e        0     1                 
     452      452        0     1                 
     467      467        0     1                 
     485      485        0     1                 
     4ae      4ae        0     1                 
     4e4      4e4        0     1                 
       0        0      342     1 .debug_abbrev
       0        0      103     1         /tmp/shell-f8199a.o:(.debug_abbrev)
       0        0        0     1                 $d.3
     103      103      117     1         /tmp/user-13630f.o:(.debug_abbrev)
     103      103        0     1                 $d.3
     21a      21a      128     1         /tmp/common-977359.o:(.debug_abbrev)
     21a      21a        0     1                 $d.3
       0        0      768     1 .debug_info
       0        0      226     1         /tmp/shell-f8199a.o:(.debug_info)
       0        0        0     1                 $d.4
     226      226      217     1         /tmp/user-13630f.o:(.debug_info)
     226      226        0     1                 $d.4
     43d      43d      32b     1         /tmp/common-977359.o:(.debug_info)
     43d      43d        0     1                 $d.4
       0        0      18e     1 .debug_str
       0        0      18e     1         <internal>:(.debug_str)
       0        0       42     1 .comment
       0        0       42     1         <internal>:(.comment)
       0        0       2b     1 .riscv.attributes
       0        0       2b     1         <internal>:(.riscv.attributes)
       0        0      120     4 .debug_frame
       0        0       38     4         /tmp/shell-f8199a.o:(.debug_frame)
       0        0        0     1                 
       0        0        0     1                 $d.8
      38       38       64     4         /tmp/user-13630f.o:(.debug_frame)
      38       38        0     1                 
      38       38        0     1                 $d.9
      9c       9c       84     4         /tmp/common-977359.o:(.debug_frame)
      9c       9c        0     1                 
      9c       9c        0     1                 $d.9
       0        0      572     1 .debug_line
       0        0      117     1         /tmp/shell-f8199a.o:(.debug_line)
       0        0        0     1                 .Lline_table_start0
       0        0        0     1                 $d.9
     117      117       8f     1         /tmp/user-13630f.o:(.debug_line)
     117      117        0     1                 .Lline_table_start0
     117      117        0     1                 $d.10
     1a6      1a6      3cc     1         /tmp/common-977359.o:(.debug_line)
     1a6      1a6        0     1                 .Lline_table_start0
     1a6      1a6        0     1                 $d.10
       0        0       38     1 .debug_ranges
       0        0       20     1         /tmp/user-13630f.o:(.debug_ranges)
       0        0        0     1                 
       0        0        0     1                 $d.5
      20       20       18     1         /tmp/common-977359.o:(.debug_ranges)
      20       20        0     1                 
      20       20        0     1                 $d.5
       0        0     1ad0     4 .symtab
       0        0     1ad0     4         <internal>:(.symtab)
       0        0       a0     1 .shstrtab
       0        0       a0     1         <internal>:(.shstrtab)
       0        0      112     1 .strtab
       0        0      112     1         <internal>:(.strtab)
